<html>
<body>
<pre>
<h1>µVision Build Log</h1>
<h2>Tool Versions:</h2>
IDE-Version: µVision V5.17.0.0
Copyright (C) 2015 ARM Ltd and ARM Germany GmbH. All rights reserved.
License Information: iut cachan iut cachan Flex license: MDK-ARM Professional: 25 user(s) (mdk_pro) Support: Nov 2015
 
Tool Versions:
Toolchain:       MDK-ARM Professional: 25 user(s)  Version: 5.17
Toolchain Path:  C:\Keil_v5\ARM\ARMCC\Bin
C Compiler:      Armcc.exe V5.06 update 1 (build 61)
Assembler:       Armasm.exe V5.06 update 1 (build 61)
Linker/Locator:  ArmLink.exe V5.06 update 1 (build 61)
Library Manager: ArmAr.exe V5.06 update 1 (build 61)
Hex Converter:   FromElf.exe V5.06 update 1 (build 61)
CPU DLL:         SARMCM3.DLL V5.17
Dialog DLL:      DARMP1.DLL V1.25.0.0
Target DLL:      UL2CM3.DLL V1.156.1.0
Dialog DLL:      TARMP1.DLL V1.24.0.0
 
<h2>Project:</h2>
U:\S4\Nunchuck Envoie\CAN_IT2R.uvprojx
Project File Date:  03/25/2019

<h2>Output:</h2>
*** Using Compiler 'V5.06 update 1 (build 61)', folder: 'C:\Keil_v5\ARM\ARMCC\Bin'
Rebuild target 'Target 1'
compiling ADC.c...
compiling GPIO.c...
compiling PilotageEnvoie.c...
PilotageEnvoie.c(41): warning:  #167-D: argument of type "unsigned char *" is incompatible with parameter of type "const char *"
  	GLCD_DrawString(1,80,(unsigned char*)aff);
PilotageEnvoie.c(42): warning:  #1-D: last line of file ends without a newline
  }
PilotageEnvoie.c: 2 warnings, 0 errors
compiling GLCD_Fonts.c...
compiling Nunchuk.c...
Nunchuk.c(54): warning:  #167-D: argument of type "char *" is incompatible with parameter of type "uint8_t *"
  	Driver_I2C0.MasterReceive(composant, &read, 1, 
alse); // Lecture de data esclave : START + ADDR(R) + 1R_DATA + STOP
Nunchuk.c(108): warning:  #167-D: argument of type "char *" is incompatible with parameter of type "uint8_t *"
  	Driver_I2C0.MasterReceive(
LAVE_I2C_ADDR, read, 6, 
alse); // Lecture de data esclave : START + ADDR(R) + 1R_DATA + STOP
Nunchuk.c(128): warning:  #167-D: argument of type "char *" is incompatible with parameter of type "uint8_t *"
  	Driver_I2C0.MasterReceive(
LAVE_I2C_ADDR, read, 6, 
alse); // Lecture de data esclave : START + ADDR(R) + 1R_DATA + STOP
Nunchuk.c: 3 warnings, 0 errors
compiling baseCAN.c...
PilotageEnvoie.h(7): warning:  #1-D: last line of file ends without a newline
  void SendUARTCommande(char PositionX, char PositionY);
Nunchuk.h(9): warning:  #1-D: last line of file ends without a newline
  unsigned char JoystickY(void);
baseCAN.c(51): warning:  #167-D: argument of type "unsigned char *" is incompatible with parameter of type "const char *"
  		GLCD_DrawString(1,0,(unsigned char*)charX);
baseCAN.c(54): warning:  #167-D: argument of type "unsigned char *" is incompatible with parameter of type "const char *"
  		GLCD_DrawString(1,40,(unsigned char*)charY);
baseCAN.c(61): warning:  #111-D: statement is unreachable
  	return 0;
baseCAN.c(34): warning:  #177-D: variable "Ini" was declared but never referenced
  	  char charX[30], charY[30], Ini[30], CtrlX[30], CtrlY[30];
baseCAN.c(34): warning:  #177-D: variable "CtrlX" was declared but never referenced
  	  char charX[30], charY[30], Ini[30], CtrlX[30], CtrlY[30];
baseCAN.c(34): warning:  #177-D: variable "CtrlY" was declared but never referenced
  	  char charX[30], charY[30], Ini[30], CtrlX[30], CtrlY[30];
baseCAN.c(35): warning:  #177-D: variable "PosCtrlX" was declared but never referenced
  		double PosCtrlX, PosCtrlY;
baseCAN.c(35): warning:  #177-D: variable "PosCtrlY" was declared but never referenced
  		double PosCtrlX, PosCtrlY;
baseCAN.c: 10 warnings, 0 errors
compiling GLCD_MCB1700.c...
compiling RTX_Conf_CM.c...
compiling I2C_LPC17xx.c...
compiling SSP_LPC17xx.c...
compiling GPDMA_LPC17xx.c...
compiling UART_LPC17xx.c...
assembling startup_LPC17xx.s...
compiling GPIO_LPC17xx.c...
compiling PIN_LPC17xx.c...
compiling system_LPC17xx.c...
linking...
Program Size: Code=24576 RO-data=7372 RW-data=136 ZI-data=9016  
".\Objects\CAN_IT2R.axf" - 0 Error(s), 15 Warning(s).

<h2>Software Packages used:</h2>

Package Vendor: ARM
                http://www.keil.com/pack/ARM.CMSIS.5.2.0.pack
                ::CMSIS:RTOS:1.0.0 (API)
                CMSIS (Cortex Microcontroller Software Interface Standard)
   * Component: RTOS Version: 1.0.0
   * Component: USART Version: 2.3.0
   * Component: SPI Version: 2.2.0
   * Component: I2C Version: 2.3.0
   * Component: CORE Version: 5.0.2
   * Component: Keil RTX Version: 4.81.1

Package Vendor: Keil
                http://www.keil.com/pack/Keil.LPC1700_DFP.2.4.0.pack
                Keil::Device:Startup:1.0.0
                NXP LPC1700 Series Device Support, Drivers and Examples for MCB1700 and LPC1788-32
   * Component: Startup Version: 1.0.0
   * Component: PIN Version: 1.0.0
   * Component: GPIO Version: 1.1.0
   * Component: GPDMA Version: 1.2.0
   * Component: SSP Version: 2.7.0
   * Component: I2C Version: 2.4.0
   * Component: USART Version: 2.6.0
   * Component: Graphic LCD Version: 1.0.0

Package Vendor: Keil
                http://www.keil.com/pack/Keil.MDK-Middleware.7.0.0.pack
                ::Board Support:Graphic LCD:1.00 (API)
                Keil MDK-ARM Professional Middleware for ARM Cortex-M based devices
   * Component: Graphic LCD Version: 1.00

<h2>Collection of Component include folders:</h2>
  U:\S4\Nunchuck Envoie\RTE
  U:\S4\Nunchuck Envoie\RTE\Device\LPC1768
  C:\Keil_v5\ARM\PACK\ARM\CMSIS\5.2.0\CMSIS\Driver\Include
  C:\Keil_v5\ARM\PACK\ARM\CMSIS\5.2.0\CMSIS\Include
  C:\Keil_v5\ARM\PACK\ARM\CMSIS\5.2.0\CMSIS\RTOS\RTX\INC
  C:\Keil_v5\ARM\PACK\Keil\LPC1700_DFP\2.4.0\Boards\Keil\MCB1700\Common
  C:\Keil_v5\ARM\PACK\Keil\LPC1700_DFP\2.4.0\Device\Include
  C:\Keil_v5\ARM\PACK\Keil\LPC1700_DFP\2.4.0\RTE_Driver
  C:\Keil_v5\ARM\PACK\Keil\MDK-Middleware\7.0.0\Board

<h2>Collection of Component Files used:</h2>

   * Component: ::CMSIS:RTOS:1.0.0 (API)

   * Component: ::CMSIS Driver:USART:2.3.0 (API)
      Include file:  CMSIS\Driver\Include\Driver_USART.h

   * Component: ::CMSIS Driver:SPI:2.2.0 (API)
      Include file:  CMSIS\Driver\Include\Driver_SPI.h

   * Component: ::CMSIS Driver:I2C:2.3.0 (API)
      Include file:  CMSIS\Driver\Include\Driver_I2C.h

   * Component: ARM::CMSIS:CORE:5.0.2

   * Component: ARM::CMSIS:RTOS:Keil RTX:4.81.1
      Include file:  CMSIS\RTOS\RTX\INC\cmsis_os.h
      Source file:   CMSIS\RTOS\RTX\Templates\RTX_Conf_CM.c
      Include file:  CMSIS\RTOS\RTX\UserCodeTemplates\osObjects.h
      Source file:   CMSIS\RTOS\RTX\UserCodeTemplates\main.c
      Source file:   CMSIS\RTOS\RTX\UserCodeTemplates\MailQueue.c
      Source file:   CMSIS\RTOS\RTX\UserCodeTemplates\MemPool.c
      Source file:   CMSIS\RTOS\RTX\UserCodeTemplates\MsgQueue.c
      Source file:   CMSIS\RTOS\RTX\UserCodeTemplates\Mutex.c
      Source file:   CMSIS\RTOS\RTX\UserCodeTemplates\Semaphore.c
      Source file:   CMSIS\RTOS\RTX\UserCodeTemplates\Thread.c
      Source file:   CMSIS\RTOS\RTX\UserCodeTemplates\Timer.c
      Source file:   CMSIS\RTOS\RTX\SRC\ARM\SVC_Table.s
      Library file:  CMSIS\RTOS\RTX\LIB\ARM\RTX_CM3.lib

   * Component: Keil::Device:Startup:1.0.0
      Include file:  Device\Include\LPC17xx.h
      Source file:   Device\Source\ARM\startup_LPC17xx.s
      Source file:   Device\Source\system_LPC17xx.c
      Include file:  RTE_Driver\Config\RTE_Device.h

   * Component: Keil::Device:PIN:1.0.0
      Include file:  RTE_Driver\PIN_LPC17xx.h
      Source file:   RTE_Driver\PIN_LPC17xx.c

   * Component: Keil::Device:GPIO:1.1.0
      Include file:  RTE_Driver\GPIO_LPC17xx.h
      Source file:   RTE_Driver\GPIO_LPC17xx.c

   * Component: Keil::Device:GPDMA:1.2.0
      Include file:  RTE_Driver\GPDMA_LPC17xx.h
      Source file:   RTE_Driver\GPDMA_LPC17xx.c

   * Component: Keil::CMSIS Driver:SPI:SSP:2.7.0
      Source file:   RTE_Driver\SSP_LPC17xx.c

   * Component: Keil::CMSIS Driver:I2C:2.4.0
      Source file:   RTE_Driver\I2C_LPC17xx.c

   * Component: Keil::CMSIS Driver:USART:2.6.0
      Source file:   RTE_Driver\UART_LPC17xx.c

   * Component: Keil.MCB1700::Board Support:Graphic LCD:1.0.0
      Include file:  Boards\Keil\MCB1700\Common\GLCD_Config.h
      Source file:   Boards\Keil\MCB1700\Common\GLCD_Fonts.c
      Source file:   Boards\Keil\MCB1700\Common\GLCD_MCB1700.c

   * Component: ::Board Support:Graphic LCD:1.00 (API)
      Include file:  Board\Board_GLCD.h
Build Time Elapsed:  00:00:05
</pre>
</body>
</html>
