Component: ARM Compiler 5.06 update 1 (build 61) Tool: armlink [4d35a8]

==============================================================================

Section Cross References

    adc.o(i.ADC_GetCnv) refers to adc.o(.data) for AD_last
    gpio.o(i.Ecriture_GPIO2) refers to gpio.o(i.Allumer_1LED) for Allumer_1LED
    gpio.o(i.Ecriture_GPIO2) refers to gpio.o(i.Eteindre_1LED) for Eteindre_1LED
    pilotageenvoie.o(i.Init_UART) refers to uart_lpc17xx.o(.constdata) for Driver_USART1
    pilotageenvoie.o(i.SendUARTCommande) refers to _printf_percent.o(.ARM.Collect$$_printf_percent$$00000000) for _printf_percent
    pilotageenvoie.o(i.SendUARTCommande) refers to _printf_d.o(.ARM.Collect$$_printf_percent$$00000009) for _printf_d
    pilotageenvoie.o(i.SendUARTCommande) refers to _printf_dec.o(.text) for _printf_int_dec
    pilotageenvoie.o(i.SendUARTCommande) refers to noretval__2sprintf.o(.text) for __2sprintf
    pilotageenvoie.o(i.SendUARTCommande) refers to glcd_mcb1700.o(i.GLCD_DrawString) for GLCD_DrawString
    pilotageenvoie.o(i.SendUARTCommande) refers to pilotageenvoie.o(.data) for cpt
    pilotageenvoie.o(i.SendUARTCommande) refers to uart_lpc17xx.o(.constdata) for Driver_USART1
    basecan.o(i.main) refers to _printf_percent.o(.ARM.Collect$$_printf_percent$$00000000) for _printf_percent
    basecan.o(i.main) refers to _printf_x.o(.ARM.Collect$$_printf_percent$$0000000C) for _printf_x
    basecan.o(i.main) refers to _printf_hex_int.o(.text) for _printf_longlong_hex
    basecan.o(i.main) refers to glcd_mcb1700.o(i.GLCD_Initialize) for GLCD_Initialize
    basecan.o(i.main) refers to glcd_mcb1700.o(i.GLCD_ClearScreen) for GLCD_ClearScreen
    basecan.o(i.main) refers to glcd_mcb1700.o(i.GLCD_SetFont) for GLCD_SetFont
    basecan.o(i.main) refers to nunchuk.o(i.Init_I2C) for Init_I2C
    basecan.o(i.main) refers to pilotageenvoie.o(i.Init_UART) for Init_UART
    basecan.o(i.main) refers to nunchuk.o(i.JoystickX) for JoystickX
    basecan.o(i.main) refers to nunchuk.o(i.JoystickY) for JoystickY
    basecan.o(i.main) refers to noretval__2sprintf.o(.text) for __2sprintf
    basecan.o(i.main) refers to glcd_mcb1700.o(i.GLCD_DrawString) for GLCD_DrawString
    basecan.o(i.main) refers to pilotageenvoie.o(i.SendUARTCommande) for SendUARTCommande
    basecan.o(i.main) refers to glcd_fonts.o(.constdata) for GLCD_Font_16x24
    nunchuk.o(i.Init_I2C) refers to nunchuk.o(i.__NVIC_SetPriority) for __NVIC_SetPriority
    nunchuk.o(i.Init_I2C) refers to nunchuk.o(i.write1byte) for write1byte
    nunchuk.o(i.Init_I2C) refers to i2c_lpc17xx.o(.constdata) for Driver_I2C0
    nunchuk.o(i.JoystickX) refers to i2c_lpc17xx.o(.constdata) for Driver_I2C0
    nunchuk.o(i.JoystickY) refers to i2c_lpc17xx.o(.constdata) for Driver_I2C0
    nunchuk.o(i.read1byte) refers to i2c_lpc17xx.o(.constdata) for Driver_I2C0
    nunchuk.o(i.write1byte) refers to i2c_lpc17xx.o(.constdata) for Driver_I2C0
    nunchuk.o(i.zero_data_request) refers to i2c_lpc17xx.o(.constdata) for Driver_I2C0
    glcd_mcb1700.o(i.GLCD_ClearScreen) refers to glcd_mcb1700.o(i.GLCD_WindowMax) for GLCD_WindowMax
    glcd_mcb1700.o(i.GLCD_ClearScreen) refers to glcd_mcb1700.o(i.wr_cmd) for wr_cmd
    glcd_mcb1700.o(i.GLCD_ClearScreen) refers to glcd_mcb1700.o(i.wr_dat_start) for wr_dat_start
    glcd_mcb1700.o(i.GLCD_ClearScreen) refers to glcd_mcb1700.o(i.wr_dat_only) for wr_dat_only
    glcd_mcb1700.o(i.GLCD_ClearScreen) refers to glcd_mcb1700.o(i.wr_dat_stop) for wr_dat_stop
    glcd_mcb1700.o(i.GLCD_ClearScreen) refers to glcd_mcb1700.o(.data) for background_color
    glcd_mcb1700.o(i.GLCD_DrawBargraph) refers to glcd_mcb1700.o(i.GLCD_SetWindow) for GLCD_SetWindow
    glcd_mcb1700.o(i.GLCD_DrawBargraph) refers to glcd_mcb1700.o(i.wr_cmd) for wr_cmd
    glcd_mcb1700.o(i.GLCD_DrawBargraph) refers to glcd_mcb1700.o(i.wr_dat_start) for wr_dat_start
    glcd_mcb1700.o(i.GLCD_DrawBargraph) refers to glcd_mcb1700.o(i.wr_dat_only) for wr_dat_only
    glcd_mcb1700.o(i.GLCD_DrawBargraph) refers to glcd_mcb1700.o(i.wr_dat_stop) for wr_dat_stop
    glcd_mcb1700.o(i.GLCD_DrawBargraph) refers to glcd_mcb1700.o(.data) for background_color
    glcd_mcb1700.o(i.GLCD_DrawBitmap) refers to glcd_mcb1700.o(i.GLCD_SetWindow) for GLCD_SetWindow
    glcd_mcb1700.o(i.GLCD_DrawBitmap) refers to glcd_mcb1700.o(i.wr_cmd) for wr_cmd
    glcd_mcb1700.o(i.GLCD_DrawBitmap) refers to glcd_mcb1700.o(i.wr_dat_start) for wr_dat_start
    glcd_mcb1700.o(i.GLCD_DrawBitmap) refers to glcd_mcb1700.o(i.wr_dat_only) for wr_dat_only
    glcd_mcb1700.o(i.GLCD_DrawBitmap) refers to glcd_mcb1700.o(i.wr_dat_stop) for wr_dat_stop
    glcd_mcb1700.o(i.GLCD_DrawChar) refers to glcd_mcb1700.o(i.GLCD_SetWindow) for GLCD_SetWindow
    glcd_mcb1700.o(i.GLCD_DrawChar) refers to glcd_mcb1700.o(i.wr_cmd) for wr_cmd
    glcd_mcb1700.o(i.GLCD_DrawChar) refers to glcd_mcb1700.o(i.wr_dat_start) for wr_dat_start
    glcd_mcb1700.o(i.GLCD_DrawChar) refers to glcd_mcb1700.o(i.wr_dat_only) for wr_dat_only
[...]
    USART_PowerControl                       0x00004025   Thumb Code   584  uart_lpc17xx.o(i.USART_PowerControl)
    i.USART_Receive                          0x00004270   Section        0  uart_lpc17xx.o(i.USART_Receive)
    USART_Receive                            0x00004271   Thumb Code   272  uart_lpc17xx.o(i.USART_Receive)
    i.USART_RxLineIntHandler                 0x00004380   Section        0  uart_lpc17xx.o(i.USART_RxLineIntHandler)
    USART_RxLineIntHandler                   0x00004381   Thumb Code   104  uart_lpc17xx.o(i.USART_RxLineIntHandler)
    i.USART_Send                             0x000043e8   Section        0  uart_lpc17xx.o(i.USART_Send)
    USART_Send                               0x000043e9   Thumb Code   412  uart_lpc17xx.o(i.USART_Send)
    i.USART_SetBaudrate                      0x00004584   Section        0  uart_lpc17xx.o(i.USART_SetBaudrate)
    i.USART_SetModemControl                  0x000046b8   Section        0  uart_lpc17xx.o(i.USART_SetModemControl)
    USART_SetModemControl                    0x000046b9   Thumb Code   160  uart_lpc17xx.o(i.USART_SetModemControl)
    i.USART_Transfer                         0x00004758   Section        0  uart_lpc17xx.o(i.USART_Transfer)
    USART_Transfer                           0x00004759   Thumb Code   122  uart_lpc17xx.o(i.USART_Transfer)
    i.USART_Uninitialize                     0x000047d2   Section        0  uart_lpc17xx.o(i.USART_Uninitialize)
    USART_Uninitialize                       0x000047d3   Thumb Code   226  uart_lpc17xx.o(i.USART_Uninitialize)
    i.USARTx_GetVersion                      0x000048b4   Section        0  uart_lpc17xx.o(i.USARTx_GetVersion)
    USARTx_GetVersion                        0x000048b5   Thumb Code    10  uart_lpc17xx.o(i.USARTx_GetVersion)
    i.__NVIC_ClearPendingIRQ                 0x000048c4   Section        0  i2c_lpc17xx.o(i.__NVIC_ClearPendingIRQ)
    __NVIC_ClearPendingIRQ                   0x000048c5   Thumb Code    22  i2c_lpc17xx.o(i.__NVIC_ClearPendingIRQ)
    i.__NVIC_ClearPendingIRQ                 0x000048e0   Section        0  ssp_lpc17xx.o(i.__NVIC_ClearPendingIRQ)
    __NVIC_ClearPendingIRQ                   0x000048e1   Thumb Code    22  ssp_lpc17xx.o(i.__NVIC_ClearPendingIRQ)
    i.__NVIC_ClearPendingIRQ                 0x000048fc   Section        0  uart_lpc17xx.o(i.__NVIC_ClearPendingIRQ)
    __NVIC_ClearPendingIRQ                   0x000048fd   Thumb Code    22  uart_lpc17xx.o(i.__NVIC_ClearPendingIRQ)
    i.__NVIC_ClearPendingIRQ                 0x00004918   Section        0  gpdma_lpc17xx.o(i.__NVIC_ClearPendingIRQ)
    __NVIC_ClearPendingIRQ                   0x00004919   Thumb Code    22  gpdma_lpc17xx.o(i.__NVIC_ClearPendingIRQ)
    i.__NVIC_DisableIRQ                      0x00004934   Section        0  i2c_lpc17xx.o(i.__NVIC_DisableIRQ)
    __NVIC_DisableIRQ                        0x00004935   Thumb Code    54  i2c_lpc17xx.o(i.__NVIC_DisableIRQ)
    i.__NVIC_EnableIRQ                       0x00004970   Section        0  i2c_lpc17xx.o(i.__NVIC_EnableIRQ)
    __NVIC_EnableIRQ                         0x00004971   Thumb Code    26  i2c_lpc17xx.o(i.__NVIC_EnableIRQ)
    i.__NVIC_SetPriority                     0x0000498c   Section        0  nunchuk.o(i.__NVIC_SetPriority)
    __NVIC_SetPriority                       0x0000498d   Thumb Code    32  nunchuk.o(i.__NVIC_SetPriority)
    i._init_box                              0x000049b4   Section        0  rt_membox.o(i._init_box)
    i._mutex_acquire                         0x000049fc   Section        0  rtx_conf_cm.o(i._mutex_acquire)
    __tagsym$$used                           0x000049fd   Number         0  rtx_conf_cm.o(i._mutex_acquire)
    i._mutex_release                         0x00004a1c   Section        0  rtx_conf_cm.o(i._mutex_release)
    __tagsym$$used                           0x00004a1d   Number         0  rtx_conf_cm.o(i._mutex_release)
    i.dbg_init                               0x00004a38   Section        0  hal_cm.o(i.dbg_init)
    i.dbg_task_notify                        0x00004a68   Section        0  hal_cm.o(i.dbg_task_notify)
    i.dbg_task_switch                        0x00004a88   Section        0  hal_cm.o(i.dbg_task_switch)
    i.delay_ms                               0x00004a98   Section        0  glcd_mcb1700.o(i.delay_ms)
    delay_ms                                 0x00004a99   Thumb Code    38  glcd_mcb1700.o(i.delay_ms)
    i.isrMessageGet                          0x00004ac4   Section        0  rt_cmsis.o(i.isrMessageGet)
    i.isrMessagePut                          0x00004aee   Section        0  rt_cmsis.o(i.isrMessagePut)
    i.isr_mbx_receive                        0x00004b1c   Section        0  rt_mailbox.o(i.isr_mbx_receive)
    i.isr_mbx_send                           0x00004b72   Section        0  rt_mailbox.o(i.isr_mbx_send)
    i.main                                   0x00004b80   Section        0  basecan.o(i.main)
    i.osKernelInitialize                     0x00004c04   Section        0  rt_cmsis.o(i.osKernelInitialize)
    i.osKernelStart                          0x00004c28   Section        0  rt_cmsis.o(i.osKernelStart)
    i.osMessageGet                           0x00004c94   Section        0  rt_cmsis.o(i.osMessageGet)
    i.osThreadCreate                         0x00004cac   Section        0  rt_cmsis.o(i.osThreadCreate)
    i.osThreadExit                           0x00004cd8   Section        0  rt_cmsis.o(i.osThreadExit)
    i.osTimerCall                            0x00004cf0   Section        0  rt_cmsis.o(i.osTimerCall)
    i.osTimerThread                          0x00004cfc   Section        0  rt_cmsis.o(i.osTimerThread)
    i.os_error                               0x00004d28   Section        0  rtx_conf_cm.o(i.os_error)
    i.os_idle_demon                          0x00004d4a   Section        0  rtx_conf_cm.o(i.os_idle_demon)
    i.os_tick_init                           0x00004d50   Section        0  rt_system.o(i.os_tick_init)
    i.os_tick_irqack                         0x00004d78   Section        0  rt_system.o(i.os_tick_irqack)
    i.rd_dat                                 0x00004d7c   Section        0  glcd_mcb1700.o(i.rd_dat)
    rd_dat                                   0x00004d7d   Thumb Code    64  glcd_mcb1700.o(i.rd_dat)
    i.rd_id_man                              0x00004dc0   Section        0  glcd_mcb1700.o(i.rd_id_man)
    rd_id_man                                0x00004dc1   Thumb Code   196  glcd_mcb1700.o(i.rd_id_man)
    i.rd_reg                                 0x00004e88   Section        0  glcd_mcb1700.o(i.rd_reg)
    rd_reg                                   0x00004e89   Thumb Code    16  glcd_mcb1700.o(i.rd_reg)
    i.rt_alloc_box                           0x00004e98   Section        0  rt_membox.o(i.rt_alloc_box)
    i.rt_alloc_mem                           0x00004eb2   Section        0  rt_memory.o(i.rt_alloc_mem)
    i.rt_block                               0x00004ef0   Section        0  rt_task.o(i.rt_block)
    i.rt_chk_robin                           0x00004f28   Section        0  rt_robin.o(i.rt_chk_robin)
    i.rt_dec_dly                             0x00004f70   Section        0  rt_list.o(i.rt_dec_dly)
    i.rt_dispatch                            0x00004fe0   Section        0  rt_task.o(i.rt_dispatch)
    i.rt_evt_psh                             0x00005024   Section        0  rt_event.o(i.rt_evt_psh)
    i.rt_free_box                            0x00005074   Section        0  rt_membox.o(i.rt_free_box)
    i.rt_free_mem                            0x000050a0   Section        0  rt_memory.o(i.rt_free_mem)
    i.rt_get_first                           0x000050c8   Section        0  rt_list.o(i.rt_get_first)
    i.rt_id2obj                              0x000050f0   Section        0  rt_cmsis.o(i.rt_id2obj)
    rt_id2obj                                0x000050f1   Thumb Code     8  rt_cmsis.o(i.rt_id2obj)
    i.rt_init_context                        0x000050f8   Section        0  rt_task.o(i.rt_init_context)
    rt_init_context                          0x000050f9   Thumb Code    66  rt_task.o(i.rt_init_context)
    i.rt_init_mem                            0x00005140   Section        0  rt_memory.o(i.rt_init_mem)
    i.rt_init_robin                          0x0000515c   Section        0  rt_robin.o(i.rt_init_robin)
    i.rt_init_stack                          0x00005174   Section        0  hal_cm.o(i.rt_init_stack)
    i.rt_mbx_check                           0x000051f4   Section        0  rt_mailbox.o(i.rt_mbx_check)
    i.rt_mbx_init                            0x000051fc   Section        0  rt_mailbox.o(i.rt_mbx_init)
    i.rt_mbx_psh                             0x00005218   Section        0  rt_mailbox.o(i.rt_mbx_psh)
    i.rt_mbx_wait                            0x00005308   Section        0  rt_mailbox.o(i.rt_mbx_wait)
    i.rt_ms2tick                             0x000053bc   Section        0  rt_cmsis.o(i.rt_ms2tick)
    rt_ms2tick                               0x000053bd   Thumb Code    58  rt_cmsis.o(i.rt_ms2tick)
    i.rt_mut_release                         0x00005400   Section        0  rt_mutex.o(i.rt_mut_release)
    i.rt_mut_wait                            0x000054d8   Section        0  rt_mutex.o(i.rt_mut_wait)
    i.rt_pop_req                             0x00005550   Section        0  rt_system.o(i.rt_pop_req)
    i.rt_psh_req                             0x000055cc   Section        0  rt_system.o(i.rt_psh_req)
    i.rt_psq_enq                             0x000055ec   Section        0  rt_list.o(i.rt_psq_enq)
    i.rt_put_dly                             0x00005648   Section        0  rt_list.o(i.rt_put_dly)
    i.rt_put_prio                            0x00005690   Section        0  rt_list.o(i.rt_put_prio)
    i.rt_put_rdy_first                       0x000056c8   Section        0  rt_list.o(i.rt_put_rdy_first)
    i.rt_resort_prio                         0x000056dc   Section        0  rt_list.o(i.rt_resort_prio)
    i.rt_ret_val                             0x00005710   Section        0  hal_cm.o(i.rt_ret_val)
    i.rt_ret_val2                            0x00005716   Section        0  hal_cm.o(i.rt_ret_val2)
    i.rt_rmv_dly                             0x0000571e   Section        0  rt_list.o(i.rt_rmv_dly)
    i.rt_rmv_list                            0x00005748   Section        0  rt_list.o(i.rt_rmv_list)
    i.rt_sem_psh                             0x00005778   Section        0  rt_semaphore.o(i.rt_sem_psh)
    i.rt_stk_check                           0x000057ac   Section        0  rt_system.o(i.rt_stk_check)
    i.rt_switch_req                          0x000057d0   Section        0  rt_task.o(i.rt_switch_req)
    i.rt_sys_init                            0x000057f8   Section        0  rt_task.o(i.rt_sys_init)
    i.rt_sys_start                           0x000058c4   Section        0  rt_task.o(i.rt_sys_start)
    i.rt_systick                             0x0000593c   Section        0  rt_system.o(i.rt_systick)
    i.rt_tid2ptcb                            0x0000597c   Section        0  rt_cmsis.o(i.rt_tid2ptcb)
    rt_tid2ptcb                              0x0000597d   Thumb Code    18  rt_cmsis.o(i.rt_tid2ptcb)
    i.rt_timer_insert                        0x00005990   Section        0  rt_cmsis.o(i.rt_timer_insert)
    rt_timer_insert                          0x00005991   Thumb Code    48  rt_cmsis.o(i.rt_timer_insert)
    i.rt_tsk_create                          0x000059c4   Section        0  rt_task.o(i.rt_tsk_create)
    i.rt_tsk_delete                          0x00005a4c   Section        0  rt_task.o(i.rt_tsk_delete)
    i.rt_tsk_prio                            0x00005bc8   Section        0  rt_task.o(i.rt_tsk_prio)
    i.rt_tsk_self                            0x00005c44   Section        0  rt_task.o(i.rt_tsk_self)
    i.spi_tran                               0x00005c54   Section        0  glcd_mcb1700.o(i.spi_tran)
    spi_tran                                 0x00005c55   Thumb Code    40  glcd_mcb1700.o(i.spi_tran)
    i.spi_tran_man                           0x00005c80   Section        0  glcd_mcb1700.o(i.spi_tran_man)
    spi_tran_man                             0x00005c81   Thumb Code   132  glcd_mcb1700.o(i.spi_tran_man)
    i.svcKernelInitialize                    0x00005d08   Section        0  rt_cmsis.o(i.svcKernelInitialize)
    i.svcKernelStart                         0x00005d78   Section        0  rt_cmsis.o(i.svcKernelStart)
    i.svcMessageCreate                       0x00005dc0   Section        0  rt_cmsis.o(i.svcMessageCreate)
    i.svcMessageGet                          0x00005de4   Section        0  rt_cmsis.o(i.svcMessageGet)
    i.svcThreadCreate                        0x00005e20   Section        0  rt_cmsis.o(i.svcThreadCreate)
    i.svcThreadGetId                         0x00005e8c   Section        0  rt_cmsis.o(i.svcThreadGetId)
    i.svcThreadTerminate                     0x00005ea8   Section        0  rt_cmsis.o(i.svcThreadTerminate)
    i.svcTimerCall                           0x00005ee0   Section        0  rt_cmsis.o(i.svcTimerCall)
    i.sysTimerTick                           0x00005ef8   Section        0  rt_cmsis.o(i.sysTimerTick)
    i.wr_cmd                                 0x00005f54   Section        0  glcd_mcb1700.o(i.wr_cmd)
    wr_cmd                                   0x00005f55   Thumb Code    70  glcd_mcb1700.o(i.wr_cmd)
    i.wr_dat_only                            0x00005fa0   Section        0  glcd_mcb1700.o(i.wr_dat_only)
    wr_dat_only                              0x00005fa1   Thumb Code    46  glcd_mcb1700.o(i.wr_dat_only)
    i.wr_dat_start                           0x00005fd4   Section        0  glcd_mcb1700.o(i.wr_dat_start)
    wr_dat_start                             0x00005fd5   Thumb Code    20  glcd_mcb1700.o(i.wr_dat_start)
    i.wr_dat_stop                            0x00005fec   Section        0  glcd_mcb1700.o(i.wr_dat_stop)
    wr_dat_stop                              0x00005fed   Thumb Code    14  glcd_mcb1700.o(i.wr_dat_stop)
    i.wr_reg                                 0x00006000   Section        0  glcd_mcb1700.o(i.wr_reg)
    wr_reg                                   0x00006001   Thumb Code   140  glcd_mcb1700.o(i.wr_reg)
    i.write1byte                             0x00006090   Section        0  nunchuk.o(i.write1byte)
    .constdata                               0x000060cc   Section     6304  glcd_fonts.o(.constdata)
    Font_6x8_h                               0x000060cc   Data         896  glcd_fonts.o(.constdata)
    Font_16x24_h                             0x0000644c   Data        5376  glcd_fonts.o(.constdata)
    .constdata                               0x0000796c   Section      104  rtx_conf_cm.o(.constdata)
    __tagsym$$used                           0x00007988   Number         0  rtx_conf_cm.o(.constdata)
    __tagsym$$used                           0x0000798c   Number         0  rtx_conf_cm.o(.constdata)
    __tagsym$$used                           0x00007990   Number         0  rtx_conf_cm.o(.constdata)
    __tagsym$$used                           0x00007994   Number         0  rtx_conf_cm.o(.constdata)
    .constdata                               0x000079d4   Section      100  i2c_lpc17xx.o(.constdata)
    DriverVersion                            0x000079d4   Data           4  i2c_lpc17xx.o(.constdata)
    DriverCapabilities                       0x000079d8   Data           4  i2c_lpc17xx.o(.constdata)
    I2C0_Resources                           0x000079dc   Data          44  i2c_lpc17xx.o(.constdata)
    .constdata                               0x00007a38   Section      124  ssp_lpc17xx.o(.constdata)
    DriverVersion                            0x00007a38   Data           4  ssp_lpc17xx.o(.constdata)
    DriverCapabilities                       0x00007a3c   Data           4  ssp_lpc17xx.o(.constdata)
    SSP1_Resources                           0x00007a40   Data          72  ssp_lpc17xx.o(.constdata)
    .constdata                               0x00007ab4   Section      464  uart_lpc17xx.o(.constdata)
    usart_driver_version                     0x00007ab4   Data           4  uart_lpc17xx.o(.constdata)
    fract_div_lookup_table                   0x00007ab8   Data         288  uart_lpc17xx.o(.constdata)
    USART1_DMA_Tx                            0x00007bd8   Data           8  uart_lpc17xx.o(.constdata)
    USART1_DMA_Rx                            0x00007be0   Data           8  uart_lpc17xx.o(.constdata)
    USART1_Resources                         0x00007be8   Data         100  uart_lpc17xx.o(.constdata)
    .constdata                               0x00007c84   Section       40  _printf_hex_int.o(.constdata)
    uc_hextab                                0x00007c84   Data          20  _printf_hex_int.o(.constdata)
    lc_hextab                                0x00007c98   Data          20  _printf_hex_int.o(.constdata)
    .data                                    0x10000000   Section       20  pilotageenvoie.o(.data)
    .data                                    0x10000014   Section       17  glcd_mcb1700.o(.data)
    spi1_pins                                0x10000014   Data           8  glcd_mcb1700.o(.data)
    foreground_color                         0x1000001c   Data           2  glcd_mcb1700.o(.data)
    background_color                         0x1000001e   Data           2  glcd_mcb1700.o(.data)
    active_font                              0x10000020   Data           4  glcd_mcb1700.o(.data)
    Himax                                    0x10000024   Data           1  glcd_mcb1700.o(.data)
    .data                                    0x10000028   Section       20  rtx_conf_cm.o(.data)
    nr_mutex                                 0x10000038   Data           4  rtx_conf_cm.o(.data)
    .data                                    0x1000003c   Section        4  i2c_lpc17xx.o(.data)
    .data                                    0x10000040   Section       16  ssp_lpc17xx.o(.data)
    SSP1_pin_sck                             0x10000040   Data           2  ssp_lpc17xx.o(.data)
    SSP1_pin_miso                            0x10000042   Data           2  ssp_lpc17xx.o(.data)
    SSP1_pin_mosi                            0x10000044   Data           2  ssp_lpc17xx.o(.data)
    SSP1_pin_ssel                            0x10000046   Data           2  ssp_lpc17xx.o(.data)
    dummy_data                               0x10000048   Data           4  ssp_lpc17xx.o(.data)
    dummy_data                               0x1000004c   Data           4  ssp_lpc17xx.o(.data)
    .data                                    0x10000050   Section        4  uart_lpc17xx.o(.data)
    USART1_pin_tx                            0x10000050   Data           2  uart_lpc17xx.o(.data)
    USART1_pin_rx                            0x10000052   Data           2  uart_lpc17xx.o(.data)
    .data                                    0x10000054   Section        8  gpdma_lpc17xx.o(.data)
    Channel_active                           0x10000054   Data           4  gpdma_lpc17xx.o(.data)
    Init_cnt                                 0x10000058   Data           4  gpdma_lpc17xx.o(.data)
    .data                                    0x1000005c   Section        4  system_lpc17xx.o(.data)
    .data                                    0x10000060   Section        8  rt_cmsis.o(.data)
    .data                                    0x10000068   Section        8  rt_task.o(.data)
    .data                                    0x10000070   Section        8  rt_system.o(.data)
    os_lock                                  0x10000070   Data           1  rt_system.o(.data)
    os_psh_flag                              0x10000071   Data           1  rt_system.o(.data)
    pend_flags                               0x10000072   Data           1  rt_system.o(.data)
    .data                                    0x10000078   Section        4  rt_time.o(.data)
    .data                                    0x1000007c   Section        8  rt_robin.o(.data)
    .data                                    0x10000084   Section        1  hal_cm.o(.data)
    .bss                                     0x10000088   Section     8016  rtx_conf_cm.o(.bss)
    std_libspace                             0x10001cb8   Data         672  rtx_conf_cm.o(.bss)
    std_libmutex                             0x10001f58   Data         128  rtx_conf_cm.o(.bss)
    .bss                                     0x10001fd8   Section       36  i2c_lpc17xx.o(.bss)
    I2C0_Ctrl                                0x10001fd8   Data          36  i2c_lpc17xx.o(.bss)
    .bss                                     0x10001ffc   Section       40  ssp_lpc17xx.o(.bss)
    SSP1_Info                                0x10001ffc   Data          12  ssp_lpc17xx.o(.bss)
    SSP1_Xfer                                0x10002008   Data          28  ssp_lpc17xx.o(.bss)
    .bss                                     0x10002024   Section       52  uart_lpc17xx.o(.bss)
    USART1_Info                              0x10002024   Data          52  uart_lpc17xx.o(.bss)
    .bss                                     0x10002058   Section      160  gpdma_lpc17xx.o(.bss)
    Channel_info                             0x10002058   Data         160  gpdma_lpc17xx.o(.bss)
    .bss                                     0x100020f8   Section       52  rt_task.o(.bss)
    .bss                                     0x1000212c   Section       48  rt_list.o(.bss)
    .bss                                     0x1000215c   Section       96  libspace.o(.bss)
    HEAP                                     0x100021c0   Section        0  startup_lpc17xx.o(HEAP)
    STACK                                    0x100021c0   Section      512  startup_lpc17xx.o(STACK)
    Heap_Mem                                 0x100021c0   Data           0  startup_lpc17xx.o(HEAP)
    Stack_Mem                                0x100021c0   Data         512  startup_lpc17xx.o(STACK)
    __initial_sp                             0x100023c0   Data           0  startup_lpc17xx.o(STACK)

    Global Symbols

    Symbol Name                              Value     Ov Type        Size  Object(Section)

    BuildAttributes$$THM_ISAv4$P$D$K$B$S$PE$A:L22UL41UL21$X:L11$S22US41US21$IEEE1$IW$USESV6$~STKCKD$USESV7$~SHL$OSPACE$ROPI$EBA8$UX$STANDARDLIB$REQ8$PRES8$EABIv2 0x00000000   Number         0  anon$$obj.o ABSOLUTE
    __ARM_use_no_argv                        0x00000000   Number         0  basecan.o ABSOLUTE
    __Vectors                                0x00000000   Data           4  startup_lpc17xx.o(RESET)
    __ARM_exceptions_init                     - Undefined Weak Reference
    __alloca_initialize                       - Undefined Weak Reference
    __arm_preinit_                            - Undefined Weak Reference
    __cpp_initialize__aeabi_                  - Undefined Weak Reference
    __cxa_finalize                            - Undefined Weak Reference
    __rt_locale                               - Undefined Weak Reference
    __sigvec_lookup                           - Undefined Weak Reference
    _atexit_init                              - Undefined Weak Reference
    _call_atexit_fns                          - Undefined Weak Reference
    _clock_init                               - Undefined Weak Reference
    _fp_trap_init                             - Undefined Weak Reference
    _fp_trap_shutdown                         - Undefined Weak Reference
    _get_lc_collate                           - Undefined Weak Reference
    _get_lc_ctype                             - Undefined Weak Reference
    _get_lc_monetary                          - Undefined Weak Reference
    _get_lc_numeric                           - Undefined Weak Reference
    _get_lc_time                              - Undefined Weak Reference
    _getenv_init                              - Undefined Weak Reference
    _handle_redirection                       - Undefined Weak Reference
    _init_alloc                               - Undefined Weak Reference
    _init_user_alloc                          - Undefined Weak Reference
    _initio                                   - Undefined Weak Reference
    _printf_post_padding                      - Undefined Weak Reference
    _printf_pre_padding                       - Undefined Weak Reference
    _printf_truncate_signed                   - Undefined Weak Reference
    _printf_truncate_unsigned                 - Undefined Weak Reference
    _rand_init                                - Undefined Weak Reference
    _signal_finish                            - Undefined Weak Reference
    _signal_init                              - Undefined Weak Reference
    _terminate_alloc                          - Undefined Weak Reference
    _terminate_user_alloc                     - Undefined Weak Reference
    _terminateio                              - Undefined Weak Reference
    __main                                   0x000000cd   Thumb Code     8  __main.o(!!!main)
    __scatterload                            0x000000d5   Thumb Code     0  __scatter.o(!!!scatter)
    __scatterload_rt2                        0x000000d5   Thumb Code    44  __scatter.o(!!!scatter)
    __scatterload_rt2_thumb_only             0x000000d5   Thumb Code     0  __scatter.o(!!!scatter)
    __scatterload_null                       0x000000e3   Thumb Code     0  __scatter.o(!!!scatter)
    __scatterload_copy                       0x00000109   Thumb Code    26  __scatter_copy.o(!!handler_copy)
    __scatterload_zeroinit                   0x00000125   Thumb Code    28  __scatter_zi.o(!!handler_zi)
    _printf_d                                0x00000141   Thumb Code     0  _printf_d.o(.ARM.Collect$$_printf_percent$$00000009)
    _printf_percent                          0x00000141   Thumb Code     0  _printf_percent.o(.ARM.Collect$$_printf_percent$$00000000)
    _printf_x                                0x00000147   Thumb Code     0  _printf_x.o(.ARM.Collect$$_printf_percent$$0000000C)
    _printf_percent_end                      0x0000014d   Thumb Code     0  _printf_percent_end.o(.ARM.Collect$$_printf_percent$$00000017)
    __rt_lib_init                            0x00000151   Thumb Code     0  libinit.o(.ARM.Collect$$libinit$$00000000)
    __rt_lib_init_alloca_1                   0x00000153   Thumb Code     0  libinit2.o(.ARM.Collect$$libinit$$0000002E)
    __rt_lib_init_argv_1                     0x00000153   Thumb Code     0  libinit2.o(.ARM.Collect$$libinit$$0000002C)
    __rt_lib_init_atexit_1                   0x00000153   Thumb Code     0  libinit2.o(.ARM.Collect$$libinit$$0000001B)
    __rt_lib_init_clock_1                    0x00000153   Thumb Code     0  libinit2.o(.ARM.Collect$$libinit$$00000021)
    __rt_lib_init_cpp_1                      0x00000153   Thumb Code     0  libinit2.o(.ARM.Collect$$libinit$$00000032)
    __rt_lib_init_exceptions_1               0x00000153   Thumb Code     0  libinit2.o(.ARM.Collect$$libinit$$00000030)
    __rt_lib_init_fp_1                       0x00000153   Thumb Code     0  libinit2.o(.ARM.Collect$$libinit$$00000002)
    __rt_lib_init_fp_trap_1                  0x00000153   Thumb Code     0  libinit2.o(.ARM.Collect$$libinit$$0000001F)
    __rt_lib_init_getenv_1                   0x00000153   Thumb Code     0  libinit2.o(.ARM.Collect$$libinit$$00000023)
    __rt_lib_init_heap_1                     0x00000153   Thumb Code     0  libinit2.o(.ARM.Collect$$libinit$$0000000A)
    __rt_lib_init_lc_collate_1               0x00000153   Thumb Code     0  libinit2.o(.ARM.Collect$$libinit$$00000011)
    __rt_lib_init_lc_ctype_1                 0x00000153   Thumb Code     0  libinit2.o(.ARM.Collect$$libinit$$00000013)
    __rt_lib_init_lc_monetary_1              0x00000153   Thumb Code     0  libinit2.o(.ARM.Collect$$libinit$$00000015)
    __rt_lib_init_lc_numeric_1               0x00000153   Thumb Code     0  libinit2.o(.ARM.Collect$$libinit$$00000017)
    __rt_lib_init_lc_time_1                  0x00000153   Thumb Code     0  libinit2.o(.ARM.Collect$$libinit$$00000019)
    __rt_lib_init_preinit_1                  0x00000153   Thumb Code     0  libinit2.o(.ARM.Collect$$libinit$$00000004)
    __rt_lib_init_rand_1                     0x00000153   Thumb Code     0  libinit2.o(.ARM.Collect$$libinit$$0000000E)
    __rt_lib_init_return                     0x00000153   Thumb Code     0  libinit2.o(.ARM.Collect$$libinit$$00000033)
    __rt_lib_init_signal_1                   0x00000153   Thumb Code     0  libinit2.o(.ARM.Collect$$libinit$$0000001D)
    __rt_lib_init_stdio_1                    0x00000153   Thumb Code     0  libinit2.o(.ARM.Collect$$libinit$$00000025)
    __rt_lib_init_user_alloc_1               0x00000153   Thumb Code     0  libinit2.o(.ARM.Collect$$libinit$$0000000C)
    __rt_lib_shutdown                        0x00000155   Thumb Code     0  libshutdown.o(.ARM.Collect$$libshutdown$$00000000)
    __rt_lib_shutdown_cpp_1                  0x00000157   Thumb Code     0  libshutdown2.o(.ARM.Collect$$libshutdown$$00000002)
    __rt_lib_shutdown_fp_trap_1              0x00000157   Thumb Code     0  libshutdown2.o(.ARM.Collect$$libshutdown$$00000007)
    __rt_lib_shutdown_heap_1                 0x00000157   Thumb Code     0  libshutdown2.o(.ARM.Collect$$libshutdown$$0000000F)
    __rt_lib_shutdown_return                 0x00000157   Thumb Code     0  libshutdown2.o(.ARM.Collect$$libshutdown$$00000010)
    __rt_lib_shutdown_signal_1               0x00000157   Thumb Code     0  libshutdown2.o(.ARM.Collect$$libshutdown$$0000000A)
    __rt_lib_shutdown_stdio_1                0x00000157   Thumb Code     0  libshutdown2.o(.ARM.Collect$$libshutdown$$00000004)
    __rt_lib_shutdown_user_alloc_1           0x00000157   Thumb Code     0  libshutdown2.o(.ARM.Collect$$libshutdown$$0000000C)
    __rt_entry                               0x00000159   Thumb Code     0  __rtentry.o(.ARM.Collect$$rtentry$$00000000)
    __rt_entry_presh_1                       0x00000159   Thumb Code     0  __rtentry2.o(.ARM.Collect$$rtentry$$00000002)
    __rt_entry_sh                            0x00000159   Thumb Code     0  __rtentry4.o(.ARM.Collect$$rtentry$$00000004)
    __rt_entry_li                            0x0000015f   Thumb Code     0  __rtentry2.o(.ARM.Collect$$rtentry$$0000000A)
    __rt_entry_postsh_1                      0x0000015f   Thumb Code     0  __rtentry2.o(.ARM.Collect$$rtentry$$00000009)
    __rt_entry_postli_1                      0x00000163   Thumb Code     0  __rtentry2.o(.ARM.Collect$$rtentry$$0000000B)
    __rt_entry_main                          0x0000016b   Thumb Code     0  __rtentry2.o(.ARM.Collect$$rtentry$$0000000D)
    __rt_exit                                0x00000173   Thumb Code     0  rtexit.o(.ARM.Collect$$rtexit$$00000000)
    __rt_exit_ls                             0x00000175   Thumb Code     0  rtexit2.o(.ARM.Collect$$rtexit$$00000003)
    __rt_exit_prels_1                        0x00000175   Thumb Code     0  rtexit2.o(.ARM.Collect$$rtexit$$00000002)
    __rt_exit_exit                           0x00000179   Thumb Code     0  rtexit2.o(.ARM.Collect$$rtexit$$00000004)
    _platform_post_lib_init                  0x00000181   Thumb Code    24  rtx_conf_cm.o(.emb_text)
    rt_set_PSP                               0x0000019d   Thumb Code     6  hal_cm3.o(.emb_text)
    rt_get_PSP                               0x000001a3   Thumb Code     6  hal_cm3.o(.emb_text)
    os_set_env                               0x000001a9   Thumb Code    24  hal_cm3.o(.emb_text)
    _alloc_box                               0x000001c5   Thumb Code    28  hal_cm3.o(.emb_text)
    _free_box                                0x000001e5   Thumb Code    28  hal_cm3.o(.emb_text)
    SVC_Handler                              0x00000205   Thumb Code   108  hal_cm3.o(.emb_text)
    PendSV_Handler                           0x0000027d   Thumb Code    56  hal_cm3.o(.emb_text)
    SysTick_Handler                          0x000002b9   Thumb Code     8  hal_cm3.o(.emb_text)
    OS_Tick_Handler                          0x000002c1   Thumb Code    12  hal_cm3.o(.emb_text)
    __user_libspace                          0x000002cd   Thumb Code     8  libspace.o(.text)
    __user_perproc_libspace                  0x000002cd   Thumb Code     0  libspace.o(.text)
    __2sprintf                               0x000002d5   Thumb Code    34  noretval__2sprintf.o(.text)
    Reset_Handler                            0x00000301   Thumb Code     8  startup_lpc17xx.o(.text)
    NMI_Handler                              0x00000309   Thumb Code     2  startup_lpc17xx.o(.text)
    HardFault_Handler                        0x0000030b   Thumb Code     2  startup_lpc17xx.o(.text)
    MemManage_Handler                        0x0000030d   Thumb Code     2  startup_lpc17xx.o(.text)
    BusFault_Handler                         0x0000030f   Thumb Code     2  startup_lpc17xx.o(.text)
    UsageFault_Handler                       0x00000311   Thumb Code     2  startup_lpc17xx.o(.text)
    DebugMon_Handler                         0x00000315   Thumb Code     2  startup_lpc17xx.o(.text)
    ADC_IRQHandler                           0x0000031b   Thumb Code     0  startup_lpc17xx.o(.text)
    BOD_IRQHandler                           0x0000031b   Thumb Code     0  startup_lpc17xx.o(.text)
    CANActivity_IRQHandler                   0x0000031b   Thumb Code     0  startup_lpc17xx.o(.text)
    CAN_IRQHandler                           0x0000031b   Thumb Code     0  startup_lpc17xx.o(.text)
    EINT0_IRQHandler                         0x0000031b   Thumb Code     0  startup_lpc17xx.o(.text)
    EINT1_IRQHandler                         0x0000031b   Thumb Code     0  startup_lpc17xx.o(.text)
    EINT2_IRQHandler                         0x0000031b   Thumb Code     0  startup_lpc17xx.o(.text)
    EINT3_IRQHandler                         0x0000031b   Thumb Code     0  startup_lpc17xx.o(.text)
    ENET_IRQHandler                          0x0000031b   Thumb Code     0  startup_lpc17xx.o(.text)
    I2C1_IRQHandler                          0x0000031b   Thumb Code     0  startup_lpc17xx.o(.text)
    I2C2_IRQHandler                          0x0000031b   Thumb Code     0  startup_lpc17xx.o(.text)
    I2S_IRQHandler                           0x0000031b   Thumb Code     0  startup_lpc17xx.o(.text)
    MCPWM_IRQHandler                         0x0000031b   Thumb Code     0  startup_lpc17xx.o(.text)
    PLL0_IRQHandler                          0x0000031b   Thumb Code     0  startup_lpc17xx.o(.text)
    PLL1_IRQHandler                          0x0000031b   Thumb Code     0  startup_lpc17xx.o(.text)
    PWM1_IRQHandler                          0x0000031b   Thumb Code     0  startup_lpc17xx.o(.text)
    QEI_IRQHandler                           0x0000031b   Thumb Code     0  startup_lpc17xx.o(.text)
    RIT_IRQHandler                           0x0000031b   Thumb Code     0  startup_lpc17xx.o(.text)
    RTC_IRQHandler                           0x0000031b   Thumb Code     0  startup_lpc17xx.o(.text)
    SPI_IRQHandler                           0x0000031b   Thumb Code     0  startup_lpc17xx.o(.text)
    SSP0_IRQHandler                          0x0000031b   Thumb Code     0  startup_lpc17xx.o(.text)
    TIMER0_IRQHandler                        0x0000031b   Thumb Code     0  startup_lpc17xx.o(.text)
    TIMER1_IRQHandler                        0x0000031b   Thumb Code     0  startup_lpc17xx.o(.text)
    TIMER2_IRQHandler                        0x0000031b   Thumb Code     0  startup_lpc17xx.o(.text)
    TIMER3_IRQHandler                        0x0000031b   Thumb Code     0  startup_lpc17xx.o(.text)
    UART0_IRQHandler                         0x0000031b   Thumb Code     0  startup_lpc17xx.o(.text)
    UART2_IRQHandler                         0x0000031b   Thumb Code     0  startup_lpc17xx.o(.text)
    UART3_IRQHandler                         0x0000031b   Thumb Code     0  startup_lpc17xx.o(.text)
    USBActivity_IRQHandler                   0x0000031b   Thumb Code     0  startup_lpc17xx.o(.text)
    USB_IRQHandler                           0x0000031b   Thumb Code     0  startup_lpc17xx.o(.text)
    WDT_IRQHandler                           0x0000031b   Thumb Code     0  startup_lpc17xx.o(.text)
    __user_initial_stackheap                 0x0000031d   Thumb Code     0  startup_lpc17xx.o(.text)
    __aeabi_uldivmod                         0x0000033d   Thumb Code     0  lludivv7m.o(.text)
    _ll_udiv                                 0x0000033d   Thumb Code   238  lludivv7m.o(.text)
    __printf                                 0x0000042b   Thumb Code   104  __printf.o(.text)
    __RL_RTX_VER                             0x00000482   Number         0  rt_system.o ABSOLUTE
    _printf_int_dec                          0x00000495   Thumb Code   104  _printf_dec.o(.text)
    _printf_int_hex                          0x0000050d   Thumb Code    84  _printf_hex_int.o(.text)
    _printf_longlong_hex                     0x0000050d   Thumb Code     0  _printf_hex_int.o(.text)
    exit                                     0x00000565   Thumb Code    18  exit.o(.text)
    __aeabi_memclr4                          0x00000577   Thumb Code     0  rt_memclr_w.o(.text)
    __aeabi_memclr8                          0x00000577   Thumb Code     0  rt_memclr_w.o(.text)
    __rt_memclr_w                            0x00000577   Thumb Code    78  rt_memclr_w.o(.text)
    _memset_w                                0x0000057b   Thumb Code     0  rt_memclr_w.o(.text)
    __use_two_region_memory                  0x000005c5   Thumb Code     2  heapauxi.o(.text)
    __rt_heap_escrow$2region                 0x000005c7   Thumb Code     2  heapauxi.o(.text)
    __rt_heap_expand$2region                 0x000005c9   Thumb Code     2  heapauxi.o(.text)
    _printf_int_common                       0x000005cb   Thumb Code   178  _printf_intcommon.o(.text)
    _printf_char_common                      0x00000687   Thumb Code    32  _printf_char_common.o(.text)
    _sputc                                   0x000006ad   Thumb Code    10  _sputc.o(.text)
    _sys_exit                                0x000006b9   Thumb Code     8  sys_exit.o(.text)
    __user_setup_stackheap                   0x000006c5   Thumb Code    74  sys_stackheap_outer.o(.text)
    __I$use$semihosting                      0x0000070f   Thumb Code     0  use_no_semi.o(.text)
    __use_no_semihosting_swi                 0x0000070f   Thumb Code     2  use_no_semi.o(.text)
    SVC_Count                                0x00000710   Data           4  svc_table.o(SVC_TABLE)
    __semihosting_library_function           0x00000711   Thumb Code     0  indicate_semi.o(.text)
    SVC_Table                                0x00000714   Data           0  svc_table.o(SVC_TABLE)
    DMA_IRQHandler                           0x00000735   Thumb Code   372  gpdma_lpc17xx.o(i.DMA_IRQHandler)
    GLCD_ClearScreen                         0x000008b5   Thumb Code    44  glcd_mcb1700.o(i.GLCD_ClearScreen)
    GLCD_DrawChar                            0x000008e5   Thumb Code   194  glcd_mcb1700.o(i.GLCD_DrawChar)
    GLCD_DrawString                          0x000009b5   Thumb Code    38  glcd_mcb1700.o(i.GLCD_DrawString)
    GLCD_Initialize                          0x000009e1   Thumb Code  1462  glcd_mcb1700.o(i.GLCD_Initialize)
    GLCD_SetFont                             0x00000f99   Thumb Code    10  glcd_mcb1700.o(i.GLCD_SetFont)
    GLCD_SetWindow                           0x00000fa9   Thumb Code   168  glcd_mcb1700.o(i.GLCD_SetWindow)
    GLCD_WindowMax                           0x00001055   Thumb Code    18  glcd_mcb1700.o(i.GLCD_WindowMax)
    GPDMA_ChannelConfigure                   0x00001069   Thumb Code   232  gpdma_lpc17xx.o(i.GPDMA_ChannelConfigure)
    GPDMA_ChannelDisable                     0x0000115d   Thumb Code    44  gpdma_lpc17xx.o(i.GPDMA_ChannelDisable)
    GPDMA_ChannelGetCount                    0x0000118d   Thumb Code    38  gpdma_lpc17xx.o(i.GPDMA_ChannelGetCount)
    GPDMA_Initialize                         0x000011bd   Thumb Code   146  gpdma_lpc17xx.o(i.GPDMA_Initialize)
    GPDMA_PeripheralSelect                   0x00001265   Thumb Code    62  gpdma_lpc17xx.o(i.GPDMA_PeripheralSelect)
    GPDMA_Uninitialize                       0x000012a9   Thumb Code   116  gpdma_lpc17xx.o(i.GPDMA_Uninitialize)
    GPIO_PinRead                             0x00001329   Thumb Code    28  gpio_lpc17xx.o(i.GPIO_PinRead)
    GPIO_PinWrite                            0x00001349   Thumb Code    36  gpio_lpc17xx.o(i.GPIO_PinWrite)
    GPIO_PortClock                           0x00001371   Thumb Code    38  gpio_lpc17xx.o(i.GPIO_PortClock)
    GPIO_SetDir                              0x0000139d   Thumb Code    52  gpio_lpc17xx.o(i.GPIO_SetDir)
    I2C0_IRQHandler                          0x000014d5   Thumb Code    10  i2c_lpc17xx.o(i.I2C0_IRQHandler)
    Init_I2C                                 0x00001f59   Thumb Code    76  nunchuk.o(i.Init_I2C)
    Init_UART                                0x00001fa9   Thumb Code    52  pilotageenvoie.o(i.Init_UART)
    JoystickX                                0x00001fe1   Thumb Code    84  nunchuk.o(i.JoystickX)
    JoystickY                                0x00002039   Thumb Code    80  nunchuk.o(i.JoystickY)
    PIN_Configure                            0x0000208d   Thumb Code   246  pin_lpc17xx.o(i.PIN_Configure)
    PIN_ConfigureI2C0Pins                    0x00002189   Thumb Code    28  pin_lpc17xx.o(i.PIN_ConfigureI2C0Pins)
    SSP1_GPDMA_Rx_SignalEvent                0x000021c1   Thumb Code    14  ssp_lpc17xx.o(i.SSP1_GPDMA_Rx_SignalEvent)
    SSP1_GPDMA_Tx_SignalEvent                0x000021d5   Thumb Code    14  ssp_lpc17xx.o(i.SSP1_GPDMA_Tx_SignalEvent)
    SSP1_IRQHandler                          0x00002209   Thumb Code    10  ssp_lpc17xx.o(i.SSP1_IRQHandler)
    SSPx_GPDMA_Rx_SignalEvent                0x000027d7   Thumb Code    54  ssp_lpc17xx.o(i.SSPx_GPDMA_Rx_SignalEvent)
    SSPx_GPDMA_Tx_SignalEvent                0x0000280d   Thumb Code    28  ssp_lpc17xx.o(i.SSPx_GPDMA_Tx_SignalEvent)
    SendUARTCommande                         0x00003085   Thumb Code    80  pilotageenvoie.o(i.SendUARTCommande)
    SystemInit                               0x0000311d   Thumb Code   302  system_lpc17xx.o(i.SystemInit)
    UART1_IRQHandler                         0x0000325d   Thumb Code    10  uart_lpc17xx.o(i.UART1_IRQHandler)
    USART1_GPDMA_Rx_Event                    0x00003285   Thumb Code    14  uart_lpc17xx.o(i.USART1_GPDMA_Rx_Event)
    USART1_GPDMA_Tx_Event                    0x00003299   Thumb Code    14  uart_lpc17xx.o(i.USART1_GPDMA_Tx_Event)
    USART_SetBaudrate                        0x00004585   Thumb Code   302  uart_lpc17xx.o(i.USART_SetBaudrate)
    _init_box                                0x000049b5   Thumb Code    70  rt_membox.o(i._init_box)
    _mutex_acquire                           0x000049fd   Thumb Code    22  rtx_conf_cm.o(i._mutex_acquire)
    _mutex_release                           0x00004a1d   Thumb Code    18  rtx_conf_cm.o(i._mutex_release)
    dbg_init                                 0x00004a39   Thumb Code    34  hal_cm.o(i.dbg_init)
    dbg_task_notify                          0x00004a69   Thumb Code    32  hal_cm.o(i.dbg_task_notify)
    dbg_task_switch                          0x00004a89   Thumb Code    16  hal_cm.o(i.dbg_task_switch)
    isrMessageGet                            0x00004ac5   Thumb Code    42  rt_cmsis.o(i.isrMessageGet)
    isrMessagePut                            0x00004aef   Thumb Code    44  rt_cmsis.o(i.isrMessagePut)
    isr_mbx_receive                          0x00004b1d   Thumb Code    86  rt_mailbox.o(i.isr_mbx_receive)
    isr_mbx_send                             0x00004b73   Thumb Code    14  rt_mailbox.o(i.isr_mbx_send)
    main                                     0x00004b81   Thumb Code    88  basecan.o(i.main)
    osKernelInitialize                       0x00004c05   Thumb Code    30  rt_cmsis.o(i.osKernelInitialize)
    osKernelStart                            0x00004c29   Thumb Code    98  rt_cmsis.o(i.osKernelStart)
    osMessageGet                             0x00004c95   Thumb Code    18  rt_cmsis.o(i.osMessageGet)
    osThreadCreate                           0x00004cad   Thumb Code    36  rt_cmsis.o(i.osThreadCreate)
    osThreadExit                             0x00004cd9   Thumb Code    14  rt_cmsis.o(i.osThreadExit)
    osTimerCall                              0x00004cf1   Thumb Code     8  rt_cmsis.o(i.osTimerCall)
    osTimerThread                            0x00004cfd   Thumb Code    38  rt_cmsis.o(i.osTimerThread)
    os_error                                 0x00004d29   Thumb Code    34  rtx_conf_cm.o(i.os_error)
    os_idle_demon                            0x00004d4b   Thumb Code     4  rtx_conf_cm.o(i.os_idle_demon)
    os_tick_init                             0x00004d51   Thumb Code    32  rt_system.o(i.os_tick_init)
    os_tick_irqack                           0x00004d79   Thumb Code     2  rt_system.o(i.os_tick_irqack)
    rt_alloc_box                             0x00004e99   Thumb Code    26  rt_membox.o(i.rt_alloc_box)
    rt_alloc_mem                             0x00004eb3   Thumb Code    62  rt_memory.o(i.rt_alloc_mem)
    rt_block                                 0x00004ef1   Thumb Code    48  rt_task.o(i.rt_block)
    rt_chk_robin                             0x00004f29   Thumb Code    60  rt_robin.o(i.rt_chk_robin)
    rt_dec_dly                               0x00004f71   Thumb Code   102  rt_list.o(i.rt_dec_dly)
    rt_dispatch                              0x00004fe1   Thumb Code    60  rt_task.o(i.rt_dispatch)
    rt_evt_psh                               0x00005025   Thumb Code    76  rt_event.o(i.rt_evt_psh)
    rt_free_box                              0x00005075   Thumb Code    44  rt_membox.o(i.rt_free_box)
    rt_free_mem                              0x000050a1   Thumb Code    40  rt_memory.o(i.rt_free_mem)
    rt_get_first                             0x000050c9   Thumb Code    40  rt_list.o(i.rt_get_first)
    rt_init_mem                              0x00005141   Thumb Code    26  rt_memory.o(i.rt_init_mem)
    rt_init_robin                            0x0000515d   Thumb Code    14  rt_robin.o(i.rt_init_robin)
    rt_init_stack                            0x00005175   Thumb Code   118  hal_cm.o(i.rt_init_stack)
    rt_mbx_check                             0x000051f5   Thumb Code     8  rt_mailbox.o(i.rt_mbx_check)
    rt_mbx_init                              0x000051fd   Thumb Code    26  rt_mailbox.o(i.rt_mbx_init)
    rt_mbx_psh                               0x00005219   Thumb Code   236  rt_mailbox.o(i.rt_mbx_psh)
    rt_mbx_wait                              0x00005309   Thumb Code   174  rt_mailbox.o(i.rt_mbx_wait)
    rt_mut_release                           0x00005401   Thumb Code   208  rt_mutex.o(i.rt_mut_release)
    rt_mut_wait                              0x000054d9   Thumb Code   114  rt_mutex.o(i.rt_mut_wait)
    rt_pop_req                               0x00005551   Thumb Code   112  rt_system.o(i.rt_pop_req)
    rt_psh_req                               0x000055cd   Thumb Code    22  rt_system.o(i.rt_psh_req)
    rt_psq_enq                               0x000055ed   Thumb Code    88  rt_list.o(i.rt_psq_enq)
    rt_put_dly                               0x00005649   Thumb Code    68  rt_list.o(i.rt_put_dly)
    rt_put_prio                              0x00005691   Thumb Code    54  rt_list.o(i.rt_put_prio)
    rt_put_rdy_first                         0x000056c9   Thumb Code    14  rt_list.o(i.rt_put_rdy_first)
    rt_resort_prio                           0x000056dd   Thumb Code    46  rt_list.o(i.rt_resort_prio)
    rt_ret_val                               0x00005711   Thumb Code     6  hal_cm.o(i.rt_ret_val)
    rt_ret_val2                              0x00005717   Thumb Code     8  hal_cm.o(i.rt_ret_val2)
    rt_rmv_dly                               0x0000571f   Thumb Code    40  rt_list.o(i.rt_rmv_dly)
    rt_rmv_list                              0x00005749   Thumb Code    44  rt_list.o(i.rt_rmv_list)
    rt_sem_psh                               0x00005779   Thumb Code    48  rt_semaphore.o(i.rt_sem_psh)
    rt_stk_check                             0x000057ad   Thumb Code    28  rt_system.o(i.rt_stk_check)
    rt_switch_req                            0x000057d1   Thumb Code    30  rt_task.o(i.rt_switch_req)
    rt_sys_init                              0x000057f9   Thumb Code   138  rt_task.o(i.rt_sys_init)
    rt_sys_start                             0x000058c5   Thumb Code   110  rt_task.o(i.rt_sys_start)
    rt_systick                               0x0000593d   Thumb Code    50  rt_system.o(i.rt_systick)
    rt_tsk_create                            0x000059c5   Thumb Code   118  rt_task.o(i.rt_tsk_create)
    rt_tsk_delete                            0x00005a4d   Thumb Code   352  rt_task.o(i.rt_tsk_delete)
    rt_tsk_prio                              0x00005bc9   Thumb Code   108  rt_task.o(i.rt_tsk_prio)
    rt_tsk_self                              0x00005c45   Thumb Code    12  rt_task.o(i.rt_tsk_self)
    svcKernelInitialize                      0x00005d09   Thumb Code    80  rt_cmsis.o(i.svcKernelInitialize)
    svcKernelStart                           0x00005d79   Thumb Code    62  rt_cmsis.o(i.svcKernelStart)
    svcMessageCreate                         0x00005dc1   Thumb Code    36  rt_cmsis.o(i.svcMessageCreate)
    svcMessageGet                            0x00005de5   Thumb Code    58  rt_cmsis.o(i.svcMessageGet)
    svcThreadCreate                          0x00005e21   Thumb Code    96  rt_cmsis.o(i.svcThreadCreate)
    svcThreadGetId                           0x00005e8d   Thumb Code    22  rt_cmsis.o(i.svcThreadGetId)
    svcThreadTerminate                       0x00005ea9   Thumb Code    50  rt_cmsis.o(i.svcThreadTerminate)
    svcTimerCall                             0x00005ee1   Thumb Code    24  rt_cmsis.o(i.svcTimerCall)
    sysTimerTick                             0x00005ef9   Thumb Code    84  rt_cmsis.o(i.sysTimerTick)
    write1byte                               0x00006091   Thumb Code    54  nunchuk.o(i.write1byte)
    GLCD_Font_6x8                            0x0000794c   Data          16  glcd_fonts.o(.constdata)
    GLCD_Font_16x24                          0x0000795c   Data          16  glcd_fonts.o(.constdata)
    os_maxtaskrun                            0x0000796c   Data           2  rtx_conf_cm.o(.constdata)
    os_stackinfo                             0x00007970   Data           4  rtx_conf_cm.o(.constdata)
    os_rrobin                                0x00007974   Data           4  rtx_conf_cm.o(.constdata)
    os_tickfreq                              0x00007978   Data           4  rtx_conf_cm.o(.constdata)
    os_tickus_i                              0x0000797c   Data           2  rtx_conf_cm.o(.constdata)
    os_tickus_f                              0x0000797e   Data           2  rtx_conf_cm.o(.constdata)
    os_trv                                   0x00007980   Data           4  rtx_conf_cm.o(.constdata)
    os_flags                                 0x00007984   Data           1  rtx_conf_cm.o(.constdata)
    CMSIS_RTOS_API_Version                   0x00007988   Data           4  rtx_conf_cm.o(.constdata)
    CMSIS_RTOS_RTX_Version                   0x0000798c   Data           4  rtx_conf_cm.o(.constdata)
    os_clockrate                             0x00007990   Data           4  rtx_conf_cm.o(.constdata)
    os_timernum                              0x00007994   Data           4  rtx_conf_cm.o(.constdata)
    mp_tcb_size                              0x00007998   Data           2  rtx_conf_cm.o(.constdata)
    mp_stk_size                              0x0000799c   Data           4  rtx_conf_cm.o(.constdata)
    os_stack_sz                              0x000079a0   Data           4  rtx_conf_cm.o(.constdata)
    os_fifo_size                             0x000079a4   Data           1  rtx_conf_cm.o(.constdata)
    os_thread_def_osTimerThread              0x000079a8   Data          16  rtx_conf_cm.o(.constdata)
    os_messageQ_def_osTimerMessageQ          0x000079b8   Data           8  rtx_conf_cm.o(.constdata)
    mp_tmr_size                              0x000079c0   Data           2  rtx_conf_cm.o(.constdata)
    os_thread_def_main                       0x000079c4   Data          16  rtx_conf_cm.o(.constdata)
    Driver_I2C0                              0x00007a08   Data          48  i2c_lpc17xx.o(.constdata)
    Driver_SPI1                              0x00007a88   Data          44  ssp_lpc17xx.o(.constdata)
    Driver_USART1                            0x00007c4c   Data          56  uart_lpc17xx.o(.constdata)
    Region$$Table$$Base                      0x00007cac   Number         0  anon$$obj.o(Region$$Table)
    Region$$Table$$Limit                     0x00007ccc   Number         0  anon$$obj.o(Region$$Table)
    MR1                                      0x10000000   Data           8  pilotageenvoie.o(.data)
    ETAT                                     0x10000008   Data           8  pilotageenvoie.o(.data)
    cpt                                      0x10000010   Data           4  pilotageenvoie.o(.data)
    osThreadId_osTimerThread                 0x10000028   Data           4  rtx_conf_cm.o(.data)
    osMessageQId_osTimerMessageQ             0x1000002c   Data           4  rtx_conf_cm.o(.data)
    os_tmr                                   0x10000030   Data           4  rtx_conf_cm.o(.data)
    m_tmr                                    0x10000034   Data           4  rtx_conf_cm.o(.data)
    I2C0_PIN                                 0x1000003c   Data           4  i2c_lpc17xx.o(.data)
    SystemCoreClock                          0x1000005c   Data           4  system_lpc17xx.o(.data)
    os_initialized                           0x10000060   Data           1  rt_cmsis.o(.data)
    os_running                               0x10000061   Data           1  rt_cmsis.o(.data)
    os_timer_head                            0x10000064   Data           4  rt_cmsis.o(.data)
    os_tsk                                   0x10000068   Data           8  rt_task.o(.data)
    os_tick_irqn                             0x10000074   Data           4  rt_system.o(.data)
    os_time                                  0x10000078   Data           4  rt_time.o(.data)
    os_robin                                 0x1000007c   Data           8  rt_robin.o(.data)
    dbg_msg                                  0x10000084   Data           1  hal_cm.o(.data)
    mp_tcb                                   0x10000088   Data         376  rtx_conf_cm.o(.bss)
    mp_stk                                   0x10000200   Data        6016  rtx_conf_cm.o(.bss)
    os_stack_mem                             0x10001980   Data         632  rtx_conf_cm.o(.bss)
    os_fifo                                  0x10001bf8   Data         132  rtx_conf_cm.o(.bss)
    os_active_TCB                            0x10001c7c   Data          28  rtx_conf_cm.o(.bss)
    os_messageQ_q_osTimerMessageQ            0x10001c98   Data          32  rtx_conf_cm.o(.bss)
    os_idle_TCB                              0x100020f8   Data          52  rt_task.o(.bss)
    os_rdy                                   0x1000212c   Data          24  rt_list.o(.bss)
    os_dly                                   0x10002144   Data          24  rt_list.o(.bss)
    __libspace_start                         0x1000215c   Data          96  libspace.o(.bss)
    __temporary_stack_top$libspace           0x100021bc   Data           0  libspace.o(.bss)



==============================================================================

Memory Map of the image

  Image Entry point : 0x000000cd

  Load Region LR_IROM1 (Base: 0x00000000, Size: 0x00007d54, Max: 0x00080000, ABSOLUTE)

    Execution Region ER_IROM1 (Base: 0x00000000, Size: 0x00007ccc, Max: 0x00080000, ABSOLUTE)

    Base Addr    Size         Type   Attr      Idx    E Section Name        Object

    0x00000000   0x000000cc   Data   RO         1387    RESET               startup_lpc17xx.o
    0x000000cc   0x00000008   Code   RO         2704  * !!!main             c_w.l(__main.o)
    0x000000d4   0x00000034   Code   RO         2874    !!!scatter          c_w.l(__scatter.o)
    0x00000108   0x0000001a   Code   RO         2876    !!handler_copy      c_w.l(__scatter_copy.o)
    0x00000122   0x00000002   PAD
    0x00000124   0x0000001c   Code   RO         2878    !!handler_zi        c_w.l(__scatter_zi.o)
    0x00000140   0x00000000   Code   RO         2697    .ARM.Collect$$_printf_percent$$00000000  c_w.l(_printf_percent.o)
    0x00000140   0x00000006   Code   RO         2696    .ARM.Collect$$_printf_percent$$00000009  c_w.l(_printf_d.o)
    0x00000146   0x00000006   Code   RO         2695    .ARM.Collect$$_printf_percent$$0000000C  c_w.l(_printf_x.o)
    0x0000014c   0x00000004   Code   RO         2719    .ARM.Collect$$_printf_percent$$00000017  c_w.l(_printf_percent_end.o)
    0x00000150   0x00000002   Code   RO         2760    .ARM.Collect$$libinit$$00000000  c_w.l(libinit.o)
    0x00000152   0x00000000   Code   RO         2772    .ARM.Collect$$libinit$$00000002  c_w.l(libinit2.o)
    0x00000152   0x00000000   Code   RO         2774    .ARM.Collect$$libinit$$00000004  c_w.l(libinit2.o)
    0x00000152   0x00000000   Code   RO         2777    .ARM.Collect$$libinit$$0000000A  c_w.l(libinit2.o)
    0x00000152   0x00000000   Code   RO         2779    .ARM.Collect$$libinit$$0000000C  c_w.l(libinit2.o)
    0x00000152   0x00000000   Code   RO         2781    .ARM.Collect$$libinit$$0000000E  c_w.l(libinit2.o)
    0x00000152   0x00000000   Code   RO         2784    .ARM.Collect$$libinit$$00000011  c_w.l(libinit2.o)
    0x00000152   0x00000000   Code   RO         2786    .ARM.Collect$$libinit$$00000013  c_w.l(libinit2.o)
    0x00000152   0x00000000   Code   RO         2788    .ARM.Collect$$libinit$$00000015  c_w.l(libinit2.o)
    0x00000152   0x00000000   Code   RO         2790    .ARM.Collect$$libinit$$00000017  c_w.l(libinit2.o)
    0x00000152   0x00000000   Code   RO         2792    .ARM.Collect$$libinit$$00000019  c_w.l(libinit2.o)
    0x00000152   0x00000000   Code   RO         2794    .ARM.Collect$$libinit$$0000001B  c_w.l(libinit2.o)
    0x00000152   0x00000000   Code   RO         2796    .ARM.Collect$$libinit$$0000001D  c_w.l(libinit2.o)
    0x00000152   0x00000000   Code   RO         2798    .ARM.Collect$$libinit$$0000001F  c_w.l(libinit2.o)
    0x00000152   0x00000000   Code   RO         2800    .ARM.Collect$$libinit$$00000021  c_w.l(libinit2.o)
    0x00000152   0x00000000   Code   RO         2802    .ARM.Collect$$libinit$$00000023  c_w.l(libinit2.o)
    0x00000152   0x00000000   Code   RO         2804    .ARM.Collect$$libinit$$00000025  c_w.l(libinit2.o)
    0x00000152   0x00000000   Code   RO         2808    .ARM.Collect$$libinit$$0000002C  c_w.l(libinit2.o)
    0x00000152   0x00000000   Code   RO         2810    .ARM.Collect$$libinit$$0000002E  c_w.l(libinit2.o)
    0x00000152   0x00000000   Code   RO         2812    .ARM.Collect$$libinit$$00000030  c_w.l(libinit2.o)
    0x00000152   0x00000000   Code   RO         2814    .ARM.Collect$$libinit$$00000032  c_w.l(libinit2.o)
    0x00000152   0x00000002   Code   RO         2815    .ARM.Collect$$libinit$$00000033  c_w.l(libinit2.o)
    0x00000154   0x00000002   Code   RO         2761    .ARM.Collect$$libshutdown$$00000000  c_w.l(libshutdown.o)
    0x00000156   0x00000000   Code   RO         2817    .ARM.Collect$$libshutdown$$00000002  c_w.l(libshutdown2.o)
    0x00000156   0x00000000   Code   RO         2819    .ARM.Collect$$libshutdown$$00000004  c_w.l(libshutdown2.o)
    0x00000156   0x00000000   Code   RO         2822    .ARM.Collect$$libshutdown$$00000007  c_w.l(libshutdown2.o)
    0x00000156   0x00000000   Code   RO         2825    .ARM.Collect$$libshutdown$$0000000A  c_w.l(libshutdown2.o)
    0x00000156   0x00000000   Code   RO         2827    .ARM.Collect$$libshutdown$$0000000C  c_w.l(libshutdown2.o)
    0x00000156   0x00000000   Code   RO         2830    .ARM.Collect$$libshutdown$$0000000F  c_w.l(libshutdown2.o)
    0x00000156   0x00000002   Code   RO         2831    .ARM.Collect$$libshutdown$$00000010  c_w.l(libshutdown2.o)
    0x00000158   0x00000000   Code   RO         2706    .ARM.Collect$$rtentry$$00000000  c_w.l(__rtentry.o)
    0x00000158   0x00000000   Code   RO         2721    .ARM.Collect$$rtentry$$00000002  c_w.l(__rtentry2.o)
    0x00000158   0x00000006   Code   RO         2733    .ARM.Collect$$rtentry$$00000004  c_w.l(__rtentry4.o)
    0x0000015e   0x00000000   Code   RO         2723    .ARM.Collect$$rtentry$$00000009  c_w.l(__rtentry2.o)
    0x0000015e   0x00000004   Code   RO         2724    .ARM.Collect$$rtentry$$0000000A  c_w.l(__rtentry2.o)
    0x00000162   0x00000008   Code   RO         2725    .ARM.Collect$$rtentry$$0000000B  c_w.l(__rtentry2.o)
    0x0000016a   0x00000008   Code   RO         2727    .ARM.Collect$$rtentry$$0000000D  c_w.l(__rtentry2.o)
    0x00000172   0x00000002   Code   RO         2707    .ARM.Collect$$rtexit$$00000000  c_w.l(rtexit.o)
    0x00000174   0x00000000   Code   RO         2736    .ARM.Collect$$rtexit$$00000002  c_w.l(rtexit2.o)
    0x00000174   0x00000004   Code   RO         2737    .ARM.Collect$$rtexit$$00000003  c_w.l(rtexit2.o)
    0x00000178   0x00000006   Code   RO         2738    .ARM.Collect$$rtexit$$00000004  c_w.l(rtexit2.o)
    0x0000017e   0x00000002   PAD
    0x00000180   0x0000001c   Code   RO          561    .emb_text           rtx_conf_cm.o
    0x0000019c   0x00000130   Code   RO         2626    .emb_text           RTX_CM3.lib(hal_cm3.o)
    0x000002cc   0x00000008   Code   RO         2641    .text               c_w.l(libspace.o)
    0x000002d4   0x00000028   Code   RO         2648    .text               c_w.l(noretval__2sprintf.o)
    0x000002fc   0x00000004   Code   RO         1388    .ARM.__at_0x02FC    startup_lpc17xx.o
    0x00000300   0x0000003c   Code   RO         1389    .text               startup_lpc17xx.o
    0x0000033c   0x000000ee   Code   RO         2644    .text               c_w.l(lludivv7m.o)
    0x0000042a   0x00000068   Code   RO         2650    .text               c_w.l(__printf.o)
    0x00000492   0x00000002   PAD
    0x00000494   0x00000078   Code   RO         2652    .text               c_w.l(_printf_dec.o)
    0x0000050c   0x00000058   Code   RO         2657    .text               c_w.l(_printf_hex_int.o)
    0x00000564   0x00000012   Code   RO         2698    .text               c_w.l(exit.o)
    0x00000576   0x0000004e   Code   RO         2700    .text               c_w.l(rt_memclr_w.o)
    0x000005c4   0x00000006   Code   RO         2702    .text               c_w.l(heapauxi.o)
    0x000005ca   0x000000b2   Code   RO         2713    .text               c_w.l(_printf_intcommon.o)
    0x0000067c   0x00000030   Code   RO         2715    .text               c_w.l(_printf_char_common.o)
    0x000006ac   0x0000000a   Code   RO         2717    .text               c_w.l(_sputc.o)
    0x000006b6   0x00000002   PAD
    0x000006b8   0x0000000c   Code   RO         2746    .text               c_w.l(sys_exit.o)
    0x000006c4   0x0000004a   Code   RO         2748    .text               c_w.l(sys_stackheap_outer.o)
    0x0000070e   0x00000002   Code   RO         2762    .text               c_w.l(use_no_semi.o)
    0x00000710   0x00000000   Code   RO         2764    .text               c_w.l(indicate_semi.o)
    0x00000710   0x00000004   Code   RO         2636    SVC_TABLE           RTX_CM3.lib(svc_table.o)
    0x00000714   0x00000020   Code   RO         1208    i.Clear_Channel_active_flag  gpdma_lpc17xx.o
    0x00000734   0x00000180   Code   RO         1209    i.DMA_IRQHandler    gpdma_lpc17xx.o
    0x000008b4   0x00000030   Code   RO          360    i.GLCD_ClearScreen  glcd_mcb1700.o
    0x000008e4   0x000000d0   Code   RO          363    i.GLCD_DrawChar     glcd_mcb1700.o
    0x000009b4   0x0000002c   Code   RO          367    i.GLCD_DrawString   glcd_mcb1700.o
    0x000009e0   0x000005b6   Code   RO          371    i.GLCD_Initialize   glcd_mcb1700.o
    0x00000f96   0x00000002   PAD
    0x00000f98   0x00000010   Code   RO          373    i.GLCD_SetFont      glcd_mcb1700.o
    0x00000fa8   0x000000ac   Code   RO          375    i.GLCD_SetWindow    glcd_mcb1700.o
    0x00001054   0x00000012   Code   RO          378    i.GLCD_WindowMax    glcd_mcb1700.o
    0x00001066   0x00000002   PAD
    0x00001068   0x000000f4   Code   RO         1210    i.GPDMA_ChannelConfigure  gpdma_lpc17xx.o
    0x0000115c   0x00000030   Code   RO         1211    i.GPDMA_ChannelDisable  gpdma_lpc17xx.o
    0x0000118c   0x00000030   Code   RO         1213    i.GPDMA_ChannelGetCount  gpdma_lpc17xx.o
    0x000011bc   0x000000a8   Code   RO         1215    i.GPDMA_Initialize  gpdma_lpc17xx.o
    0x00001264   0x00000044   Code   RO         1216    i.GPDMA_PeripheralSelect  gpdma_lpc17xx.o
    0x000012a8   0x00000080   Code   RO         1217    i.GPDMA_Uninitialize  gpdma_lpc17xx.o
    0x00001328   0x00000020   Code   RO         1298    i.GPIO_PinRead      gpio_lpc17xx.o
    0x00001348   0x00000028   Code   RO         1299    i.GPIO_PinWrite     gpio_lpc17xx.o
    0x00001370   0x0000002c   Code   RO         1300    i.GPIO_PortClock    gpio_lpc17xx.o
    0x0000139c   0x00000038   Code   RO         1303    i.GPIO_SetDir       gpio_lpc17xx.o
    0x000013d4   0x00000040   Code   RO          622    i.GetI2CClockFreq   i2c_lpc17xx.o
    0x00001414   0x00000044   Code   RO          815    i.GetSSPClockFreq   ssp_lpc17xx.o
    0x00001458   0x00000044   Code   RO          993    i.GetUsartClockFreq  uart_lpc17xx.o
    0x0000149c   0x00000018   Code   RO          623    i.I2C0_Control      i2c_lpc17xx.o
    0x000014b4   0x00000010   Code   RO          624    i.I2C0_GetDataCount  i2c_lpc17xx.o
    0x000014c4   0x00000010   Code   RO          625    i.I2C0_GetStatus    i2c_lpc17xx.o
    0x000014d4   0x00000010   Code   RO          626    i.I2C0_IRQHandler   i2c_lpc17xx.o
    0x000014e4   0x00000014   Code   RO          627    i.I2C0_Initialize   i2c_lpc17xx.o
    0x000014f8   0x00000020   Code   RO          628    i.I2C0_MasterReceive  i2c_lpc17xx.o
    0x00001518   0x00000020   Code   RO          629    i.I2C0_MasterTransmit  i2c_lpc17xx.o
    0x00001538   0x00000014   Code   RO          630    i.I2C0_PowerControl  i2c_lpc17xx.o
    0x0000154c   0x00000018   Code   RO          631    i.I2C0_SlaveReceive  i2c_lpc17xx.o
    0x00001564   0x00000018   Code   RO          632    i.I2C0_SlaveTransmit  i2c_lpc17xx.o
    0x0000157c   0x00000010   Code   RO          633    i.I2C0_Uninitialize  i2c_lpc17xx.o
    0x0000158c   0x0000000c   Code   RO          634    i.I2C_GetCapabilities  i2c_lpc17xx.o
    0x00001598   0x00000010   Code   RO          635    i.I2C_GetVersion    i2c_lpc17xx.o
    0x000015a8   0x0000018c   Code   RO          636    i.I2Cx_Control      i2c_lpc17xx.o
    0x00001734   0x00000008   Code   RO          637    i.I2Cx_GetDataCount  i2c_lpc17xx.o
    0x0000173c   0x00000008   Code   RO          638    i.I2Cx_GetStatus    i2c_lpc17xx.o
    0x00001744   0x00000030   Code   RO          639    i.I2Cx_IRQHandler   i2c_lpc17xx.o
    0x00001774   0x0000004e   Code   RO          640    i.I2Cx_Initialize   i2c_lpc17xx.o
    0x000017c2   0x000001ce   Code   RO          641    i.I2Cx_MasterHandler  i2c_lpc17xx.o
    0x00001990   0x000000ce   Code   RO          642    i.I2Cx_MasterReceive  i2c_lpc17xx.o
    0x00001a5e   0x000000cc   Code   RO          643    i.I2Cx_MasterTransmit  i2c_lpc17xx.o
    0x00001b2a   0x00000140   Code   RO          644    i.I2Cx_PowerControl  i2c_lpc17xx.o
    0x00001c6a   0x000001d4   Code   RO          645    i.I2Cx_SlaveHandler  i2c_lpc17xx.o
    0x00001e3e   0x00000074   Code   RO          646    i.I2Cx_SlaveReceive  i2c_lpc17xx.o
    0x00001eb2   0x00000074   Code   RO          647    i.I2Cx_SlaveTransmit  i2c_lpc17xx.o
    0x00001f26   0x00000030   Code   RO          648    i.I2Cx_Uninitialize  i2c_lpc17xx.o
    0x00001f56   0x00000002   PAD
    0x00001f58   0x00000050   Code   RO          284    i.Init_I2C          nunchuk.o
    0x00001fa8   0x00000038   Code   RO          178    i.Init_UART         pilotageenvoie.o
    0x00001fe0   0x00000058   Code   RO          285    i.JoystickX         nunchuk.o
    0x00002038   0x00000054   Code   RO          286    i.JoystickY         nunchuk.o
    0x0000208c   0x000000fc   Code   RO         1352    i.PIN_Configure     pin_lpc17xx.o
    0x00002188   0x00000020   Code   RO         1353    i.PIN_ConfigureI2C0Pins  pin_lpc17xx.o
    0x000021a8   0x00000018   Code   RO          816    i.SSP1_Control      ssp_lpc17xx.o
    0x000021c0   0x00000014   Code   RO          817    i.SSP1_GPDMA_Rx_SignalEvent  ssp_lpc17xx.o
    0x000021d4   0x00000014   Code   RO          818    i.SSP1_GPDMA_Tx_SignalEvent  ssp_lpc17xx.o
    0x000021e8   0x00000010   Code   RO          819    i.SSP1_GetDataCount  ssp_lpc17xx.o
    0x000021f8   0x00000010   Code   RO          820    i.SSP1_GetStatus    ssp_lpc17xx.o
    0x00002208   0x00000010   Code   RO          821    i.SSP1_IRQHandler   ssp_lpc17xx.o
    0x00002218   0x00000014   Code   RO          822    i.SSP1_Initialize   ssp_lpc17xx.o
    0x0000222c   0x00000014   Code   RO          823    i.SSP1_PowerControl  ssp_lpc17xx.o
    0x00002240   0x00000018   Code   RO          824    i.SSP1_Receive      ssp_lpc17xx.o
    0x00002258   0x00000018   Code   RO          825    i.SSP1_Send         ssp_lpc17xx.o
    0x00002270   0x0000001c   Code   RO          826    i.SSP1_Transfer     ssp_lpc17xx.o
    0x0000228c   0x00000010   Code   RO          827    i.SSP1_Uninitialize  ssp_lpc17xx.o
    0x0000229c   0x0000000c   Code   RO          828    i.SSP_GetCapabilities  ssp_lpc17xx.o
    0x000022a8   0x00000010   Code   RO          829    i.SSP_GetVersion    ssp_lpc17xx.o
    0x000022b8   0x0000051e   Code   RO          830    i.SSPx_Control      ssp_lpc17xx.o
    0x000027d6   0x00000036   Code   RO          831    i.SSPx_GPDMA_Rx_SignalEvent  ssp_lpc17xx.o
    0x0000280c   0x0000001c   Code   RO          832    i.SSPx_GPDMA_Tx_SignalEvent  ssp_lpc17xx.o
    0x00002828   0x0000002c   Code   RO          833    i.SSPx_GetDataCount  ssp_lpc17xx.o
    0x00002854   0x0000005a   Code   RO          834    i.SSPx_GetStatus    ssp_lpc17xx.o
    0x000028ae   0x00000104   Code   RO          835    i.SSPx_IRQHandler   ssp_lpc17xx.o
    0x000029b2   0x000000a8   Code   RO          836    i.SSPx_Initialize   ssp_lpc17xx.o
    0x00002a5a   0x00000002   PAD
    0x00002a5c   0x000001b4   Code   RO          837    i.SSPx_PowerControl  ssp_lpc17xx.o
    0x00002c10   0x0000015c   Code   RO          838    i.SSPx_Receive      ssp_lpc17xx.o
    0x00002d6c   0x00000154   Code   RO          839    i.SSPx_Send         ssp_lpc17xx.o
    0x00002ec0   0x00000152   Code   RO          840    i.SSPx_Transfer     ssp_lpc17xx.o
    0x00003012   0x00000070   Code   RO          841    i.SSPx_Uninitialize  ssp_lpc17xx.o
    0x00003082   0x00000002   PAD
    0x00003084   0x00000060   Code   RO          179    i.SendUARTCommande  pilotageenvoie.o
    0x000030e4   0x00000038   Code   RO         1218    i.Set_Channel_active_flag  gpdma_lpc17xx.o
    0x0000311c   0x00000140   Code   RO         1399    i.SystemInit        system_lpc17xx.o
    0x0000325c   0x00000010   Code   RO          994    i.UART1_IRQHandler  uart_lpc17xx.o
    0x0000326c   0x00000018   Code   RO          995    i.USART1_Control    uart_lpc17xx.o
    0x00003284   0x00000014   Code   RO          996    i.USART1_GPDMA_Rx_Event  uart_lpc17xx.o
    0x00003298   0x00000014   Code   RO          997    i.USART1_GPDMA_Tx_Event  uart_lpc17xx.o
    0x000032ac   0x00000010   Code   RO          998    i.USART1_GetCapabilities  uart_lpc17xx.o
    0x000032bc   0x00000010   Code   RO          999    i.USART1_GetModemStatus  uart_lpc17xx.o
    0x000032cc   0x00000010   Code   RO         1000    i.USART1_GetRxCount  uart_lpc17xx.o
    0x000032dc   0x00000010   Code   RO         1001    i.USART1_GetStatus  uart_lpc17xx.o
    0x000032ec   0x00000010   Code   RO         1002    i.USART1_GetTxCount  uart_lpc17xx.o
    0x000032fc   0x00000014   Code   RO         1003    i.USART1_Initialize  uart_lpc17xx.o
    0x00003310   0x00000014   Code   RO         1004    i.USART1_PowerControl  uart_lpc17xx.o
    0x00003324   0x00000018   Code   RO         1005    i.USART1_Receive    uart_lpc17xx.o
    0x0000333c   0x00000018   Code   RO         1006    i.USART1_Send       uart_lpc17xx.o
    0x00003354   0x00000014   Code   RO         1007    i.USART1_SetModemControl  uart_lpc17xx.o
    0x00003368   0x0000001c   Code   RO         1008    i.USART1_Transfer   uart_lpc17xx.o
    0x00003384   0x00000010   Code   RO         1009    i.USART1_Uninitialize  uart_lpc17xx.o
    0x00003394   0x00000670   Code   RO         1010    i.USART_Control     uart_lpc17xx.o
    0x00003a04   0x00000086   Code   RO         1011    i.USART_GPDMA_Rx_Event  uart_lpc17xx.o
    0x00003a8a   0x0000004a   Code   RO         1012    i.USART_GPDMA_Tx_Event  uart_lpc17xx.o
    0x00003ad4   0x00000006   Code   RO         1013    i.USART_GetCapabilities  uart_lpc17xx.o
    0x00003ada   0x000000ec   Code   RO         1014    i.USART_GetModemStatus  uart_lpc17xx.o
    0x00003bc6   0x0000001c   Code   RO         1015    i.USART_GetRxCount  uart_lpc17xx.o
    0x00003be2   0x000000bc   Code   RO         1016    i.USART_GetStatus   uart_lpc17xx.o
    0x00003c9e   0x0000001c   Code   RO         1017    i.USART_GetTxCount  uart_lpc17xx.o
    0x00003cba   0x0000026c   Code   RO         1018    i.USART_IRQHandler  uart_lpc17xx.o
    0x00003f26   0x000000fe   Code   RO         1019    i.USART_Initialize  uart_lpc17xx.o
    0x00004024   0x0000024c   Code   RO         1020    i.USART_PowerControl  uart_lpc17xx.o
    0x00004270   0x00000110   Code   RO         1021    i.USART_Receive     uart_lpc17xx.o
    0x00004380   0x00000068   Code   RO         1022    i.USART_RxLineIntHandler  uart_lpc17xx.o
    0x000043e8   0x0000019c   Code   RO         1023    i.USART_Send        uart_lpc17xx.o
    0x00004584   0x00000134   Code   RO         1024    i.USART_SetBaudrate  uart_lpc17xx.o
    0x000046b8   0x000000a0   Code   RO         1025    i.USART_SetModemControl  uart_lpc17xx.o
    0x00004758   0x0000007a   Code   RO         1026    i.USART_Transfer    uart_lpc17xx.o
    0x000047d2   0x000000e2   Code   RO         1027    i.USART_Uninitialize  uart_lpc17xx.o
    0x000048b4   0x00000010   Code   RO         1028    i.USARTx_GetVersion  uart_lpc17xx.o
    0x000048c4   0x0000001c   Code   RO          649    i.__NVIC_ClearPendingIRQ  i2c_lpc17xx.o
    0x000048e0   0x0000001c   Code   RO          842    i.__NVIC_ClearPendingIRQ  ssp_lpc17xx.o
    0x000048fc   0x0000001c   Code   RO         1029    i.__NVIC_ClearPendingIRQ  uart_lpc17xx.o
    0x00004918   0x0000001c   Code   RO         1219    i.__NVIC_ClearPendingIRQ  gpdma_lpc17xx.o
    0x00004934   0x0000003c   Code   RO          650    i.__NVIC_DisableIRQ  i2c_lpc17xx.o
    0x00004970   0x0000001a   Code   RO          651    i.__NVIC_EnableIRQ  i2c_lpc17xx.o
    0x0000498a   0x00000002   PAD
    0x0000498c   0x00000028   Code   RO          287    i.__NVIC_SetPriority  nunchuk.o
    0x000049b4   0x00000046   Code   RO         2525    i._init_box         RTX_CM3.lib(rt_membox.o)
    0x000049fa   0x00000002   PAD
    0x000049fc   0x00000020   Code   RO          563    i._mutex_acquire    rtx_conf_cm.o
    0x00004a1c   0x0000001c   Code   RO          565    i._mutex_release    rtx_conf_cm.o
    0x00004a38   0x00000030   Code   RO         2578    i.dbg_init          RTX_CM3.lib(hal_cm.o)
    0x00004a68   0x00000020   Code   RO         2579    i.dbg_task_notify   RTX_CM3.lib(hal_cm.o)
    0x00004a88   0x00000010   Code   RO         2580    i.dbg_task_switch   RTX_CM3.lib(hal_cm.o)
    0x00004a98   0x0000002c   Code   RO          379    i.delay_ms          glcd_mcb1700.o
    0x00004ac4   0x0000002a   Code   RO         1434    i.isrMessageGet     RTX_CM3.lib(rt_cmsis.o)
    0x00004aee   0x0000002c   Code   RO         1435    i.isrMessagePut     RTX_CM3.lib(rt_cmsis.o)
    0x00004b1a   0x00000002   PAD
    0x00004b1c   0x00000056   Code   RO         2380    i.isr_mbx_receive   RTX_CM3.lib(rt_mailbox.o)
    0x00004b72   0x0000000e   Code   RO         2381    i.isr_mbx_send      RTX_CM3.lib(rt_mailbox.o)
    0x00004b80   0x00000084   Code   RO          250    i.main              basecan.o
    0x00004c04   0x00000024   Code   RO         1439    i.osKernelInitialize  RTX_CM3.lib(rt_cmsis.o)
    0x00004c28   0x0000006c   Code   RO         1441    i.osKernelStart     RTX_CM3.lib(rt_cmsis.o)
    0x00004c94   0x00000018   Code   RO         1450    i.osMessageGet      RTX_CM3.lib(rt_cmsis.o)
    0x00004cac   0x0000002c   Code   RO         1467    i.osThreadCreate    RTX_CM3.lib(rt_cmsis.o)
    0x00004cd8   0x00000018   Code   RO         1468    i.osThreadExit      RTX_CM3.lib(rt_cmsis.o)
    0x00004cf0   0x0000000c   Code   RO         1474    i.osTimerCall       RTX_CM3.lib(rt_cmsis.o)
    0x00004cfc   0x0000002c   Code   RO         1479    i.osTimerThread     RTX_CM3.lib(rt_cmsis.o)
    0x00004d28   0x00000022   Code   RO          566    i.os_error          rtx_conf_cm.o
    0x00004d4a   0x00000004   Code   RO          567    i.os_idle_demon     rtx_conf_cm.o
    0x00004d4e   0x00000002   PAD
    0x00004d50   0x00000028   Code   RO         2172    i.os_tick_init      RTX_CM3.lib(rt_system.o)
    0x00004d78   0x00000002   Code   RO         2173    i.os_tick_irqack    RTX_CM3.lib(rt_system.o)
    0x00004d7a   0x00000002   PAD
    0x00004d7c   0x00000044   Code   RO          380    i.rd_dat            glcd_mcb1700.o
    0x00004dc0   0x000000c8   Code   RO          381    i.rd_id_man         glcd_mcb1700.o
    0x00004e88   0x00000010   Code   RO          382    i.rd_reg            glcd_mcb1700.o
    0x00004e98   0x0000001a   Code   RO         2526    i.rt_alloc_box      RTX_CM3.lib(rt_membox.o)
    0x00004eb2   0x0000003e   Code   RO         2554    i.rt_alloc_mem      RTX_CM3.lib(rt_memory.o)
    0x00004ef0   0x00000038   Code   RO         2053    i.rt_block          RTX_CM3.lib(rt_task.o)
    0x00004f28   0x00000048   Code   RO         2503    i.rt_chk_robin      RTX_CM3.lib(rt_robin.o)
    0x00004f70   0x00000070   Code   RO         2304    i.rt_dec_dly        RTX_CM3.lib(rt_list.o)
    0x00004fe0   0x00000044   Code   RO         2054    i.rt_dispatch       RTX_CM3.lib(rt_task.o)
    0x00005024   0x00000050   Code   RO         2265    i.rt_evt_psh        RTX_CM3.lib(rt_event.o)
    0x00005074   0x0000002c   Code   RO         2527    i.rt_free_box       RTX_CM3.lib(rt_membox.o)
    0x000050a0   0x00000028   Code   RO         2555    i.rt_free_mem       RTX_CM3.lib(rt_memory.o)
    0x000050c8   0x00000028   Code   RO         2305    i.rt_get_first      RTX_CM3.lib(rt_list.o)
    0x000050f0   0x00000008   Code   RO         1484    i.rt_id2obj         RTX_CM3.lib(rt_cmsis.o)
    0x000050f8   0x00000048   Code   RO         2055    i.rt_init_context   RTX_CM3.lib(rt_task.o)
    0x00005140   0x0000001a   Code   RO         2556    i.rt_init_mem       RTX_CM3.lib(rt_memory.o)
    0x0000515a   0x00000002   PAD
    0x0000515c   0x00000018   Code   RO         2504    i.rt_init_robin     RTX_CM3.lib(rt_robin.o)
    0x00005174   0x00000080   Code   RO         2581    i.rt_init_stack     RTX_CM3.lib(hal_cm.o)
    0x000051f4   0x00000008   Code   RO         2382    i.rt_mbx_check      RTX_CM3.lib(rt_mailbox.o)
    0x000051fc   0x0000001a   Code   RO         2383    i.rt_mbx_init       RTX_CM3.lib(rt_mailbox.o)
    0x00005216   0x00000002   PAD
    0x00005218   0x000000f0   Code   RO         2384    i.rt_mbx_psh        RTX_CM3.lib(rt_mailbox.o)
    0x00005308   0x000000b4   Code   RO         2386    i.rt_mbx_wait       RTX_CM3.lib(rt_mailbox.o)
    0x000053bc   0x00000044   Code   RO         1485    i.rt_ms2tick        RTX_CM3.lib(rt_cmsis.o)
    0x00005400   0x000000d8   Code   RO         2139    i.rt_mut_release    RTX_CM3.lib(rt_mutex.o)
    0x000054d8   0x00000078   Code   RO         2140    i.rt_mut_wait       RTX_CM3.lib(rt_mutex.o)
    0x00005550   0x0000007c   Code   RO         2176    i.rt_pop_req        RTX_CM3.lib(rt_system.o)
    0x000055cc   0x00000020   Code   RO         2177    i.rt_psh_req        RTX_CM3.lib(rt_system.o)
    0x000055ec   0x0000005c   Code   RO         2307    i.rt_psq_enq        RTX_CM3.lib(rt_list.o)
    0x00005648   0x00000048   Code   RO         2308    i.rt_put_dly        RTX_CM3.lib(rt_list.o)
    0x00005690   0x00000036   Code   RO         2309    i.rt_put_prio       RTX_CM3.lib(rt_list.o)
    0x000056c6   0x00000002   PAD
    0x000056c8   0x00000014   Code   RO         2310    i.rt_put_rdy_first  RTX_CM3.lib(rt_list.o)
    0x000056dc   0x00000034   Code   RO         2311    i.rt_resort_prio    RTX_CM3.lib(rt_list.o)
    0x00005710   0x00000006   Code   RO         2582    i.rt_ret_val        RTX_CM3.lib(hal_cm.o)
    0x00005716   0x00000008   Code   RO         2583    i.rt_ret_val2       RTX_CM3.lib(hal_cm.o)
    0x0000571e   0x00000028   Code   RO         2312    i.rt_rmv_dly        RTX_CM3.lib(rt_list.o)
    0x00005746   0x00000002   PAD
    0x00005748   0x00000030   Code   RO         2313    i.rt_rmv_list       RTX_CM3.lib(rt_list.o)
    0x00005778   0x00000034   Code   RO         2431    i.rt_sem_psh        RTX_CM3.lib(rt_semaphore.o)
    0x000057ac   0x00000024   Code   RO         2179    i.rt_stk_check      RTX_CM3.lib(rt_system.o)
    0x000057d0   0x00000028   Code   RO         2056    i.rt_switch_req     RTX_CM3.lib(rt_task.o)
    0x000057f8   0x000000cc   Code   RO         2057    i.rt_sys_init       RTX_CM3.lib(rt_task.o)
    0x000058c4   0x00000078   Code   RO         2058    i.rt_sys_start      RTX_CM3.lib(rt_task.o)
    0x0000593c   0x00000040   Code   RO         2181    i.rt_systick        RTX_CM3.lib(rt_system.o)
    0x0000597c   0x00000012   Code   RO         1486    i.rt_tid2ptcb       RTX_CM3.lib(rt_cmsis.o)
    0x0000598e   0x00000002   PAD
    0x00005990   0x00000034   Code   RO         1487    i.rt_timer_insert   RTX_CM3.lib(rt_cmsis.o)
    0x000059c4   0x00000088   Code   RO         2059    i.rt_tsk_create     RTX_CM3.lib(rt_task.o)
    0x00005a4c   0x0000017c   Code   RO         2060    i.rt_tsk_delete     RTX_CM3.lib(rt_task.o)
    0x00005bc8   0x0000007c   Code   RO         2062    i.rt_tsk_prio       RTX_CM3.lib(rt_task.o)
    0x00005c44   0x00000010   Code   RO         2063    i.rt_tsk_self       RTX_CM3.lib(rt_task.o)
    0x00005c54   0x0000002c   Code   RO          383    i.spi_tran          glcd_mcb1700.o
    0x00005c80   0x00000088   Code   RO          384    i.spi_tran_man      glcd_mcb1700.o
    0x00005d08   0x00000070   Code   RO         1490    i.svcKernelInitialize  RTX_CM3.lib(rt_cmsis.o)
    0x00005d78   0x00000048   Code   RO         1492    i.svcKernelStart    RTX_CM3.lib(rt_cmsis.o)
    0x00005dc0   0x00000024   Code   RO         1495    i.svcMessageCreate  RTX_CM3.lib(rt_cmsis.o)
    0x00005de4   0x0000003a   Code   RO         1496    i.svcMessageGet     RTX_CM3.lib(rt_cmsis.o)
    0x00005e1e   0x00000002   PAD
    0x00005e20   0x0000006c   Code   RO         1510    i.svcThreadCreate   RTX_CM3.lib(rt_cmsis.o)
    0x00005e8c   0x0000001c   Code   RO         1511    i.svcThreadGetId    RTX_CM3.lib(rt_cmsis.o)
    0x00005ea8   0x00000038   Code   RO         1514    i.svcThreadTerminate  RTX_CM3.lib(rt_cmsis.o)
    0x00005ee0   0x00000018   Code   RO         1516    i.svcTimerCall      RTX_CM3.lib(rt_cmsis.o)
    0x00005ef8   0x0000005c   Code   RO         1525    i.sysTimerTick      RTX_CM3.lib(rt_cmsis.o)
    0x00005f54   0x0000004c   Code   RO          385    i.wr_cmd            glcd_mcb1700.o
    0x00005fa0   0x00000034   Code   RO          387    i.wr_dat_only       glcd_mcb1700.o
    0x00005fd4   0x00000018   Code   RO          388    i.wr_dat_start      glcd_mcb1700.o
    0x00005fec   0x00000014   Code   RO          389    i.wr_dat_stop       glcd_mcb1700.o
    0x00006000   0x00000090   Code   RO          390    i.wr_reg            glcd_mcb1700.o
    0x00006090   0x0000003c   Code   RO          289    i.write1byte        nunchuk.o
    0x000060cc   0x000018a0   Data   RO          348    .constdata          glcd_fonts.o
    0x0000796c   0x00000068   Data   RO          569    .constdata          rtx_conf_cm.o
    0x000079d4   0x00000064   Data   RO          653    .constdata          i2c_lpc17xx.o
    0x00007a38   0x0000007c   Data   RO          844    .constdata          ssp_lpc17xx.o
    0x00007ab4   0x000001d0   Data   RO         1031    .constdata          uart_lpc17xx.o
    0x00007c84   0x00000028   Data   RO         2658    .constdata          c_w.l(_printf_hex_int.o)
    0x00007cac   0x00000020   Data   RO         2872    Region$$Table       anon$$obj.o


    Execution Region RW_IRAM1 (Base: 0x10000000, Size: 0x000023c0, Max: 0x00008000, ABSOLUTE)

    Base Addr    Size         Type   Attr      Idx    E Section Name        Object

    0x10000000   0x00000014   Data   RW          180    .data               pilotageenvoie.o
    0x10000014   0x00000011   Data   RW          391    .data               glcd_mcb1700.o
    0x10000025   0x00000003   PAD
    0x10000028   0x00000014   Data   RW          570    .data               rtx_conf_cm.o
    0x1000003c   0x00000004   Data   RW          654    .data               i2c_lpc17xx.o
    0x10000040   0x00000010   Data   RW          845    .data               ssp_lpc17xx.o
    0x10000050   0x00000004   Data   RW         1032    .data               uart_lpc17xx.o
    0x10000054   0x00000008   Data   RW         1221    .data               gpdma_lpc17xx.o
    0x1000005c   0x00000004   Data   RW         1400    .data               system_lpc17xx.o
    0x10000060   0x00000008   Data   RW         1528    .data               RTX_CM3.lib(rt_cmsis.o)
    0x10000068   0x00000008   Data   RW         2065    .data               RTX_CM3.lib(rt_task.o)
    0x10000070   0x00000008   Data   RW         2184    .data               RTX_CM3.lib(rt_system.o)
    0x10000078   0x00000004   Data   RW         2474    .data               RTX_CM3.lib(rt_time.o)
    0x1000007c   0x00000008   Data   RW         2505    .data               RTX_CM3.lib(rt_robin.o)
    0x10000084   0x00000001   Data   RW         2584    .data               RTX_CM3.lib(hal_cm.o)
    0x10000085   0x00000003   PAD
    0x10000088   0x00001f50   Zero   RW          568    .bss                rtx_conf_cm.o
    0x10001fd8   0x00000024   Zero   RW          652    .bss                i2c_lpc17xx.o
    0x10001ffc   0x00000028   Zero   RW          843    .bss                ssp_lpc17xx.o
    0x10002024   0x00000034   Zero   RW         1030    .bss                uart_lpc17xx.o
    0x10002058   0x000000a0   Zero   RW         1220    .bss                gpdma_lpc17xx.o
    0x100020f8   0x00000034   Zero   RW         2064    .bss                RTX_CM3.lib(rt_task.o)
    0x1000212c   0x00000030   Zero   RW         2314    .bss                RTX_CM3.lib(rt_list.o)
    0x1000215c   0x00000060   Zero   RW         2642    .bss                c_w.l(libspace.o)
    0x100021bc   0x00000004   PAD
    0x100021c0   0x00000000   Zero   RW         1386    HEAP                startup_lpc17xx.o
    0x100021c0   0x00000200   Zero   RW         1385    STACK               startup_lpc17xx.o


==============================================================================

Image component sizes


      Code (inc. data)   RO Data    RW Data    ZI Data      Debug   Object Name

         0          0          0          0          0       4532   adc.o
       132         44          0          0          0       2615   basecan.o
         0          0       6304          0          0        736   glcd_fonts.o
      2792         98          0         17          0      17446   glcd_mcb1700.o
      1204         94          0          8        160       8062   gpdma_lpc17xx.o
         0          0          0          0          0      16736   gpio.o
       172         18          0          0          0       2294   gpio_lpc17xx.o
      2924        132        100          4         36      48252   i2c_lpc17xx.o
       352         26          0          0          0       2492   nunchuk.o
       152         20          0         20          0       8486   pilotageenvoie.o
       284         10          0          0          0       1464   pin_lpc17xx.o
       126         26        104         20       8016       8931   rtx_conf_cm.o
      3896        106        124         16         40      53235   ssp_lpc17xx.o
        64         26        204          0        512        960   startup_lpc17xx.o
       320         18          0          4          0        767   system_lpc17xx.o
      5832        152        464          4         52      32803   uart_lpc17xx.o

    ----------------------------------------------------------------------
     18264        770       7332         96       8816     209811   Object Totals
         0          0         32          0          0          0   (incl. Generated)
        14          0          0          3          0          0   (incl. Padding)

    ----------------------------------------------------------------------

      Code (inc. data)   RO Data    RW Data    ZI Data      Debug   Library Member Name

       238         24          0          1          0       3312   hal_cm.o
       304         36          0          0          0        768   hal_cm3.o
      1110        138          0          8          0      31753   rt_cmsis.o
        80          4          0          0          0        661   rt_event.o
       530         34          0          0         48       8253   rt_list.o
       554         10          0          0          0       3949   rt_mailbox.o
       140          0          0          0          0       1925   rt_membox.o
       128          0          0          0          0       2307   rt_memory.o
       336         14          0          0          0       1643   rt_mutex.o
        96         22          0          8          0       1158   rt_robin.o
        52          4          0          0          0        573   rt_semaphore.o
       298         52          0          8          0       6223   rt_system.o
      1216        174          0          8         52       9649   rt_task.o
         0          0          0          4          0        214   rt_time.o
         4          4          0          0          0        208   svc_table.o
         8          0          0          0          0         68   __main.o
       104          0          0          0          0         84   __printf.o
         0          0          0          0          0          0   __rtentry.o
        20          0          0          0          0          0   __rtentry2.o
         6          0          0          0          0          0   __rtentry4.o
        52          8          0          0          0          0   __scatter.o
        26          0          0          0          0          0   __scatter_copy.o
        28          0          0          0          0          0   __scatter_zi.o
        48          6          0          0          0         96   _printf_char_common.o
         6          0          0          0          0          0   _printf_d.o
       120         16          0          0          0         92   _printf_dec.o
        88          4         40          0          0         88   _printf_hex_int.o
       178          0          0          0          0         88   _printf_intcommon.o
         0          0          0          0          0          0   _printf_percent.o
         4          0          0          0          0          0   _printf_percent_end.o
         6          0          0          0          0          0   _printf_x.o
        10          0          0          0          0         68   _sputc.o
        18          0          0          0          0         80   exit.o
         6          0          0          0          0        152   heapauxi.o
         0          0          0          0          0          0   indicate_semi.o
         2          0          0          0          0          0   libinit.o
         2          0          0          0          0          0   libinit2.o
         2          0          0          0          0          0   libshutdown.o
         2          0          0          0          0          0   libshutdown2.o
         8          4          0          0         96         68   libspace.o
       238          0          0          0          0        100   lludivv7m.o
        40          6          0          0          0         84   noretval__2sprintf.o
        78          0          0          0          0         80   rt_memclr_w.o
         2          0          0          0          0          0   rtexit.o
        10          0          0          0          0          0   rtexit2.o
        12          4          0          0          0         68   sys_exit.o
        74          0          0          0          0         80   sys_stackheap_outer.o
         2          0          0          0          0         68   use_no_semi.o

    ----------------------------------------------------------------------
      6312        564         40         40        200      73960   Library Totals
        26          0          0          3          4          0   (incl. Padding)

    ----------------------------------------------------------------------

      Code (inc. data)   RO Data    RW Data    ZI Data      Debug   Library Name

      5086        516          0         37        100      72596   RTX_CM3.lib
      1200         48         40          0         96       1364   c_w.l

    ----------------------------------------------------------------------
      6312        564         40         40        200      73960   Library Totals

    ----------------------------------------------------------------------

==============================================================================


      Code (inc. data)   RO Data    RW Data    ZI Data      Debug   

     24576       1334       7372        136       9016     272431   Grand Totals
     24576       1334       7372        136       9016     272431   ELF Image Totals
     24576       1334       7372        136          0          0   ROM Totals

==============================================================================

    Total RO  Size (Code + RO Data)                31948 (  31.20kB)
    Total RW  Size (RW Data + ZI Data)              9152 (   8.94kB)
    Total ROM Size (Code + RO Data + RW Data)      32084 (  31.33kB)

==============================================================================

