Component: ARM Compiler 5.06 update 1 (build 61) Tool: armlink [4d35a8]

==============================================================================

Section Cross References

    adc.o(i.ADC_GetCnv) refers to adc.o(.data) for AD_last
    gpio.o(i.Ecriture_GPIO2) refers to gpio.o(i.Allumer_1LED) for Allumer_1LED
    gpio.o(i.Ecriture_GPIO2) refers to gpio.o(i.Eteindre_1LED) for Eteindre_1LED
    pilotagereception.o(i.Avancer) refers to dmul.o(x$fpl$dmul) for __aeabi_dmul
    pilotagereception.o(i.Avancer) refers to daddsub_clz.o(x$fpl$dadd) for __aeabi_dadd
    pilotagereception.o(i.Avancer) refers to pilotagereception.o(.data) for MR1
    pilotagereception.o(i.Initialisation_Pilotage) refers to glcd_mcb1700.o(i.GLCD_Initialize) for GLCD_Initialize
    pilotagereception.o(i.Initialisation_Pilotage) refers to glcd_mcb1700.o(i.GLCD_ClearScreen) for GLCD_ClearScreen
    pilotagereception.o(i.Initialisation_Pilotage) refers to glcd_mcb1700.o(i.GLCD_SetFont) for GLCD_SetFont
    pilotagereception.o(i.Initialisation_Pilotage) refers to gpio.o(i.Initialise_GPIO) for Initialise_GPIO
    pilotagereception.o(i.Initialisation_Pilotage) refers to glcd_fonts.o(.constdata) for GLCD_Font_16x24
    pilotagereception.o(i.Position_Roues) refers to dleqf.o(x$fpl$dleqf) for __aeabi_cdcmple
    pilotagereception.o(i.Position_Roues) refers to drleqf.o(x$fpl$drleqf) for __aeabi_cdrcmple
    pilotagereception.o(i.Position_Roues) refers to dmul.o(x$fpl$dmul) for __aeabi_dmul
    pilotagereception.o(i.Position_Roues) refers to daddsub_clz.o(x$fpl$dadd) for __aeabi_dadd
    pilotagereception.o(i.Position_Roues) refers to dfixu.o(x$fpl$dfixu) for __aeabi_d2uiz
    pilotagereception.o(i.TIMER0_IRQHandler) refers to deqf.o(x$fpl$deqf) for __aeabi_cdcmpeq
    pilotagereception.o(i.TIMER0_IRQHandler) refers to dfixu.o(x$fpl$dfixu) for __aeabi_d2uiz
    pilotagereception.o(i.TIMER0_IRQHandler) refers to daddsub_clz.o(x$fpl$dsub) for __aeabi_dsub
    pilotagereception.o(i.TIMER0_IRQHandler) refers to pilotagereception.o(.data) for ETAT
    uart_cb.o(i.Init_UART) refers to uart_lpc17xx.o(.constdata) for Driver_USART1
    uart_cb.o(i.Init_UART) refers to uart_cb.o(i.event_UART) for event_UART
    uart_cb.o(i.Thread_PWM) refers to rt_cmsis.o(i.osMailGet) for osMailGet
    uart_cb.o(i.Thread_PWM) refers to rt_cmsis.o(i.osMailFree) for osMailFree
    uart_cb.o(i.Thread_PWM) refers to pilotagereception.o(i.Position_Roues) for Position_Roues
    uart_cb.o(i.Thread_PWM) refers to pilotagereception.o(i.Avancer) for Avancer
    uart_cb.o(i.Thread_PWM) refers to uart_cb.o(.data) for maBAL
    uart_cb.o(i.Thread_R) refers to rt_cmsis.o(i.osSignalWait) for osSignalWait
    uart_cb.o(i.Thread_R) refers to rt_cmsis.o(i.osMailAlloc) for osMailAlloc
    uart_cb.o(i.Thread_R) refers to rt_cmsis.o(i.osMailPut) for osMailPut
    uart_cb.o(i.Thread_R) refers to uart_lpc17xx.o(.constdata) for Driver_USART1
    uart_cb.o(i.Thread_R) refers to uart_cb.o(.data) for maBAL
    uart_cb.o(i.event_UART) refers to rt_cmsis.o(i.osSignalSet) for osSignalSet
    uart_cb.o(i.event_UART) refers to uart_cb.o(.data) for tid_Thread_R
    uart_cb.o(i.main) refers to rt_cmsis.o(i.osKernelInitialize) for osKernelInitialize
    uart_cb.o(i.main) refers to pilotagereception.o(i.Initialisation_Pilotage) for Initialisation_Pilotage
    uart_cb.o(i.main) refers to uart_cb.o(i.Init_UART) for Init_UART
    uart_cb.o(i.main) refers to rt_cmsis.o(i.osMailCreate) for osMailCreate
    uart_cb.o(i.main) refers to rt_cmsis.o(i.osThreadCreate) for osThreadCreate
    uart_cb.o(i.main) refers to rt_cmsis.o(i.osKernelStart) for osKernelStart
    uart_cb.o(i.main) refers to rt_cmsis.o(i.osDelay) for osDelay
    uart_cb.o(i.main) refers to uart_cb.o(.constdata) for os_mailQ_def_maBAL
    uart_cb.o(i.main) refers to uart_cb.o(.data) for maBAL
    uart_cb.o(.constdata) refers to uart_cb.o(.data) for os_mailQ_p_maBAL
    uart_cb.o(.constdata) refers to uart_cb.o(i.Thread_R) for Thread_R
    uart_cb.o(.constdata) refers to uart_cb.o(i.Thread_PWM) for Thread_PWM
    uart_cb.o(.data) refers to uart_cb.o(.bss) for os_mailQ_q_maBAL
    glcd_mcb1700.o(i.GLCD_ClearScreen) refers to glcd_mcb1700.o(i.GLCD_WindowMax) for GLCD_WindowMax
    glcd_mcb1700.o(i.GLCD_ClearScreen) refers to glcd_mcb1700.o(i.wr_cmd) for wr_cmd
    glcd_mcb1700.o(i.GLCD_ClearScreen) refers to glcd_mcb1700.o(i.wr_dat_start) for wr_dat_start
    glcd_mcb1700.o(i.GLCD_ClearScreen) refers to glcd_mcb1700.o(i.wr_dat_only) for wr_dat_only
    glcd_mcb1700.o(i.GLCD_ClearScreen) refers to glcd_mcb1700.o(i.wr_dat_stop) for wr_dat_stop
    glcd_mcb1700.o(i.GLCD_ClearScreen) refers to glcd_mcb1700.o(.data) for background_color
    glcd_mcb1700.o(i.GLCD_DrawBargraph) refers to glcd_mcb1700.o(i.GLCD_SetWindow) for GLCD_SetWindow
    glcd_mcb1700.o(i.GLCD_DrawBargraph) refers to glcd_mcb1700.o(i.wr_cmd) for wr_cmd
    glcd_mcb1700.o(i.GLCD_DrawBargraph) refers to glcd_mcb1700.o(i.wr_dat_start) for wr_dat_start
[...]
    i.rt_evt_wait                            0x000050a8   Section        0  rt_event.o(i.rt_evt_wait)
    i.rt_free_box                            0x000050e4   Section        0  rt_membox.o(i.rt_free_box)
    i.rt_free_mem                            0x00005110   Section        0  rt_memory.o(i.rt_free_mem)
    i.rt_get_first                           0x00005138   Section        0  rt_list.o(i.rt_get_first)
    i.rt_id2obj                              0x00005160   Section        0  rt_cmsis.o(i.rt_id2obj)
    rt_id2obj                                0x00005161   Thumb Code     8  rt_cmsis.o(i.rt_id2obj)
    i.rt_init_context                        0x00005168   Section        0  rt_task.o(i.rt_init_context)
    rt_init_context                          0x00005169   Thumb Code    66  rt_task.o(i.rt_init_context)
    i.rt_init_mem                            0x000051b0   Section        0  rt_memory.o(i.rt_init_mem)
    i.rt_init_robin                          0x000051cc   Section        0  rt_robin.o(i.rt_init_robin)
    i.rt_init_stack                          0x000051e4   Section        0  hal_cm.o(i.rt_init_stack)
    i.rt_mbx_check                           0x00005264   Section        0  rt_mailbox.o(i.rt_mbx_check)
    i.rt_mbx_init                            0x0000526c   Section        0  rt_mailbox.o(i.rt_mbx_init)
    i.rt_mbx_psh                             0x00005288   Section        0  rt_mailbox.o(i.rt_mbx_psh)
    i.rt_mbx_send                            0x00005378   Section        0  rt_mailbox.o(i.rt_mbx_send)
    i.rt_mbx_wait                            0x00005410   Section        0  rt_mailbox.o(i.rt_mbx_wait)
    i.rt_ms2tick                             0x000054c4   Section        0  rt_cmsis.o(i.rt_ms2tick)
    rt_ms2tick                               0x000054c5   Thumb Code    58  rt_cmsis.o(i.rt_ms2tick)
    i.rt_mut_release                         0x00005508   Section        0  rt_mutex.o(i.rt_mut_release)
    i.rt_mut_wait                            0x000055e0   Section        0  rt_mutex.o(i.rt_mut_wait)
    i.rt_pop_req                             0x00005658   Section        0  rt_system.o(i.rt_pop_req)
    i.rt_psh_req                             0x000056d4   Section        0  rt_system.o(i.rt_psh_req)
    i.rt_psq_enq                             0x000056f4   Section        0  rt_list.o(i.rt_psq_enq)
    i.rt_put_dly                             0x00005750   Section        0  rt_list.o(i.rt_put_dly)
    i.rt_put_prio                            0x00005798   Section        0  rt_list.o(i.rt_put_prio)
    i.rt_put_rdy_first                       0x000057d0   Section        0  rt_list.o(i.rt_put_rdy_first)
    i.rt_resort_prio                         0x000057e4   Section        0  rt_list.o(i.rt_resort_prio)
    i.rt_ret_val                             0x00005818   Section        0  hal_cm.o(i.rt_ret_val)
    i.rt_ret_val2                            0x0000581e   Section        0  hal_cm.o(i.rt_ret_val2)
    i.rt_rmv_dly                             0x00005826   Section        0  rt_list.o(i.rt_rmv_dly)
    i.rt_rmv_list                            0x00005850   Section        0  rt_list.o(i.rt_rmv_list)
    i.rt_sem_psh                             0x00005880   Section        0  rt_semaphore.o(i.rt_sem_psh)
    i.rt_stk_check                           0x000058b4   Section        0  rt_system.o(i.rt_stk_check)
    i.rt_switch_req                          0x000058d8   Section        0  rt_task.o(i.rt_switch_req)
    i.rt_sys_init                            0x00005900   Section        0  rt_task.o(i.rt_sys_init)
    i.rt_sys_start                           0x000059cc   Section        0  rt_task.o(i.rt_sys_start)
    i.rt_systick                             0x00005a44   Section        0  rt_system.o(i.rt_systick)
    i.rt_tid2ptcb                            0x00005a84   Section        0  rt_cmsis.o(i.rt_tid2ptcb)
    rt_tid2ptcb                              0x00005a85   Thumb Code    18  rt_cmsis.o(i.rt_tid2ptcb)
    i.rt_timer_insert                        0x00005a98   Section        0  rt_cmsis.o(i.rt_timer_insert)
    rt_timer_insert                          0x00005a99   Thumb Code    48  rt_cmsis.o(i.rt_timer_insert)
    i.rt_tsk_create                          0x00005acc   Section        0  rt_task.o(i.rt_tsk_create)
    i.rt_tsk_delete                          0x00005b54   Section        0  rt_task.o(i.rt_tsk_delete)
    i.rt_tsk_prio                            0x00005cd0   Section        0  rt_task.o(i.rt_tsk_prio)
    i.rt_tsk_self                            0x00005d4c   Section        0  rt_task.o(i.rt_tsk_self)
    i.spi_tran                               0x00005d5c   Section        0  glcd_mcb1700.o(i.spi_tran)
    spi_tran                                 0x00005d5d   Thumb Code    40  glcd_mcb1700.o(i.spi_tran)
    i.spi_tran_man                           0x00005d88   Section        0  glcd_mcb1700.o(i.spi_tran_man)
    spi_tran_man                             0x00005d89   Thumb Code   132  glcd_mcb1700.o(i.spi_tran_man)
    i.svcDelay                               0x00005e10   Section        0  rt_cmsis.o(i.svcDelay)
    i.svcKernelInitialize                    0x00005e24   Section        0  rt_cmsis.o(i.svcKernelInitialize)
    i.svcKernelStart                         0x00005e94   Section        0  rt_cmsis.o(i.svcKernelStart)
    i.svcMailCreate                          0x00005edc   Section        0  rt_cmsis.o(i.svcMailCreate)
    i.svcMessageCreate                       0x00005f1e   Section        0  rt_cmsis.o(i.svcMessageCreate)
    i.svcMessageGet                          0x00005f42   Section        0  rt_cmsis.o(i.svcMessageGet)
    i.svcMessagePut                          0x00005f7c   Section        0  rt_cmsis.o(i.svcMessagePut)
    i.svcSignalSet                           0x00005fb2   Section        0  rt_cmsis.o(i.svcSignalSet)
    i.svcSignalWait                          0x00005fd8   Section        0  rt_cmsis.o(i.svcSignalWait)
    i.svcThreadCreate                        0x0000602c   Section        0  rt_cmsis.o(i.svcThreadCreate)
    i.svcThreadGetId                         0x00006098   Section        0  rt_cmsis.o(i.svcThreadGetId)
    i.svcThreadTerminate                     0x000060b4   Section        0  rt_cmsis.o(i.svcThreadTerminate)
    i.svcTimerCall                           0x000060ec   Section        0  rt_cmsis.o(i.svcTimerCall)
    i.sysMailAlloc                           0x00006104   Section        0  rt_cmsis.o(i.sysMailAlloc)
    i.sysMailFree                            0x0000615c   Section        0  rt_cmsis.o(i.sysMailFree)
    i.sysTimerTick                           0x000061bc   Section        0  rt_cmsis.o(i.sysTimerTick)
    i.wr_cmd                                 0x00006218   Section        0  glcd_mcb1700.o(i.wr_cmd)
    wr_cmd                                   0x00006219   Thumb Code    70  glcd_mcb1700.o(i.wr_cmd)
    i.wr_dat_only                            0x00006264   Section        0  glcd_mcb1700.o(i.wr_dat_only)
    wr_dat_only                              0x00006265   Thumb Code    46  glcd_mcb1700.o(i.wr_dat_only)
    i.wr_dat_start                           0x00006298   Section        0  glcd_mcb1700.o(i.wr_dat_start)
    wr_dat_start                             0x00006299   Thumb Code    20  glcd_mcb1700.o(i.wr_dat_start)
    i.wr_dat_stop                            0x000062b0   Section        0  glcd_mcb1700.o(i.wr_dat_stop)
    wr_dat_stop                              0x000062b1   Thumb Code    14  glcd_mcb1700.o(i.wr_dat_stop)
    i.wr_reg                                 0x000062c4   Section        0  glcd_mcb1700.o(i.wr_reg)
    wr_reg                                   0x000062c5   Thumb Code   140  glcd_mcb1700.o(i.wr_reg)
    x$fpl$dadd                               0x00006354   Section      336  daddsub_clz.o(x$fpl$dadd)
    _dadd1                                   0x00006365   Thumb Code     0  daddsub_clz.o(x$fpl$dadd)
    x$fpl$dcmpinf                            0x000064a4   Section       24  dcmpi.o(x$fpl$dcmpinf)
    x$fpl$deqf                               0x000064bc   Section      120  deqf.o(x$fpl$deqf)
    x$fpl$dfixu                              0x00006534   Section       90  dfixu.o(x$fpl$dfixu)
    x$fpl$dleqf                              0x00006590   Section      120  dleqf.o(x$fpl$dleqf)
    x$fpl$dmul                               0x00006608   Section      340  dmul.o(x$fpl$dmul)
    x$fpl$dnaninf                            0x0000675c   Section      156  dnaninf.o(x$fpl$dnaninf)
    x$fpl$dretinf                            0x000067f8   Section       12  dretinf.o(x$fpl$dretinf)
    x$fpl$drleqf                             0x00006804   Section      108  drleqf.o(x$fpl$drleqf)
    x$fpl$dsub                               0x00006870   Section      468  daddsub_clz.o(x$fpl$dsub)
    _dsub1                                   0x00006881   Thumb Code     0  daddsub_clz.o(x$fpl$dsub)
    .constdata                               0x00006a44   Section       44  uart_cb.o(.constdata)
    x$fpl$usenofp                            0x00006a44   Section        0  usenofp.o(x$fpl$usenofp)
    .constdata                               0x00006a70   Section     6304  glcd_fonts.o(.constdata)
    Font_6x8_h                               0x00006a70   Data         896  glcd_fonts.o(.constdata)
    Font_16x24_h                             0x00006df0   Data        5376  glcd_fonts.o(.constdata)
    .constdata                               0x00008310   Section      104  rtx_conf_cm.o(.constdata)
    __tagsym$$used                           0x0000832c   Number         0  rtx_conf_cm.o(.constdata)
    __tagsym$$used                           0x00008330   Number         0  rtx_conf_cm.o(.constdata)
    __tagsym$$used                           0x00008334   Number         0  rtx_conf_cm.o(.constdata)
    __tagsym$$used                           0x00008338   Number         0  rtx_conf_cm.o(.constdata)
    .constdata                               0x00008378   Section      100  i2c_lpc17xx.o(.constdata)
    DriverVersion                            0x00008378   Data           4  i2c_lpc17xx.o(.constdata)
    DriverCapabilities                       0x0000837c   Data           4  i2c_lpc17xx.o(.constdata)
    I2C0_Resources                           0x00008380   Data          44  i2c_lpc17xx.o(.constdata)
    .constdata                               0x000083dc   Section      124  ssp_lpc17xx.o(.constdata)
    DriverVersion                            0x000083dc   Data           4  ssp_lpc17xx.o(.constdata)
    DriverCapabilities                       0x000083e0   Data           4  ssp_lpc17xx.o(.constdata)
    SSP1_Resources                           0x000083e4   Data          72  ssp_lpc17xx.o(.constdata)
    .constdata                               0x00008458   Section      464  uart_lpc17xx.o(.constdata)
    usart_driver_version                     0x00008458   Data           4  uart_lpc17xx.o(.constdata)
    fract_div_lookup_table                   0x0000845c   Data         288  uart_lpc17xx.o(.constdata)
    USART1_DMA_Tx                            0x0000857c   Data           8  uart_lpc17xx.o(.constdata)
    USART1_DMA_Rx                            0x00008584   Data           8  uart_lpc17xx.o(.constdata)
    USART1_Resources                         0x0000858c   Data         100  uart_lpc17xx.o(.constdata)
    .data                                    0x10000000   Section       16  pilotagereception.o(.data)
    .data                                    0x10000010   Section       20  uart_cb.o(.data)
    .data                                    0x10000024   Section       17  glcd_mcb1700.o(.data)
    spi1_pins                                0x10000024   Data           8  glcd_mcb1700.o(.data)
    foreground_color                         0x1000002c   Data           2  glcd_mcb1700.o(.data)
    background_color                         0x1000002e   Data           2  glcd_mcb1700.o(.data)
    active_font                              0x10000030   Data           4  glcd_mcb1700.o(.data)
    Himax                                    0x10000034   Data           1  glcd_mcb1700.o(.data)
    .data                                    0x10000038   Section       20  rtx_conf_cm.o(.data)
    nr_mutex                                 0x10000048   Data           4  rtx_conf_cm.o(.data)
    .data                                    0x1000004c   Section        4  i2c_lpc17xx.o(.data)
    .data                                    0x10000050   Section       16  ssp_lpc17xx.o(.data)
    SSP1_pin_sck                             0x10000050   Data           2  ssp_lpc17xx.o(.data)
    SSP1_pin_miso                            0x10000052   Data           2  ssp_lpc17xx.o(.data)
    SSP1_pin_mosi                            0x10000054   Data           2  ssp_lpc17xx.o(.data)
    SSP1_pin_ssel                            0x10000056   Data           2  ssp_lpc17xx.o(.data)
    dummy_data                               0x10000058   Data           4  ssp_lpc17xx.o(.data)
    dummy_data                               0x1000005c   Data           4  ssp_lpc17xx.o(.data)
    .data                                    0x10000060   Section        4  uart_lpc17xx.o(.data)
    USART1_pin_tx                            0x10000060   Data           2  uart_lpc17xx.o(.data)
    USART1_pin_rx                            0x10000062   Data           2  uart_lpc17xx.o(.data)
    .data                                    0x10000064   Section        8  gpdma_lpc17xx.o(.data)
    Channel_active                           0x10000064   Data           4  gpdma_lpc17xx.o(.data)
    Init_cnt                                 0x10000068   Data           4  gpdma_lpc17xx.o(.data)
    .data                                    0x1000006c   Section        4  system_lpc17xx.o(.data)
    .data                                    0x10000070   Section        8  rt_cmsis.o(.data)
    .data                                    0x10000078   Section        8  rt_task.o(.data)
    .data                                    0x10000080   Section        8  rt_system.o(.data)
    os_lock                                  0x10000080   Data           1  rt_system.o(.data)
    os_psh_flag                              0x10000081   Data           1  rt_system.o(.data)
    pend_flags                               0x10000082   Data           1  rt_system.o(.data)
    .data                                    0x10000088   Section        4  rt_time.o(.data)
    .data                                    0x1000008c   Section        8  rt_robin.o(.data)
    .data                                    0x10000094   Section        1  hal_cm.o(.data)
    .bss                                     0x10000098   Section     1628  uart_cb.o(.bss)
    .bss                                     0x100006f8   Section     8016  rtx_conf_cm.o(.bss)
    std_libspace                             0x10002328   Data         672  rtx_conf_cm.o(.bss)
    std_libmutex                             0x100025c8   Data         128  rtx_conf_cm.o(.bss)
    .bss                                     0x10002648   Section       36  i2c_lpc17xx.o(.bss)
    I2C0_Ctrl                                0x10002648   Data          36  i2c_lpc17xx.o(.bss)
    .bss                                     0x1000266c   Section       40  ssp_lpc17xx.o(.bss)
    SSP1_Info                                0x1000266c   Data          12  ssp_lpc17xx.o(.bss)
    SSP1_Xfer                                0x10002678   Data          28  ssp_lpc17xx.o(.bss)
    .bss                                     0x10002694   Section       52  uart_lpc17xx.o(.bss)
    USART1_Info                              0x10002694   Data          52  uart_lpc17xx.o(.bss)
    .bss                                     0x100026c8   Section      160  gpdma_lpc17xx.o(.bss)
    Channel_info                             0x100026c8   Data         160  gpdma_lpc17xx.o(.bss)
    .bss                                     0x10002768   Section       52  rt_task.o(.bss)
    .bss                                     0x1000279c   Section       48  rt_list.o(.bss)
    .bss                                     0x100027cc   Section       96  libspace.o(.bss)
    HEAP                                     0x10002830   Section        0  startup_lpc17xx.o(HEAP)
    STACK                                    0x10002830   Section      512  startup_lpc17xx.o(STACK)
    Heap_Mem                                 0x10002830   Data           0  startup_lpc17xx.o(HEAP)
    Stack_Mem                                0x10002830   Data         512  startup_lpc17xx.o(STACK)
    __initial_sp                             0x10002a30   Data           0  startup_lpc17xx.o(STACK)

    Global Symbols

    Symbol Name                              Value     Ov Type        Size  Object(Section)

    BuildAttributes$$THM_ISAv4$P$D$K$B$S$PE$A:L22UL41UL21$X:L11$S22US41US21$IEEE1$IW$USESV6$~STKCKD$USESV7$~SHL$OSPACE$ROPI$EBA8$UX$STANDARDLIB$REQ8$PRES8$EABIv2 0x00000000   Number         0  anon$$obj.o ABSOLUTE
    __ARM_use_no_argv                        0x00000000   Number         0  uart_cb.o ABSOLUTE
    __Vectors                                0x00000000   Data           4  startup_lpc17xx.o(RESET)
    __ARM_exceptions_init                     - Undefined Weak Reference
    __alloca_initialize                       - Undefined Weak Reference
    __arm_preinit_                            - Undefined Weak Reference
    __cpp_initialize__aeabi_                  - Undefined Weak Reference
    __cxa_finalize                            - Undefined Weak Reference
    __rt_locale                               - Undefined Weak Reference
    __sigvec_lookup                           - Undefined Weak Reference
    _atexit_init                              - Undefined Weak Reference
    _call_atexit_fns                          - Undefined Weak Reference
    _clock_init                               - Undefined Weak Reference
    _fp_trap_init                             - Undefined Weak Reference
    _fp_trap_shutdown                         - Undefined Weak Reference
    _get_lc_collate                           - Undefined Weak Reference
    _get_lc_ctype                             - Undefined Weak Reference
    _get_lc_monetary                          - Undefined Weak Reference
    _get_lc_numeric                           - Undefined Weak Reference
    _get_lc_time                              - Undefined Weak Reference
    _getenv_init                              - Undefined Weak Reference
    _handle_redirection                       - Undefined Weak Reference
    _init_alloc                               - Undefined Weak Reference
    _init_user_alloc                          - Undefined Weak Reference
    _initio                                   - Undefined Weak Reference
    _rand_init                                - Undefined Weak Reference
    _signal_finish                            - Undefined Weak Reference
    _signal_init                              - Undefined Weak Reference
    _terminate_alloc                          - Undefined Weak Reference
    _terminate_user_alloc                     - Undefined Weak Reference
    _terminateio                              - Undefined Weak Reference
    __main                                   0x000000cd   Thumb Code     8  __main.o(!!!main)
    __scatterload                            0x000000d5   Thumb Code     0  __scatter.o(!!!scatter)
    __scatterload_rt2                        0x000000d5   Thumb Code    44  __scatter.o(!!!scatter)
    __scatterload_rt2_thumb_only             0x000000d5   Thumb Code     0  __scatter.o(!!!scatter)
    __scatterload_null                       0x000000e3   Thumb Code     0  __scatter.o(!!!scatter)
    __scatterload_copy                       0x00000109   Thumb Code    26  __scatter_copy.o(!!handler_copy)
    __scatterload_zeroinit                   0x00000125   Thumb Code    28  __scatter_zi.o(!!handler_zi)
    __rt_lib_init                            0x00000141   Thumb Code     0  libinit.o(.ARM.Collect$$libinit$$00000000)
    __rt_lib_init_alloca_1                   0x00000143   Thumb Code     0  libinit2.o(.ARM.Collect$$libinit$$0000002E)
    __rt_lib_init_argv_1                     0x00000143   Thumb Code     0  libinit2.o(.ARM.Collect$$libinit$$0000002C)
    __rt_lib_init_atexit_1                   0x00000143   Thumb Code     0  libinit2.o(.ARM.Collect$$libinit$$0000001B)
    __rt_lib_init_clock_1                    0x00000143   Thumb Code     0  libinit2.o(.ARM.Collect$$libinit$$00000021)
    __rt_lib_init_cpp_1                      0x00000143   Thumb Code     0  libinit2.o(.ARM.Collect$$libinit$$00000032)
    __rt_lib_init_exceptions_1               0x00000143   Thumb Code     0  libinit2.o(.ARM.Collect$$libinit$$00000030)
    __rt_lib_init_fp_1                       0x00000143   Thumb Code     0  libinit2.o(.ARM.Collect$$libinit$$00000002)
    __rt_lib_init_fp_trap_1                  0x00000143   Thumb Code     0  libinit2.o(.ARM.Collect$$libinit$$0000001F)
    __rt_lib_init_getenv_1                   0x00000143   Thumb Code     0  libinit2.o(.ARM.Collect$$libinit$$00000023)
    __rt_lib_init_heap_1                     0x00000143   Thumb Code     0  libinit2.o(.ARM.Collect$$libinit$$0000000A)
    __rt_lib_init_lc_collate_1               0x00000143   Thumb Code     0  libinit2.o(.ARM.Collect$$libinit$$00000011)
    __rt_lib_init_lc_ctype_1                 0x00000143   Thumb Code     0  libinit2.o(.ARM.Collect$$libinit$$00000013)
    __rt_lib_init_lc_monetary_1              0x00000143   Thumb Code     0  libinit2.o(.ARM.Collect$$libinit$$00000015)
    __rt_lib_init_lc_numeric_1               0x00000143   Thumb Code     0  libinit2.o(.ARM.Collect$$libinit$$00000017)
    __rt_lib_init_lc_time_1                  0x00000143   Thumb Code     0  libinit2.o(.ARM.Collect$$libinit$$00000019)
    __rt_lib_init_preinit_1                  0x00000143   Thumb Code     0  libinit2.o(.ARM.Collect$$libinit$$00000004)
    __rt_lib_init_rand_1                     0x00000143   Thumb Code     0  libinit2.o(.ARM.Collect$$libinit$$0000000E)
    __rt_lib_init_return                     0x00000143   Thumb Code     0  libinit2.o(.ARM.Collect$$libinit$$00000033)
    __rt_lib_init_signal_1                   0x00000143   Thumb Code     0  libinit2.o(.ARM.Collect$$libinit$$0000001D)
    __rt_lib_init_stdio_1                    0x00000143   Thumb Code     0  libinit2.o(.ARM.Collect$$libinit$$00000025)
    __rt_lib_init_user_alloc_1               0x00000143   Thumb Code     0  libinit2.o(.ARM.Collect$$libinit$$0000000C)
    __rt_lib_shutdown                        0x00000145   Thumb Code     0  libshutdown.o(.ARM.Collect$$libshutdown$$00000000)
    __rt_lib_shutdown_cpp_1                  0x00000147   Thumb Code     0  libshutdown2.o(.ARM.Collect$$libshutdown$$00000002)
    __rt_lib_shutdown_fp_trap_1              0x00000147   Thumb Code     0  libshutdown2.o(.ARM.Collect$$libshutdown$$00000007)
    __rt_lib_shutdown_heap_1                 0x00000147   Thumb Code     0  libshutdown2.o(.ARM.Collect$$libshutdown$$0000000F)
    __rt_lib_shutdown_return                 0x00000147   Thumb Code     0  libshutdown2.o(.ARM.Collect$$libshutdown$$00000010)
    __rt_lib_shutdown_signal_1               0x00000147   Thumb Code     0  libshutdown2.o(.ARM.Collect$$libshutdown$$0000000A)
    __rt_lib_shutdown_stdio_1                0x00000147   Thumb Code     0  libshutdown2.o(.ARM.Collect$$libshutdown$$00000004)
    __rt_lib_shutdown_user_alloc_1           0x00000147   Thumb Code     0  libshutdown2.o(.ARM.Collect$$libshutdown$$0000000C)
    __rt_entry                               0x00000149   Thumb Code     0  __rtentry.o(.ARM.Collect$$rtentry$$00000000)
    __rt_entry_presh_1                       0x00000149   Thumb Code     0  __rtentry2.o(.ARM.Collect$$rtentry$$00000002)
    __rt_entry_sh                            0x00000149   Thumb Code     0  __rtentry4.o(.ARM.Collect$$rtentry$$00000004)
    __rt_entry_li                            0x0000014f   Thumb Code     0  __rtentry2.o(.ARM.Collect$$rtentry$$0000000A)
    __rt_entry_postsh_1                      0x0000014f   Thumb Code     0  __rtentry2.o(.ARM.Collect$$rtentry$$00000009)
    __rt_entry_postli_1                      0x00000153   Thumb Code     0  __rtentry2.o(.ARM.Collect$$rtentry$$0000000B)
    __rt_entry_main                          0x0000015b   Thumb Code     0  __rtentry2.o(.ARM.Collect$$rtentry$$0000000D)
    __rt_exit                                0x00000163   Thumb Code     0  rtexit.o(.ARM.Collect$$rtexit$$00000000)
    __rt_exit_ls                             0x00000165   Thumb Code     0  rtexit2.o(.ARM.Collect$$rtexit$$00000003)
    __rt_exit_prels_1                        0x00000165   Thumb Code     0  rtexit2.o(.ARM.Collect$$rtexit$$00000002)
    __rt_exit_exit                           0x00000169   Thumb Code     0  rtexit2.o(.ARM.Collect$$rtexit$$00000004)
    _platform_post_lib_init                  0x00000171   Thumb Code    24  rtx_conf_cm.o(.emb_text)
    rt_set_PSP                               0x0000018d   Thumb Code     6  hal_cm3.o(.emb_text)
    rt_get_PSP                               0x00000193   Thumb Code     6  hal_cm3.o(.emb_text)
    os_set_env                               0x00000199   Thumb Code    24  hal_cm3.o(.emb_text)
    _alloc_box                               0x000001b5   Thumb Code    28  hal_cm3.o(.emb_text)
    _free_box                                0x000001d5   Thumb Code    28  hal_cm3.o(.emb_text)
    SVC_Handler                              0x000001f5   Thumb Code   108  hal_cm3.o(.emb_text)
    PendSV_Handler                           0x0000026d   Thumb Code    56  hal_cm3.o(.emb_text)
    SysTick_Handler                          0x000002a9   Thumb Code     8  hal_cm3.o(.emb_text)
    OS_Tick_Handler                          0x000002b1   Thumb Code    12  hal_cm3.o(.emb_text)
    Reset_Handler                            0x000002bd   Thumb Code     8  startup_lpc17xx.o(.text)
    NMI_Handler                              0x000002c5   Thumb Code     2  startup_lpc17xx.o(.text)
    HardFault_Handler                        0x000002c7   Thumb Code     2  startup_lpc17xx.o(.text)
    MemManage_Handler                        0x000002c9   Thumb Code     2  startup_lpc17xx.o(.text)
    BusFault_Handler                         0x000002cb   Thumb Code     2  startup_lpc17xx.o(.text)
    UsageFault_Handler                       0x000002cd   Thumb Code     2  startup_lpc17xx.o(.text)
    DebugMon_Handler                         0x000002d1   Thumb Code     2  startup_lpc17xx.o(.text)
    ADC_IRQHandler                           0x000002d7   Thumb Code     0  startup_lpc17xx.o(.text)
    BOD_IRQHandler                           0x000002d7   Thumb Code     0  startup_lpc17xx.o(.text)
    CANActivity_IRQHandler                   0x000002d7   Thumb Code     0  startup_lpc17xx.o(.text)
    CAN_IRQHandler                           0x000002d7   Thumb Code     0  startup_lpc17xx.o(.text)
    EINT0_IRQHandler                         0x000002d7   Thumb Code     0  startup_lpc17xx.o(.text)
    EINT1_IRQHandler                         0x000002d7   Thumb Code     0  startup_lpc17xx.o(.text)
    EINT2_IRQHandler                         0x000002d7   Thumb Code     0  startup_lpc17xx.o(.text)
    EINT3_IRQHandler                         0x000002d7   Thumb Code     0  startup_lpc17xx.o(.text)
    ENET_IRQHandler                          0x000002d7   Thumb Code     0  startup_lpc17xx.o(.text)
    I2C1_IRQHandler                          0x000002d7   Thumb Code     0  startup_lpc17xx.o(.text)
    I2C2_IRQHandler                          0x000002d7   Thumb Code     0  startup_lpc17xx.o(.text)
    I2S_IRQHandler                           0x000002d7   Thumb Code     0  startup_lpc17xx.o(.text)
    MCPWM_IRQHandler                         0x000002d7   Thumb Code     0  startup_lpc17xx.o(.text)
    PLL0_IRQHandler                          0x000002d7   Thumb Code     0  startup_lpc17xx.o(.text)
    PLL1_IRQHandler                          0x000002d7   Thumb Code     0  startup_lpc17xx.o(.text)
    PWM1_IRQHandler                          0x000002d7   Thumb Code     0  startup_lpc17xx.o(.text)
    QEI_IRQHandler                           0x000002d7   Thumb Code     0  startup_lpc17xx.o(.text)
    RIT_IRQHandler                           0x000002d7   Thumb Code     0  startup_lpc17xx.o(.text)
    RTC_IRQHandler                           0x000002d7   Thumb Code     0  startup_lpc17xx.o(.text)
    SPI_IRQHandler                           0x000002d7   Thumb Code     0  startup_lpc17xx.o(.text)
    SSP0_IRQHandler                          0x000002d7   Thumb Code     0  startup_lpc17xx.o(.text)
    TIMER1_IRQHandler                        0x000002d7   Thumb Code     0  startup_lpc17xx.o(.text)
    TIMER2_IRQHandler                        0x000002d7   Thumb Code     0  startup_lpc17xx.o(.text)
    TIMER3_IRQHandler                        0x000002d7   Thumb Code     0  startup_lpc17xx.o(.text)
    UART0_IRQHandler                         0x000002d7   Thumb Code     0  startup_lpc17xx.o(.text)
    UART2_IRQHandler                         0x000002d7   Thumb Code     0  startup_lpc17xx.o(.text)
    UART3_IRQHandler                         0x000002d7   Thumb Code     0  startup_lpc17xx.o(.text)
    USBActivity_IRQHandler                   0x000002d7   Thumb Code     0  startup_lpc17xx.o(.text)
    USB_IRQHandler                           0x000002d7   Thumb Code     0  startup_lpc17xx.o(.text)
    WDT_IRQHandler                           0x000002d7   Thumb Code     0  startup_lpc17xx.o(.text)
    __user_initial_stackheap                 0x000002d9   Thumb Code     0  startup_lpc17xx.o(.text)
    __I$use$semihosting                      0x000002f9   Thumb Code     0  use_no_semi.o(.text)
    __use_no_semihosting_swi                 0x000002f9   Thumb Code     2  use_no_semi.o(.text)
    __semihosting_library_function           0x000002fb   Thumb Code     0  indicate_semi.o(.text)
    os_tick_irqack                           0x000002fb   Thumb Code     2  rt_system.o(i.os_tick_irqack)
    __user_libspace                          0x00000301   Thumb Code     8  libspace.o(.text)
    __user_perproc_libspace                  0x00000301   Thumb Code     0  libspace.o(.text)
    __aeabi_uldivmod                         0x00000309   Thumb Code     0  lludivv7m.o(.text)
    _ll_udiv                                 0x00000309   Thumb Code   238  lludivv7m.o(.text)
    exit                                     0x000003f7   Thumb Code    18  exit.o(.text)
    __aeabi_memclr4                          0x00000409   Thumb Code     0  rt_memclr_w.o(.text)
    __aeabi_memclr8                          0x00000409   Thumb Code     0  rt_memclr_w.o(.text)
    __rt_memclr_w                            0x00000409   Thumb Code    78  rt_memclr_w.o(.text)
    _memset_w                                0x0000040d   Thumb Code     0  rt_memclr_w.o(.text)
    __use_two_region_memory                  0x00000457   Thumb Code     2  heapauxi.o(.text)
    __rt_heap_escrow$2region                 0x00000459   Thumb Code     2  heapauxi.o(.text)
    __rt_heap_expand$2region                 0x0000045b   Thumb Code     2  heapauxi.o(.text)
    _sys_exit                                0x0000045d   Thumb Code     8  sys_exit.o(.text)
    __user_setup_stackheap                   0x00000469   Thumb Code    74  sys_stackheap_outer.o(.text)
    __RL_RTX_VER                             0x00000482   Number         0  rt_system.o ABSOLUTE
    SVC_Count                                0x000004b4   Data           4  svc_table.o(SVC_TABLE)
    Avancer                                  0x000004b9   Thumb Code    40  pilotagereception.o(i.Avancer)
    SVC_Table                                0x000004b8   Data           0  svc_table.o(SVC_TABLE)
    DMA_IRQHandler                           0x0000050d   Thumb Code   372  gpdma_lpc17xx.o(i.DMA_IRQHandler)
    GLCD_ClearScreen                         0x0000068d   Thumb Code    44  glcd_mcb1700.o(i.GLCD_ClearScreen)
    GLCD_Initialize                          0x000006bd   Thumb Code  1462  glcd_mcb1700.o(i.GLCD_Initialize)
    GLCD_SetFont                             0x00000c75   Thumb Code    10  glcd_mcb1700.o(i.GLCD_SetFont)
    GLCD_SetWindow                           0x00000c85   Thumb Code   168  glcd_mcb1700.o(i.GLCD_SetWindow)
    GLCD_WindowMax                           0x00000d31   Thumb Code    18  glcd_mcb1700.o(i.GLCD_WindowMax)
    GPDMA_ChannelConfigure                   0x00000d45   Thumb Code   232  gpdma_lpc17xx.o(i.GPDMA_ChannelConfigure)
    GPDMA_ChannelDisable                     0x00000e39   Thumb Code    44  gpdma_lpc17xx.o(i.GPDMA_ChannelDisable)
    GPDMA_ChannelGetCount                    0x00000e69   Thumb Code    38  gpdma_lpc17xx.o(i.GPDMA_ChannelGetCount)
    GPDMA_Initialize                         0x00000e99   Thumb Code   146  gpdma_lpc17xx.o(i.GPDMA_Initialize)
    GPDMA_PeripheralSelect                   0x00000f41   Thumb Code    62  gpdma_lpc17xx.o(i.GPDMA_PeripheralSelect)
    GPDMA_Uninitialize                       0x00000f85   Thumb Code   116  gpdma_lpc17xx.o(i.GPDMA_Uninitialize)
    GPIO_PinRead                             0x00001005   Thumb Code    28  gpio_lpc17xx.o(i.GPIO_PinRead)
    GPIO_PinWrite                            0x00001025   Thumb Code    36  gpio_lpc17xx.o(i.GPIO_PinWrite)
    GPIO_PortClock                           0x0000104d   Thumb Code    38  gpio_lpc17xx.o(i.GPIO_PortClock)
    GPIO_SetDir                              0x00001079   Thumb Code    52  gpio_lpc17xx.o(i.GPIO_SetDir)
    I2C0_IRQHandler                          0x000011b1   Thumb Code    10  i2c_lpc17xx.o(i.I2C0_IRQHandler)
    Init_UART                                0x00001c35   Thumb Code    52  uart_cb.o(i.Init_UART)
    Initialisation_Pilotage                  0x00001c71   Thumb Code   250  pilotagereception.o(i.Initialisation_Pilotage)
    Initialise_GPIO                          0x00001d8d   Thumb Code    96  gpio.o(i.Initialise_GPIO)
    PIN_Configure                            0x00001df5   Thumb Code   246  pin_lpc17xx.o(i.PIN_Configure)
    PIN_ConfigureI2C0Pins                    0x00001ef1   Thumb Code    28  pin_lpc17xx.o(i.PIN_ConfigureI2C0Pins)
    Position_Roues                           0x00001f11   Thumb Code    78  pilotagereception.o(i.Position_Roues)
    SSP1_GPDMA_Rx_SignalEvent                0x00001f89   Thumb Code    14  ssp_lpc17xx.o(i.SSP1_GPDMA_Rx_SignalEvent)
    SSP1_GPDMA_Tx_SignalEvent                0x00001f9d   Thumb Code    14  ssp_lpc17xx.o(i.SSP1_GPDMA_Tx_SignalEvent)
    SSP1_IRQHandler                          0x00001fd1   Thumb Code    10  ssp_lpc17xx.o(i.SSP1_IRQHandler)
    SSPx_GPDMA_Rx_SignalEvent                0x0000259f   Thumb Code    54  ssp_lpc17xx.o(i.SSPx_GPDMA_Rx_SignalEvent)
    SSPx_GPDMA_Tx_SignalEvent                0x000025d5   Thumb Code    28  ssp_lpc17xx.o(i.SSPx_GPDMA_Tx_SignalEvent)
    SystemInit                               0x00002e85   Thumb Code   302  system_lpc17xx.o(i.SystemInit)
    TIMER0_IRQHandler                        0x00002fc5   Thumb Code    92  pilotagereception.o(i.TIMER0_IRQHandler)
    Thread_PWM                               0x00003031   Thumb Code    58  uart_cb.o(i.Thread_PWM)
    Thread_R                                 0x0000307d   Thumb Code    64  uart_cb.o(i.Thread_R)
    UART1_IRQHandler                         0x000030c5   Thumb Code    10  uart_lpc17xx.o(i.UART1_IRQHandler)
    USART1_GPDMA_Rx_Event                    0x000030ed   Thumb Code    14  uart_lpc17xx.o(i.USART1_GPDMA_Rx_Event)
    USART1_GPDMA_Tx_Event                    0x00003101   Thumb Code    14  uart_lpc17xx.o(i.USART1_GPDMA_Tx_Event)
    USART_SetBaudrate                        0x000043ed   Thumb Code   302  uart_lpc17xx.o(i.USART_SetBaudrate)
    _init_box                                0x000047f3   Thumb Code    70  rt_membox.o(i._init_box)
    _mutex_acquire                           0x00004839   Thumb Code    22  rtx_conf_cm.o(i._mutex_acquire)
    _mutex_release                           0x00004859   Thumb Code    18  rtx_conf_cm.o(i._mutex_release)
    dbg_init                                 0x00004875   Thumb Code    34  hal_cm.o(i.dbg_init)
    dbg_task_notify                          0x000048a5   Thumb Code    32  hal_cm.o(i.dbg_task_notify)
    dbg_task_switch                          0x000048c5   Thumb Code    16  hal_cm.o(i.dbg_task_switch)
    event_UART                               0x00004901   Thumb Code    48  uart_cb.o(i.event_UART)
    isrMessageGet                            0x00004939   Thumb Code    42  rt_cmsis.o(i.isrMessageGet)
    isrMessagePut                            0x00004963   Thumb Code    44  rt_cmsis.o(i.isrMessagePut)
    isrSignalSet                             0x0000498f   Thumb Code    36  rt_cmsis.o(i.isrSignalSet)
    isr_evt_set                              0x000049b5   Thumb Code    34  rt_event.o(i.isr_evt_set)
    isr_mbx_receive                          0x000049dd   Thumb Code    86  rt_mailbox.o(i.isr_mbx_receive)
    isr_mbx_send                             0x00004a33   Thumb Code    14  rt_mailbox.o(i.isr_mbx_send)
    main                                     0x00004a41   Thumb Code   130  uart_cb.o(i.main)
    osDelay                                  0x00004ae9   Thumb Code    18  rt_cmsis.o(i.osDelay)
    osKernelInitialize                       0x00004b01   Thumb Code    30  rt_cmsis.o(i.osKernelInitialize)
    osKernelStart                            0x00004b25   Thumb Code    98  rt_cmsis.o(i.osKernelStart)
    osMailAlloc                              0x00004b91   Thumb Code    22  rt_cmsis.o(i.osMailAlloc)
    osMailCreate                             0x00004bad   Thumb Code    36  rt_cmsis.o(i.osMailCreate)
    osMailFree                               0x00004bd9   Thumb Code    22  rt_cmsis.o(i.osMailFree)
    osMailGet                                0x00004bf5   Thumb Code    22  rt_cmsis.o(i.osMailGet)
    osMailPut                                0x00004c0b   Thumb Code    20  rt_cmsis.o(i.osMailPut)
    osMessageGet                             0x00004c21   Thumb Code    18  rt_cmsis.o(i.osMessageGet)
    osMessagePut                             0x00004c39   Thumb Code    18  rt_cmsis.o(i.osMessagePut)
    osSignalSet                              0x00004c51   Thumb Code    18  rt_cmsis.o(i.osSignalSet)
    osSignalWait                             0x00004c69   Thumb Code    18  rt_cmsis.o(i.osSignalWait)
    osThreadCreate                           0x00004c81   Thumb Code    36  rt_cmsis.o(i.osThreadCreate)
    osThreadExit                             0x00004cad   Thumb Code    14  rt_cmsis.o(i.osThreadExit)
    osTimerCall                              0x00004cc5   Thumb Code     8  rt_cmsis.o(i.osTimerCall)
    osTimerThread                            0x00004cd1   Thumb Code    38  rt_cmsis.o(i.osTimerThread)
    os_error                                 0x00004cfd   Thumb Code    34  rtx_conf_cm.o(i.os_error)
    os_idle_demon                            0x00004d1f   Thumb Code     4  rtx_conf_cm.o(i.os_idle_demon)
    os_tick_init                             0x00004d25   Thumb Code    32  rt_system.o(i.os_tick_init)
    rt_alloc_box                             0x00004e69   Thumb Code    26  rt_membox.o(i.rt_alloc_box)
    rt_alloc_mem                             0x00004e83   Thumb Code    62  rt_memory.o(i.rt_alloc_mem)
    rt_block                                 0x00004ec1   Thumb Code    48  rt_task.o(i.rt_block)
    rt_chk_robin                             0x00004ef9   Thumb Code    60  rt_robin.o(i.rt_chk_robin)
    rt_dec_dly                               0x00004f41   Thumb Code   102  rt_list.o(i.rt_dec_dly)
    rt_dispatch                              0x00004fb1   Thumb Code    60  rt_task.o(i.rt_dispatch)
    rt_dly_wait                              0x00004ff5   Thumb Code     6  rt_time.o(i.rt_dly_wait)
    rt_evt_psh                               0x00004ffd   Thumb Code    76  rt_event.o(i.rt_evt_psh)
    rt_evt_set                               0x0000504d   Thumb Code    88  rt_event.o(i.rt_evt_set)
    rt_evt_wait                              0x000050a9   Thumb Code    56  rt_event.o(i.rt_evt_wait)
    rt_free_box                              0x000050e5   Thumb Code    44  rt_membox.o(i.rt_free_box)
    rt_free_mem                              0x00005111   Thumb Code    40  rt_memory.o(i.rt_free_mem)
    rt_get_first                             0x00005139   Thumb Code    40  rt_list.o(i.rt_get_first)
    rt_init_mem                              0x000051b1   Thumb Code    26  rt_memory.o(i.rt_init_mem)
    rt_init_robin                            0x000051cd   Thumb Code    14  rt_robin.o(i.rt_init_robin)
    rt_init_stack                            0x000051e5   Thumb Code   118  hal_cm.o(i.rt_init_stack)
    rt_mbx_check                             0x00005265   Thumb Code     8  rt_mailbox.o(i.rt_mbx_check)
    rt_mbx_init                              0x0000526d   Thumb Code    26  rt_mailbox.o(i.rt_mbx_init)
    rt_mbx_psh                               0x00005289   Thumb Code   236  rt_mailbox.o(i.rt_mbx_psh)
    rt_mbx_send                              0x00005379   Thumb Code   148  rt_mailbox.o(i.rt_mbx_send)
    rt_mbx_wait                              0x00005411   Thumb Code   174  rt_mailbox.o(i.rt_mbx_wait)
    rt_mut_release                           0x00005509   Thumb Code   208  rt_mutex.o(i.rt_mut_release)
    rt_mut_wait                              0x000055e1   Thumb Code   114  rt_mutex.o(i.rt_mut_wait)
    rt_pop_req                               0x00005659   Thumb Code   112  rt_system.o(i.rt_pop_req)
    rt_psh_req                               0x000056d5   Thumb Code    22  rt_system.o(i.rt_psh_req)
    rt_psq_enq                               0x000056f5   Thumb Code    88  rt_list.o(i.rt_psq_enq)
    rt_put_dly                               0x00005751   Thumb Code    68  rt_list.o(i.rt_put_dly)
    rt_put_prio                              0x00005799   Thumb Code    54  rt_list.o(i.rt_put_prio)
    rt_put_rdy_first                         0x000057d1   Thumb Code    14  rt_list.o(i.rt_put_rdy_first)
    rt_resort_prio                           0x000057e5   Thumb Code    46  rt_list.o(i.rt_resort_prio)
    rt_ret_val                               0x00005819   Thumb Code     6  hal_cm.o(i.rt_ret_val)
    rt_ret_val2                              0x0000581f   Thumb Code     8  hal_cm.o(i.rt_ret_val2)
    rt_rmv_dly                               0x00005827   Thumb Code    40  rt_list.o(i.rt_rmv_dly)
    rt_rmv_list                              0x00005851   Thumb Code    44  rt_list.o(i.rt_rmv_list)
    rt_sem_psh                               0x00005881   Thumb Code    48  rt_semaphore.o(i.rt_sem_psh)
    rt_stk_check                             0x000058b5   Thumb Code    28  rt_system.o(i.rt_stk_check)
    rt_switch_req                            0x000058d9   Thumb Code    30  rt_task.o(i.rt_switch_req)
    rt_sys_init                              0x00005901   Thumb Code   138  rt_task.o(i.rt_sys_init)
    rt_sys_start                             0x000059cd   Thumb Code   110  rt_task.o(i.rt_sys_start)
    rt_systick                               0x00005a45   Thumb Code    50  rt_system.o(i.rt_systick)
    rt_tsk_create                            0x00005acd   Thumb Code   118  rt_task.o(i.rt_tsk_create)
    rt_tsk_delete                            0x00005b55   Thumb Code   352  rt_task.o(i.rt_tsk_delete)
    rt_tsk_prio                              0x00005cd1   Thumb Code   108  rt_task.o(i.rt_tsk_prio)
    rt_tsk_self                              0x00005d4d   Thumb Code    12  rt_task.o(i.rt_tsk_self)
    svcDelay                                 0x00005e11   Thumb Code    18  rt_cmsis.o(i.svcDelay)
    svcKernelInitialize                      0x00005e25   Thumb Code    80  rt_cmsis.o(i.svcKernelInitialize)
    svcKernelStart                           0x00005e95   Thumb Code    62  rt_cmsis.o(i.svcKernelStart)
    svcMailCreate                            0x00005edd   Thumb Code    66  rt_cmsis.o(i.svcMailCreate)
    svcMessageCreate                         0x00005f1f   Thumb Code    36  rt_cmsis.o(i.svcMessageCreate)
    svcMessageGet                            0x00005f43   Thumb Code    58  rt_cmsis.o(i.svcMessageGet)
    svcMessagePut                            0x00005f7d   Thumb Code    54  rt_cmsis.o(i.svcMessagePut)
    svcSignalSet                             0x00005fb3   Thumb Code    36  rt_cmsis.o(i.svcSignalSet)
    svcSignalWait                            0x00005fd9   Thumb Code    80  rt_cmsis.o(i.svcSignalWait)
    svcThreadCreate                          0x0000602d   Thumb Code    96  rt_cmsis.o(i.svcThreadCreate)
    svcThreadGetId                           0x00006099   Thumb Code    22  rt_cmsis.o(i.svcThreadGetId)
    svcThreadTerminate                       0x000060b5   Thumb Code    50  rt_cmsis.o(i.svcThreadTerminate)
    svcTimerCall                             0x000060ed   Thumb Code    24  rt_cmsis.o(i.svcTimerCall)
    sysMailAlloc                             0x00006105   Thumb Code    84  rt_cmsis.o(i.sysMailAlloc)
    sysMailFree                              0x0000615d   Thumb Code    96  rt_cmsis.o(i.sysMailFree)
    sysTimerTick                             0x000061bd   Thumb Code    84  rt_cmsis.o(i.sysTimerTick)
    __aeabi_dadd                             0x00006355   Thumb Code     0  daddsub_clz.o(x$fpl$dadd)
    _dadd                                    0x00006355   Thumb Code   332  daddsub_clz.o(x$fpl$dadd)
    __fpl_dcmp_Inf                           0x000064a5   Thumb Code    24  dcmpi.o(x$fpl$dcmpinf)
    __aeabi_cdcmpeq                          0x000064bd   Thumb Code     0  deqf.o(x$fpl$deqf)
    _dcmpeq                                  0x000064bd   Thumb Code   120  deqf.o(x$fpl$deqf)
    __aeabi_d2uiz                            0x00006535   Thumb Code     0  dfixu.o(x$fpl$dfixu)
    _dfixu                                   0x00006535   Thumb Code    90  dfixu.o(x$fpl$dfixu)
    __aeabi_cdcmple                          0x00006591   Thumb Code     0  dleqf.o(x$fpl$dleqf)
    _dcmple                                  0x00006591   Thumb Code   120  dleqf.o(x$fpl$dleqf)
    __fpl_dcmple_InfNaN                      0x000065f3   Thumb Code     0  dleqf.o(x$fpl$dleqf)
    __aeabi_dmul                             0x00006609   Thumb Code     0  dmul.o(x$fpl$dmul)
    _dmul                                    0x00006609   Thumb Code   332  dmul.o(x$fpl$dmul)
    __fpl_dnaninf                            0x0000675d   Thumb Code   156  dnaninf.o(x$fpl$dnaninf)
    __fpl_dretinf                            0x000067f9   Thumb Code    12  dretinf.o(x$fpl$dretinf)
    __aeabi_cdrcmple                         0x00006805   Thumb Code     0  drleqf.o(x$fpl$drleqf)
    _drcmple                                 0x00006805   Thumb Code   108  drleqf.o(x$fpl$drleqf)
    __aeabi_dsub                             0x00006871   Thumb Code     0  daddsub_clz.o(x$fpl$dsub)
    _dsub                                    0x00006871   Thumb Code   464  daddsub_clz.o(x$fpl$dsub)
    __I$use$fp                               0x00006a44   Number         0  usenofp.o(x$fpl$usenofp)
    os_mailQ_def_maBAL                       0x00006a44   Data          12  uart_cb.o(.constdata)
    os_thread_def_Thread_R                   0x00006a50   Data          16  uart_cb.o(.constdata)
    os_thread_def_Thread_PWM                 0x00006a60   Data          16  uart_cb.o(.constdata)
    GLCD_Font_6x8                            0x000082f0   Data          16  glcd_fonts.o(.constdata)
    GLCD_Font_16x24                          0x00008300   Data          16  glcd_fonts.o(.constdata)
    os_maxtaskrun                            0x00008310   Data           2  rtx_conf_cm.o(.constdata)
    os_stackinfo                             0x00008314   Data           4  rtx_conf_cm.o(.constdata)
    os_rrobin                                0x00008318   Data           4  rtx_conf_cm.o(.constdata)
    os_tickfreq                              0x0000831c   Data           4  rtx_conf_cm.o(.constdata)
    os_tickus_i                              0x00008320   Data           2  rtx_conf_cm.o(.constdata)
    os_tickus_f                              0x00008322   Data           2  rtx_conf_cm.o(.constdata)
    os_trv                                   0x00008324   Data           4  rtx_conf_cm.o(.constdata)
    os_flags                                 0x00008328   Data           1  rtx_conf_cm.o(.constdata)
    CMSIS_RTOS_API_Version                   0x0000832c   Data           4  rtx_conf_cm.o(.constdata)
    CMSIS_RTOS_RTX_Version                   0x00008330   Data           4  rtx_conf_cm.o(.constdata)
    os_clockrate                             0x00008334   Data           4  rtx_conf_cm.o(.constdata)
    os_timernum                              0x00008338   Data           4  rtx_conf_cm.o(.constdata)
    mp_tcb_size                              0x0000833c   Data           2  rtx_conf_cm.o(.constdata)
    mp_stk_size                              0x00008340   Data           4  rtx_conf_cm.o(.constdata)
    os_stack_sz                              0x00008344   Data           4  rtx_conf_cm.o(.constdata)
    os_fifo_size                             0x00008348   Data           1  rtx_conf_cm.o(.constdata)
    os_thread_def_osTimerThread              0x0000834c   Data          16  rtx_conf_cm.o(.constdata)
    os_messageQ_def_osTimerMessageQ          0x0000835c   Data           8  rtx_conf_cm.o(.constdata)
    mp_tmr_size                              0x00008364   Data           2  rtx_conf_cm.o(.constdata)
    os_thread_def_main                       0x00008368   Data          16  rtx_conf_cm.o(.constdata)
    Driver_I2C0                              0x000083ac   Data          48  i2c_lpc17xx.o(.constdata)
    Driver_SPI1                              0x0000842c   Data          44  ssp_lpc17xx.o(.constdata)
    Driver_USART1                            0x000085f0   Data          56  uart_lpc17xx.o(.constdata)
    Region$$Table$$Base                      0x00008628   Number         0  anon$$obj.o(Region$$Table)
    Region$$Table$$Limit                     0x00008648   Number         0  anon$$obj.o(Region$$Table)
    MR1                                      0x10000000   Data           8  pilotagereception.o(.data)
    ETAT                                     0x10000008   Data           8  pilotagereception.o(.data)
    maBAL                                    0x10000010   Data           4  uart_cb.o(.data)
    os_mailQ_p_maBAL                         0x10000014   Data           8  uart_cb.o(.data)
    tid_Thread_R                             0x1000001c   Data           4  uart_cb.o(.data)
    tid_Thread_PWM                           0x10000020   Data           4  uart_cb.o(.data)
    osThreadId_osTimerThread                 0x10000038   Data           4  rtx_conf_cm.o(.data)
    osMessageQId_osTimerMessageQ             0x1000003c   Data           4  rtx_conf_cm.o(.data)
    os_tmr                                   0x10000040   Data           4  rtx_conf_cm.o(.data)
    m_tmr                                    0x10000044   Data           4  rtx_conf_cm.o(.data)
    I2C0_PIN                                 0x1000004c   Data           4  i2c_lpc17xx.o(.data)
    SystemCoreClock                          0x1000006c   Data           4  system_lpc17xx.o(.data)
    os_initialized                           0x10000070   Data           1  rt_cmsis.o(.data)
    os_running                               0x10000071   Data           1  rt_cmsis.o(.data)
    os_timer_head                            0x10000074   Data           4  rt_cmsis.o(.data)
    os_tsk                                   0x10000078   Data           8  rt_task.o(.data)
    os_tick_irqn                             0x10000084   Data           4  rt_system.o(.data)
    os_time                                  0x10000088   Data           4  rt_time.o(.data)
    os_robin                                 0x1000008c   Data           8  rt_robin.o(.data)
    dbg_msg                                  0x10000094   Data           1  hal_cm.o(.data)
    os_mailQ_q_maBAL                         0x10000098   Data         816  uart_cb.o(.bss)
    os_mailQ_m_maBAL                         0x100003c8   Data         812  uart_cb.o(.bss)
    mp_tcb                                   0x100006f8   Data         376  rtx_conf_cm.o(.bss)
    mp_stk                                   0x10000870   Data        6016  rtx_conf_cm.o(.bss)
    os_stack_mem                             0x10001ff0   Data         632  rtx_conf_cm.o(.bss)
    os_fifo                                  0x10002268   Data         132  rtx_conf_cm.o(.bss)
    os_active_TCB                            0x100022ec   Data          28  rtx_conf_cm.o(.bss)
    os_messageQ_q_osTimerMessageQ            0x10002308   Data          32  rtx_conf_cm.o(.bss)
    os_idle_TCB                              0x10002768   Data          52  rt_task.o(.bss)
    os_rdy                                   0x1000279c   Data          24  rt_list.o(.bss)
    os_dly                                   0x100027b4   Data          24  rt_list.o(.bss)
    __libspace_start                         0x100027cc   Data          96  libspace.o(.bss)
    __temporary_stack_top$libspace           0x1000282c   Data           0  libspace.o(.bss)



==============================================================================

Memory Map of the image

  Image Entry point : 0x000000cd

  Load Region LR_IROM1 (Base: 0x00000000, Size: 0x000086e0, Max: 0x00080000, ABSOLUTE)

    Execution Region ER_IROM1 (Base: 0x00000000, Size: 0x00008648, Max: 0x00080000, ABSOLUTE)

    Base Addr    Size         Type   Attr      Idx    E Section Name        Object

    0x00000000   0x000000cc   Data   RO         1381    RESET               startup_lpc17xx.o
    0x000000cc   0x00000008   Code   RO         2646  * !!!main             c_w.l(__main.o)
    0x000000d4   0x00000034   Code   RO         2832    !!!scatter          c_w.l(__scatter.o)
    0x00000108   0x0000001a   Code   RO         2834    !!handler_copy      c_w.l(__scatter_copy.o)
    0x00000122   0x00000002   PAD
    0x00000124   0x0000001c   Code   RO         2836    !!handler_zi        c_w.l(__scatter_zi.o)
    0x00000140   0x00000002   Code   RO         2718    .ARM.Collect$$libinit$$00000000  c_w.l(libinit.o)
    0x00000142   0x00000000   Code   RO         2730    .ARM.Collect$$libinit$$00000002  c_w.l(libinit2.o)
    0x00000142   0x00000000   Code   RO         2732    .ARM.Collect$$libinit$$00000004  c_w.l(libinit2.o)
    0x00000142   0x00000000   Code   RO         2735    .ARM.Collect$$libinit$$0000000A  c_w.l(libinit2.o)
    0x00000142   0x00000000   Code   RO         2737    .ARM.Collect$$libinit$$0000000C  c_w.l(libinit2.o)
    0x00000142   0x00000000   Code   RO         2739    .ARM.Collect$$libinit$$0000000E  c_w.l(libinit2.o)
    0x00000142   0x00000000   Code   RO         2742    .ARM.Collect$$libinit$$00000011  c_w.l(libinit2.o)
    0x00000142   0x00000000   Code   RO         2744    .ARM.Collect$$libinit$$00000013  c_w.l(libinit2.o)
    0x00000142   0x00000000   Code   RO         2746    .ARM.Collect$$libinit$$00000015  c_w.l(libinit2.o)
    0x00000142   0x00000000   Code   RO         2748    .ARM.Collect$$libinit$$00000017  c_w.l(libinit2.o)
    0x00000142   0x00000000   Code   RO         2750    .ARM.Collect$$libinit$$00000019  c_w.l(libinit2.o)
    0x00000142   0x00000000   Code   RO         2752    .ARM.Collect$$libinit$$0000001B  c_w.l(libinit2.o)
    0x00000142   0x00000000   Code   RO         2754    .ARM.Collect$$libinit$$0000001D  c_w.l(libinit2.o)
    0x00000142   0x00000000   Code   RO         2756    .ARM.Collect$$libinit$$0000001F  c_w.l(libinit2.o)
    0x00000142   0x00000000   Code   RO         2758    .ARM.Collect$$libinit$$00000021  c_w.l(libinit2.o)
    0x00000142   0x00000000   Code   RO         2760    .ARM.Collect$$libinit$$00000023  c_w.l(libinit2.o)
    0x00000142   0x00000000   Code   RO         2762    .ARM.Collect$$libinit$$00000025  c_w.l(libinit2.o)
    0x00000142   0x00000000   Code   RO         2766    .ARM.Collect$$libinit$$0000002C  c_w.l(libinit2.o)
    0x00000142   0x00000000   Code   RO         2768    .ARM.Collect$$libinit$$0000002E  c_w.l(libinit2.o)
    0x00000142   0x00000000   Code   RO         2770    .ARM.Collect$$libinit$$00000030  c_w.l(libinit2.o)
    0x00000142   0x00000000   Code   RO         2772    .ARM.Collect$$libinit$$00000032  c_w.l(libinit2.o)
    0x00000142   0x00000002   Code   RO         2773    .ARM.Collect$$libinit$$00000033  c_w.l(libinit2.o)
    0x00000144   0x00000002   Code   RO         2719    .ARM.Collect$$libshutdown$$00000000  c_w.l(libshutdown.o)
    0x00000146   0x00000000   Code   RO         2775    .ARM.Collect$$libshutdown$$00000002  c_w.l(libshutdown2.o)
    0x00000146   0x00000000   Code   RO         2777    .ARM.Collect$$libshutdown$$00000004  c_w.l(libshutdown2.o)
    0x00000146   0x00000000   Code   RO         2780    .ARM.Collect$$libshutdown$$00000007  c_w.l(libshutdown2.o)
    0x00000146   0x00000000   Code   RO         2783    .ARM.Collect$$libshutdown$$0000000A  c_w.l(libshutdown2.o)
    0x00000146   0x00000000   Code   RO         2785    .ARM.Collect$$libshutdown$$0000000C  c_w.l(libshutdown2.o)
    0x00000146   0x00000000   Code   RO         2788    .ARM.Collect$$libshutdown$$0000000F  c_w.l(libshutdown2.o)
    0x00000146   0x00000002   Code   RO         2789    .ARM.Collect$$libshutdown$$00000010  c_w.l(libshutdown2.o)
    0x00000148   0x00000000   Code   RO         2666    .ARM.Collect$$rtentry$$00000000  c_w.l(__rtentry.o)
    0x00000148   0x00000000   Code   RO         2681    .ARM.Collect$$rtentry$$00000002  c_w.l(__rtentry2.o)
    0x00000148   0x00000006   Code   RO         2693    .ARM.Collect$$rtentry$$00000004  c_w.l(__rtentry4.o)
    0x0000014e   0x00000000   Code   RO         2683    .ARM.Collect$$rtentry$$00000009  c_w.l(__rtentry2.o)
    0x0000014e   0x00000004   Code   RO         2684    .ARM.Collect$$rtentry$$0000000A  c_w.l(__rtentry2.o)
    0x00000152   0x00000008   Code   RO         2685    .ARM.Collect$$rtentry$$0000000B  c_w.l(__rtentry2.o)
    0x0000015a   0x00000008   Code   RO         2687    .ARM.Collect$$rtentry$$0000000D  c_w.l(__rtentry2.o)
    0x00000162   0x00000002   Code   RO         2667    .ARM.Collect$$rtexit$$00000000  c_w.l(rtexit.o)
    0x00000164   0x00000000   Code   RO         2696    .ARM.Collect$$rtexit$$00000002  c_w.l(rtexit2.o)
    0x00000164   0x00000004   Code   RO         2697    .ARM.Collect$$rtexit$$00000003  c_w.l(rtexit2.o)
    0x00000168   0x00000006   Code   RO         2698    .ARM.Collect$$rtexit$$00000004  c_w.l(rtexit2.o)
    0x0000016e   0x00000002   PAD
    0x00000170   0x0000001c   Code   RO          552    .emb_text           rtx_conf_cm.o
    0x0000018c   0x00000130   Code   RO         2620    .emb_text           RTX_CM3.lib(hal_cm3.o)
    0x000002bc   0x0000003c   Code   RO         1383    .text               startup_lpc17xx.o
    0x000002f8   0x00000002   Code   RO         2720    .text               c_w.l(use_no_semi.o)
    0x000002fa   0x00000000   Code   RO         2722    .text               c_w.l(indicate_semi.o)
    0x000002fa   0x00000002   Code   RO         2167    i.os_tick_irqack    RTX_CM3.lib(rt_system.o)
    0x000002fc   0x00000004   Code   RO         1382    .ARM.__at_0x02FC    startup_lpc17xx.o
    0x00000300   0x00000008   Code   RO         2635    .text               c_w.l(libspace.o)
    0x00000308   0x000000ee   Code   RO         2638    .text               c_w.l(lludivv7m.o)
    0x000003f6   0x00000012   Code   RO         2640    .text               c_w.l(exit.o)
    0x00000408   0x0000004e   Code   RO         2642    .text               c_w.l(rt_memclr_w.o)
    0x00000456   0x00000006   Code   RO         2644    .text               c_w.l(heapauxi.o)
    0x0000045c   0x0000000c   Code   RO         2704    .text               c_w.l(sys_exit.o)
    0x00000468   0x0000004a   Code   RO         2706    .text               c_w.l(sys_stackheap_outer.o)
    0x000004b2   0x00000002   PAD
    0x000004b4   0x00000004   Code   RO         2630    SVC_TABLE           RTX_CM3.lib(svc_table.o)
    0x000004b8   0x00000034   Code   RO          181    i.Avancer           pilotagereception.o
    0x000004ec   0x00000020   Code   RO         1202    i.Clear_Channel_active_flag  gpdma_lpc17xx.o
    0x0000050c   0x00000180   Code   RO         1203    i.DMA_IRQHandler    gpdma_lpc17xx.o
    0x0000068c   0x00000030   Code   RO          351    i.GLCD_ClearScreen  glcd_mcb1700.o
    0x000006bc   0x000005b6   Code   RO          362    i.GLCD_Initialize   glcd_mcb1700.o
    0x00000c72   0x00000002   PAD
    0x00000c74   0x00000010   Code   RO          364    i.GLCD_SetFont      glcd_mcb1700.o
    0x00000c84   0x000000ac   Code   RO          366    i.GLCD_SetWindow    glcd_mcb1700.o
    0x00000d30   0x00000012   Code   RO          369    i.GLCD_WindowMax    glcd_mcb1700.o
    0x00000d42   0x00000002   PAD
    0x00000d44   0x000000f4   Code   RO         1204    i.GPDMA_ChannelConfigure  gpdma_lpc17xx.o
    0x00000e38   0x00000030   Code   RO         1205    i.GPDMA_ChannelDisable  gpdma_lpc17xx.o
    0x00000e68   0x00000030   Code   RO         1207    i.GPDMA_ChannelGetCount  gpdma_lpc17xx.o
    0x00000e98   0x000000a8   Code   RO         1209    i.GPDMA_Initialize  gpdma_lpc17xx.o
    0x00000f40   0x00000044   Code   RO         1210    i.GPDMA_PeripheralSelect  gpdma_lpc17xx.o
    0x00000f84   0x00000080   Code   RO         1211    i.GPDMA_Uninitialize  gpdma_lpc17xx.o
    0x00001004   0x00000020   Code   RO         1292    i.GPIO_PinRead      gpio_lpc17xx.o
    0x00001024   0x00000028   Code   RO         1293    i.GPIO_PinWrite     gpio_lpc17xx.o
    0x0000104c   0x0000002c   Code   RO         1294    i.GPIO_PortClock    gpio_lpc17xx.o
    0x00001078   0x00000038   Code   RO         1297    i.GPIO_SetDir       gpio_lpc17xx.o
    0x000010b0   0x00000040   Code   RO          613    i.GetI2CClockFreq   i2c_lpc17xx.o
    0x000010f0   0x00000044   Code   RO          809    i.GetSSPClockFreq   ssp_lpc17xx.o
    0x00001134   0x00000044   Code   RO          987    i.GetUsartClockFreq  uart_lpc17xx.o
    0x00001178   0x00000018   Code   RO          614    i.I2C0_Control      i2c_lpc17xx.o
    0x00001190   0x00000010   Code   RO          615    i.I2C0_GetDataCount  i2c_lpc17xx.o
    0x000011a0   0x00000010   Code   RO          616    i.I2C0_GetStatus    i2c_lpc17xx.o
    0x000011b0   0x00000010   Code   RO          617    i.I2C0_IRQHandler   i2c_lpc17xx.o
    0x000011c0   0x00000014   Code   RO          618    i.I2C0_Initialize   i2c_lpc17xx.o
    0x000011d4   0x00000020   Code   RO          619    i.I2C0_MasterReceive  i2c_lpc17xx.o
    0x000011f4   0x00000020   Code   RO          620    i.I2C0_MasterTransmit  i2c_lpc17xx.o
    0x00001214   0x00000014   Code   RO          621    i.I2C0_PowerControl  i2c_lpc17xx.o
    0x00001228   0x00000018   Code   RO          622    i.I2C0_SlaveReceive  i2c_lpc17xx.o
    0x00001240   0x00000018   Code   RO          623    i.I2C0_SlaveTransmit  i2c_lpc17xx.o
    0x00001258   0x00000010   Code   RO          624    i.I2C0_Uninitialize  i2c_lpc17xx.o
    0x00001268   0x0000000c   Code   RO          625    i.I2C_GetCapabilities  i2c_lpc17xx.o
    0x00001274   0x00000010   Code   RO          626    i.I2C_GetVersion    i2c_lpc17xx.o
    0x00001284   0x0000018c   Code   RO          627    i.I2Cx_Control      i2c_lpc17xx.o
    0x00001410   0x00000008   Code   RO          628    i.I2Cx_GetDataCount  i2c_lpc17xx.o
    0x00001418   0x00000008   Code   RO          629    i.I2Cx_GetStatus    i2c_lpc17xx.o
    0x00001420   0x00000030   Code   RO          630    i.I2Cx_IRQHandler   i2c_lpc17xx.o
    0x00001450   0x0000004e   Code   RO          631    i.I2Cx_Initialize   i2c_lpc17xx.o
    0x0000149e   0x000001ce   Code   RO          632    i.I2Cx_MasterHandler  i2c_lpc17xx.o
    0x0000166c   0x000000ce   Code   RO          633    i.I2Cx_MasterReceive  i2c_lpc17xx.o
    0x0000173a   0x000000cc   Code   RO          634    i.I2Cx_MasterTransmit  i2c_lpc17xx.o
    0x00001806   0x00000140   Code   RO          635    i.I2Cx_PowerControl  i2c_lpc17xx.o
    0x00001946   0x000001d4   Code   RO          636    i.I2Cx_SlaveHandler  i2c_lpc17xx.o
    0x00001b1a   0x00000074   Code   RO          637    i.I2Cx_SlaveReceive  i2c_lpc17xx.o
    0x00001b8e   0x00000074   Code   RO          638    i.I2Cx_SlaveTransmit  i2c_lpc17xx.o
    0x00001c02   0x00000030   Code   RO          639    i.I2Cx_Uninitialize  i2c_lpc17xx.o
    0x00001c32   0x00000002   PAD
    0x00001c34   0x0000003c   Code   RO          269    i.Init_UART         uart_cb.o
    0x00001c70   0x0000011c   Code   RO          182    i.Initialisation_Pilotage  pilotagereception.o
    0x00001d8c   0x00000068   Code   RO           85    i.Initialise_GPIO   gpio.o
    0x00001df4   0x000000fc   Code   RO         1346    i.PIN_Configure     pin_lpc17xx.o
    0x00001ef0   0x00000020   Code   RO         1347    i.PIN_ConfigureI2C0Pins  pin_lpc17xx.o
    0x00001f10   0x00000060   Code   RO          183    i.Position_Roues    pilotagereception.o
    0x00001f70   0x00000018   Code   RO          810    i.SSP1_Control      ssp_lpc17xx.o
    0x00001f88   0x00000014   Code   RO          811    i.SSP1_GPDMA_Rx_SignalEvent  ssp_lpc17xx.o
    0x00001f9c   0x00000014   Code   RO          812    i.SSP1_GPDMA_Tx_SignalEvent  ssp_lpc17xx.o
    0x00001fb0   0x00000010   Code   RO          813    i.SSP1_GetDataCount  ssp_lpc17xx.o
    0x00001fc0   0x00000010   Code   RO          814    i.SSP1_GetStatus    ssp_lpc17xx.o
    0x00001fd0   0x00000010   Code   RO          815    i.SSP1_IRQHandler   ssp_lpc17xx.o
    0x00001fe0   0x00000014   Code   RO          816    i.SSP1_Initialize   ssp_lpc17xx.o
    0x00001ff4   0x00000014   Code   RO          817    i.SSP1_PowerControl  ssp_lpc17xx.o
    0x00002008   0x00000018   Code   RO          818    i.SSP1_Receive      ssp_lpc17xx.o
    0x00002020   0x00000018   Code   RO          819    i.SSP1_Send         ssp_lpc17xx.o
    0x00002038   0x0000001c   Code   RO          820    i.SSP1_Transfer     ssp_lpc17xx.o
    0x00002054   0x00000010   Code   RO          821    i.SSP1_Uninitialize  ssp_lpc17xx.o
    0x00002064   0x0000000c   Code   RO          822    i.SSP_GetCapabilities  ssp_lpc17xx.o
    0x00002070   0x00000010   Code   RO          823    i.SSP_GetVersion    ssp_lpc17xx.o
    0x00002080   0x0000051e   Code   RO          824    i.SSPx_Control      ssp_lpc17xx.o
    0x0000259e   0x00000036   Code   RO          825    i.SSPx_GPDMA_Rx_SignalEvent  ssp_lpc17xx.o
    0x000025d4   0x0000001c   Code   RO          826    i.SSPx_GPDMA_Tx_SignalEvent  ssp_lpc17xx.o
    0x000025f0   0x0000002c   Code   RO          827    i.SSPx_GetDataCount  ssp_lpc17xx.o
    0x0000261c   0x0000005a   Code   RO          828    i.SSPx_GetStatus    ssp_lpc17xx.o
    0x00002676   0x00000104   Code   RO          829    i.SSPx_IRQHandler   ssp_lpc17xx.o
    0x0000277a   0x000000a8   Code   RO          830    i.SSPx_Initialize   ssp_lpc17xx.o
    0x00002822   0x00000002   PAD
    0x00002824   0x000001b4   Code   RO          831    i.SSPx_PowerControl  ssp_lpc17xx.o
    0x000029d8   0x0000015c   Code   RO          832    i.SSPx_Receive      ssp_lpc17xx.o
    0x00002b34   0x00000154   Code   RO          833    i.SSPx_Send         ssp_lpc17xx.o
    0x00002c88   0x00000152   Code   RO          834    i.SSPx_Transfer     ssp_lpc17xx.o
    0x00002dda   0x00000070   Code   RO          835    i.SSPx_Uninitialize  ssp_lpc17xx.o
    0x00002e4a   0x00000002   PAD
    0x00002e4c   0x00000038   Code   RO         1212    i.Set_Channel_active_flag  gpdma_lpc17xx.o
    0x00002e84   0x00000140   Code   RO         1393    i.SystemInit        system_lpc17xx.o
    0x00002fc4   0x0000006c   Code   RO          184    i.TIMER0_IRQHandler  pilotagereception.o
    0x00003030   0x0000004c   Code   RO          270    i.Thread_PWM        uart_cb.o
    0x0000307c   0x00000048   Code   RO          271    i.Thread_R          uart_cb.o
    0x000030c4   0x00000010   Code   RO          988    i.UART1_IRQHandler  uart_lpc17xx.o
    0x000030d4   0x00000018   Code   RO          989    i.USART1_Control    uart_lpc17xx.o
    0x000030ec   0x00000014   Code   RO          990    i.USART1_GPDMA_Rx_Event  uart_lpc17xx.o
    0x00003100   0x00000014   Code   RO          991    i.USART1_GPDMA_Tx_Event  uart_lpc17xx.o
    0x00003114   0x00000010   Code   RO          992    i.USART1_GetCapabilities  uart_lpc17xx.o
    0x00003124   0x00000010   Code   RO          993    i.USART1_GetModemStatus  uart_lpc17xx.o
    0x00003134   0x00000010   Code   RO          994    i.USART1_GetRxCount  uart_lpc17xx.o
    0x00003144   0x00000010   Code   RO          995    i.USART1_GetStatus  uart_lpc17xx.o
    0x00003154   0x00000010   Code   RO          996    i.USART1_GetTxCount  uart_lpc17xx.o
    0x00003164   0x00000014   Code   RO          997    i.USART1_Initialize  uart_lpc17xx.o
    0x00003178   0x00000014   Code   RO          998    i.USART1_PowerControl  uart_lpc17xx.o
    0x0000318c   0x00000018   Code   RO          999    i.USART1_Receive    uart_lpc17xx.o
    0x000031a4   0x00000018   Code   RO         1000    i.USART1_Send       uart_lpc17xx.o
    0x000031bc   0x00000014   Code   RO         1001    i.USART1_SetModemControl  uart_lpc17xx.o
    0x000031d0   0x0000001c   Code   RO         1002    i.USART1_Transfer   uart_lpc17xx.o
    0x000031ec   0x00000010   Code   RO         1003    i.USART1_Uninitialize  uart_lpc17xx.o
    0x000031fc   0x00000670   Code   RO         1004    i.USART_Control     uart_lpc17xx.o
    0x0000386c   0x00000086   Code   RO         1005    i.USART_GPDMA_Rx_Event  uart_lpc17xx.o
    0x000038f2   0x0000004a   Code   RO         1006    i.USART_GPDMA_Tx_Event  uart_lpc17xx.o
    0x0000393c   0x00000006   Code   RO         1007    i.USART_GetCapabilities  uart_lpc17xx.o
    0x00003942   0x000000ec   Code   RO         1008    i.USART_GetModemStatus  uart_lpc17xx.o
    0x00003a2e   0x0000001c   Code   RO         1009    i.USART_GetRxCount  uart_lpc17xx.o
    0x00003a4a   0x000000bc   Code   RO         1010    i.USART_GetStatus   uart_lpc17xx.o
    0x00003b06   0x0000001c   Code   RO         1011    i.USART_GetTxCount  uart_lpc17xx.o
    0x00003b22   0x0000026c   Code   RO         1012    i.USART_IRQHandler  uart_lpc17xx.o
    0x00003d8e   0x000000fe   Code   RO         1013    i.USART_Initialize  uart_lpc17xx.o
    0x00003e8c   0x0000024c   Code   RO         1014    i.USART_PowerControl  uart_lpc17xx.o
    0x000040d8   0x00000110   Code   RO         1015    i.USART_Receive     uart_lpc17xx.o
    0x000041e8   0x00000068   Code   RO         1016    i.USART_RxLineIntHandler  uart_lpc17xx.o
    0x00004250   0x0000019c   Code   RO         1017    i.USART_Send        uart_lpc17xx.o
    0x000043ec   0x00000134   Code   RO         1018    i.USART_SetBaudrate  uart_lpc17xx.o
    0x00004520   0x000000a0   Code   RO         1019    i.USART_SetModemControl  uart_lpc17xx.o
    0x000045c0   0x0000007a   Code   RO         1020    i.USART_Transfer    uart_lpc17xx.o
    0x0000463a   0x000000e2   Code   RO         1021    i.USART_Uninitialize  uart_lpc17xx.o
    0x0000471c   0x00000010   Code   RO         1022    i.USARTx_GetVersion  uart_lpc17xx.o
    0x0000472c   0x0000001c   Code   RO          640    i.__NVIC_ClearPendingIRQ  i2c_lpc17xx.o
    0x00004748   0x0000001c   Code   RO          836    i.__NVIC_ClearPendingIRQ  ssp_lpc17xx.o
    0x00004764   0x0000001c   Code   RO         1023    i.__NVIC_ClearPendingIRQ  uart_lpc17xx.o
    0x00004780   0x0000001c   Code   RO         1213    i.__NVIC_ClearPendingIRQ  gpdma_lpc17xx.o
    0x0000479c   0x0000003c   Code   RO          641    i.__NVIC_DisableIRQ  i2c_lpc17xx.o
    0x000047d8   0x0000001a   Code   RO          642    i.__NVIC_EnableIRQ  i2c_lpc17xx.o
    0x000047f2   0x00000046   Code   RO         2519    i._init_box         RTX_CM3.lib(rt_membox.o)
    0x00004838   0x00000020   Code   RO          554    i._mutex_acquire    rtx_conf_cm.o
    0x00004858   0x0000001c   Code   RO          556    i._mutex_release    rtx_conf_cm.o
    0x00004874   0x00000030   Code   RO         2572    i.dbg_init          RTX_CM3.lib(hal_cm.o)
    0x000048a4   0x00000020   Code   RO         2573    i.dbg_task_notify   RTX_CM3.lib(hal_cm.o)
    0x000048c4   0x00000010   Code   RO         2574    i.dbg_task_switch   RTX_CM3.lib(hal_cm.o)
    0x000048d4   0x0000002c   Code   RO          370    i.delay_ms          glcd_mcb1700.o
    0x00004900   0x00000038   Code   RO          272    i.event_UART        uart_cb.o
    0x00004938   0x0000002a   Code   RO         1428    i.isrMessageGet     RTX_CM3.lib(rt_cmsis.o)
    0x00004962   0x0000002c   Code   RO         1429    i.isrMessagePut     RTX_CM3.lib(rt_cmsis.o)
    0x0000498e   0x00000024   Code   RO         1431    i.isrSignalSet      RTX_CM3.lib(rt_cmsis.o)
    0x000049b2   0x00000002   PAD
    0x000049b4   0x00000028   Code   RO         2256    i.isr_evt_set       RTX_CM3.lib(rt_event.o)
    0x000049dc   0x00000056   Code   RO         2374    i.isr_mbx_receive   RTX_CM3.lib(rt_mailbox.o)
    0x00004a32   0x0000000e   Code   RO         2375    i.isr_mbx_send      RTX_CM3.lib(rt_mailbox.o)
    0x00004a40   0x000000a8   Code   RO          273    i.main              uart_cb.o
    0x00004ae8   0x00000018   Code   RO         1432    i.osDelay           RTX_CM3.lib(rt_cmsis.o)
    0x00004b00   0x00000024   Code   RO         1433    i.osKernelInitialize  RTX_CM3.lib(rt_cmsis.o)
    0x00004b24   0x0000006c   Code   RO         1435    i.osKernelStart     RTX_CM3.lib(rt_cmsis.o)
    0x00004b90   0x0000001c   Code   RO         1437    i.osMailAlloc       RTX_CM3.lib(rt_cmsis.o)
    0x00004bac   0x0000002c   Code   RO         1439    i.osMailCreate      RTX_CM3.lib(rt_cmsis.o)
    0x00004bd8   0x0000001c   Code   RO         1440    i.osMailFree        RTX_CM3.lib(rt_cmsis.o)
    0x00004bf4   0x00000016   Code   RO         1441    i.osMailGet         RTX_CM3.lib(rt_cmsis.o)
    0x00004c0a   0x00000014   Code   RO         1442    i.osMailPut         RTX_CM3.lib(rt_cmsis.o)
    0x00004c1e   0x00000002   PAD
    0x00004c20   0x00000018   Code   RO         1444    i.osMessageGet      RTX_CM3.lib(rt_cmsis.o)
    0x00004c38   0x00000018   Code   RO         1445    i.osMessagePut      RTX_CM3.lib(rt_cmsis.o)
    0x00004c50   0x00000018   Code   RO         1459    i.osSignalSet       RTX_CM3.lib(rt_cmsis.o)
    0x00004c68   0x00000018   Code   RO         1460    i.osSignalWait      RTX_CM3.lib(rt_cmsis.o)
    0x00004c80   0x0000002c   Code   RO         1461    i.osThreadCreate    RTX_CM3.lib(rt_cmsis.o)
    0x00004cac   0x00000018   Code   RO         1462    i.osThreadExit      RTX_CM3.lib(rt_cmsis.o)
    0x00004cc4   0x0000000c   Code   RO         1468    i.osTimerCall       RTX_CM3.lib(rt_cmsis.o)
    0x00004cd0   0x0000002c   Code   RO         1473    i.osTimerThread     RTX_CM3.lib(rt_cmsis.o)
    0x00004cfc   0x00000022   Code   RO          557    i.os_error          rtx_conf_cm.o
    0x00004d1e   0x00000004   Code   RO          558    i.os_idle_demon     rtx_conf_cm.o
    0x00004d22   0x00000002   PAD
    0x00004d24   0x00000028   Code   RO         2166    i.os_tick_init      RTX_CM3.lib(rt_system.o)
    0x00004d4c   0x00000044   Code   RO          371    i.rd_dat            glcd_mcb1700.o
    0x00004d90   0x000000c8   Code   RO          372    i.rd_id_man         glcd_mcb1700.o
    0x00004e58   0x00000010   Code   RO          373    i.rd_reg            glcd_mcb1700.o
    0x00004e68   0x0000001a   Code   RO         2520    i.rt_alloc_box      RTX_CM3.lib(rt_membox.o)
    0x00004e82   0x0000003e   Code   RO         2548    i.rt_alloc_mem      RTX_CM3.lib(rt_memory.o)
    0x00004ec0   0x00000038   Code   RO         2047    i.rt_block          RTX_CM3.lib(rt_task.o)
    0x00004ef8   0x00000048   Code   RO         2497    i.rt_chk_robin      RTX_CM3.lib(rt_robin.o)
    0x00004f40   0x00000070   Code   RO         2298    i.rt_dec_dly        RTX_CM3.lib(rt_list.o)
    0x00004fb0   0x00000044   Code   RO         2048    i.rt_dispatch       RTX_CM3.lib(rt_task.o)
    0x00004ff4   0x00000006   Code   RO         2464    i.rt_dly_wait       RTX_CM3.lib(rt_time.o)
    0x00004ffa   0x00000002   PAD
    0x00004ffc   0x00000050   Code   RO         2259    i.rt_evt_psh        RTX_CM3.lib(rt_event.o)
    0x0000504c   0x0000005c   Code   RO         2260    i.rt_evt_set        RTX_CM3.lib(rt_event.o)
    0x000050a8   0x0000003c   Code   RO         2261    i.rt_evt_wait       RTX_CM3.lib(rt_event.o)
    0x000050e4   0x0000002c   Code   RO         2521    i.rt_free_box       RTX_CM3.lib(rt_membox.o)
    0x00005110   0x00000028   Code   RO         2549    i.rt_free_mem       RTX_CM3.lib(rt_memory.o)
    0x00005138   0x00000028   Code   RO         2299    i.rt_get_first      RTX_CM3.lib(rt_list.o)
    0x00005160   0x00000008   Code   RO         1478    i.rt_id2obj         RTX_CM3.lib(rt_cmsis.o)
    0x00005168   0x00000048   Code   RO         2049    i.rt_init_context   RTX_CM3.lib(rt_task.o)
    0x000051b0   0x0000001a   Code   RO         2550    i.rt_init_mem       RTX_CM3.lib(rt_memory.o)
    0x000051ca   0x00000002   PAD
    0x000051cc   0x00000018   Code   RO         2498    i.rt_init_robin     RTX_CM3.lib(rt_robin.o)
    0x000051e4   0x00000080   Code   RO         2575    i.rt_init_stack     RTX_CM3.lib(hal_cm.o)
    0x00005264   0x00000008   Code   RO         2376    i.rt_mbx_check      RTX_CM3.lib(rt_mailbox.o)
    0x0000526c   0x0000001a   Code   RO         2377    i.rt_mbx_init       RTX_CM3.lib(rt_mailbox.o)
    0x00005286   0x00000002   PAD
    0x00005288   0x000000f0   Code   RO         2378    i.rt_mbx_psh        RTX_CM3.lib(rt_mailbox.o)
    0x00005378   0x00000098   Code   RO         2379    i.rt_mbx_send       RTX_CM3.lib(rt_mailbox.o)
    0x00005410   0x000000b4   Code   RO         2380    i.rt_mbx_wait       RTX_CM3.lib(rt_mailbox.o)
    0x000054c4   0x00000044   Code   RO         1479    i.rt_ms2tick        RTX_CM3.lib(rt_cmsis.o)
    0x00005508   0x000000d8   Code   RO         2133    i.rt_mut_release    RTX_CM3.lib(rt_mutex.o)
    0x000055e0   0x00000078   Code   RO         2134    i.rt_mut_wait       RTX_CM3.lib(rt_mutex.o)
    0x00005658   0x0000007c   Code   RO         2170    i.rt_pop_req        RTX_CM3.lib(rt_system.o)
    0x000056d4   0x00000020   Code   RO         2171    i.rt_psh_req        RTX_CM3.lib(rt_system.o)
    0x000056f4   0x0000005c   Code   RO         2301    i.rt_psq_enq        RTX_CM3.lib(rt_list.o)
    0x00005750   0x00000048   Code   RO         2302    i.rt_put_dly        RTX_CM3.lib(rt_list.o)
    0x00005798   0x00000036   Code   RO         2303    i.rt_put_prio       RTX_CM3.lib(rt_list.o)
    0x000057ce   0x00000002   PAD
    0x000057d0   0x00000014   Code   RO         2304    i.rt_put_rdy_first  RTX_CM3.lib(rt_list.o)
    0x000057e4   0x00000034   Code   RO         2305    i.rt_resort_prio    RTX_CM3.lib(rt_list.o)
    0x00005818   0x00000006   Code   RO         2576    i.rt_ret_val        RTX_CM3.lib(hal_cm.o)
    0x0000581e   0x00000008   Code   RO         2577    i.rt_ret_val2       RTX_CM3.lib(hal_cm.o)
    0x00005826   0x00000028   Code   RO         2306    i.rt_rmv_dly        RTX_CM3.lib(rt_list.o)
    0x0000584e   0x00000002   PAD
    0x00005850   0x00000030   Code   RO         2307    i.rt_rmv_list       RTX_CM3.lib(rt_list.o)
    0x00005880   0x00000034   Code   RO         2425    i.rt_sem_psh        RTX_CM3.lib(rt_semaphore.o)
    0x000058b4   0x00000024   Code   RO         2173    i.rt_stk_check      RTX_CM3.lib(rt_system.o)
    0x000058d8   0x00000028   Code   RO         2050    i.rt_switch_req     RTX_CM3.lib(rt_task.o)
    0x00005900   0x000000cc   Code   RO         2051    i.rt_sys_init       RTX_CM3.lib(rt_task.o)
    0x000059cc   0x00000078   Code   RO         2052    i.rt_sys_start      RTX_CM3.lib(rt_task.o)
    0x00005a44   0x00000040   Code   RO         2175    i.rt_systick        RTX_CM3.lib(rt_system.o)
    0x00005a84   0x00000012   Code   RO         1480    i.rt_tid2ptcb       RTX_CM3.lib(rt_cmsis.o)
    0x00005a96   0x00000002   PAD
    0x00005a98   0x00000034   Code   RO         1481    i.rt_timer_insert   RTX_CM3.lib(rt_cmsis.o)
    0x00005acc   0x00000088   Code   RO         2053    i.rt_tsk_create     RTX_CM3.lib(rt_task.o)
    0x00005b54   0x0000017c   Code   RO         2054    i.rt_tsk_delete     RTX_CM3.lib(rt_task.o)
    0x00005cd0   0x0000007c   Code   RO         2056    i.rt_tsk_prio       RTX_CM3.lib(rt_task.o)
    0x00005d4c   0x00000010   Code   RO         2057    i.rt_tsk_self       RTX_CM3.lib(rt_task.o)
    0x00005d5c   0x0000002c   Code   RO          374    i.spi_tran          glcd_mcb1700.o
    0x00005d88   0x00000088   Code   RO          375    i.spi_tran_man      glcd_mcb1700.o
    0x00005e10   0x00000012   Code   RO         1483    i.svcDelay          RTX_CM3.lib(rt_cmsis.o)
    0x00005e22   0x00000002   PAD
    0x00005e24   0x00000070   Code   RO         1484    i.svcKernelInitialize  RTX_CM3.lib(rt_cmsis.o)
    0x00005e94   0x00000048   Code   RO         1486    i.svcKernelStart    RTX_CM3.lib(rt_cmsis.o)
    0x00005edc   0x00000042   Code   RO         1488    i.svcMailCreate     RTX_CM3.lib(rt_cmsis.o)
    0x00005f1e   0x00000024   Code   RO         1489    i.svcMessageCreate  RTX_CM3.lib(rt_cmsis.o)
    0x00005f42   0x0000003a   Code   RO         1490    i.svcMessageGet     RTX_CM3.lib(rt_cmsis.o)
    0x00005f7c   0x00000036   Code   RO         1491    i.svcMessagePut     RTX_CM3.lib(rt_cmsis.o)
    0x00005fb2   0x00000024   Code   RO         1502    i.svcSignalSet      RTX_CM3.lib(rt_cmsis.o)
    0x00005fd6   0x00000002   PAD
    0x00005fd8   0x00000054   Code   RO         1503    i.svcSignalWait     RTX_CM3.lib(rt_cmsis.o)
    0x0000602c   0x0000006c   Code   RO         1504    i.svcThreadCreate   RTX_CM3.lib(rt_cmsis.o)
    0x00006098   0x0000001c   Code   RO         1505    i.svcThreadGetId    RTX_CM3.lib(rt_cmsis.o)
    0x000060b4   0x00000038   Code   RO         1508    i.svcThreadTerminate  RTX_CM3.lib(rt_cmsis.o)
    0x000060ec   0x00000018   Code   RO         1510    i.svcTimerCall      RTX_CM3.lib(rt_cmsis.o)
    0x00006104   0x00000058   Code   RO         1515    i.sysMailAlloc      RTX_CM3.lib(rt_cmsis.o)
    0x0000615c   0x00000060   Code   RO         1516    i.sysMailFree       RTX_CM3.lib(rt_cmsis.o)
    0x000061bc   0x0000005c   Code   RO         1519    i.sysTimerTick      RTX_CM3.lib(rt_cmsis.o)
    0x00006218   0x0000004c   Code   RO          376    i.wr_cmd            glcd_mcb1700.o
    0x00006264   0x00000034   Code   RO          378    i.wr_dat_only       glcd_mcb1700.o
    0x00006298   0x00000018   Code   RO          379    i.wr_dat_start      glcd_mcb1700.o
    0x000062b0   0x00000014   Code   RO          380    i.wr_dat_stop       glcd_mcb1700.o
    0x000062c4   0x00000090   Code   RO          381    i.wr_reg            glcd_mcb1700.o
    0x00006354   0x00000150   Code   RO         2648    x$fpl$dadd          fz_ws.l(daddsub_clz.o)
    0x000064a4   0x00000018   Code   RO         2673    x$fpl$dcmpinf       fz_ws.l(dcmpi.o)
    0x000064bc   0x00000078   Code   RO         2654    x$fpl$deqf          fz_ws.l(deqf.o)
    0x00006534   0x0000005a   Code   RO         2656    x$fpl$dfixu         fz_ws.l(dfixu.o)
    0x0000658e   0x00000002   PAD
    0x00006590   0x00000078   Code   RO         2660    x$fpl$dleqf         fz_ws.l(dleqf.o)
    0x00006608   0x00000154   Code   RO         2662    x$fpl$dmul          fz_ws.l(dmul.o)
    0x0000675c   0x0000009c   Code   RO         2675    x$fpl$dnaninf       fz_ws.l(dnaninf.o)
    0x000067f8   0x0000000c   Code   RO         2677    x$fpl$dretinf       fz_ws.l(dretinf.o)
    0x00006804   0x0000006c   Code   RO         2664    x$fpl$drleqf        fz_ws.l(drleqf.o)
    0x00006870   0x000001d4   Code   RO         2650    x$fpl$dsub          fz_ws.l(daddsub_clz.o)
    0x00006a44   0x00000000   Code   RO         2679    x$fpl$usenofp       fz_ws.l(usenofp.o)
    0x00006a44   0x0000002c   Data   RO          275    .constdata          uart_cb.o
    0x00006a70   0x000018a0   Data   RO          339    .constdata          glcd_fonts.o
    0x00008310   0x00000068   Data   RO          560    .constdata          rtx_conf_cm.o
    0x00008378   0x00000064   Data   RO          644    .constdata          i2c_lpc17xx.o
    0x000083dc   0x0000007c   Data   RO          838    .constdata          ssp_lpc17xx.o
    0x00008458   0x000001d0   Data   RO         1025    .constdata          uart_lpc17xx.o
    0x00008628   0x00000020   Data   RO         2830    Region$$Table       anon$$obj.o


    Execution Region RW_IRAM1 (Base: 0x10000000, Size: 0x00002a30, Max: 0x00008000, ABSOLUTE)

    Base Addr    Size         Type   Attr      Idx    E Section Name        Object

    0x10000000   0x00000010   Data   RW          185    .data               pilotagereception.o
    0x10000010   0x00000014   Data   RW          276    .data               uart_cb.o
    0x10000024   0x00000011   Data   RW          382    .data               glcd_mcb1700.o
    0x10000035   0x00000003   PAD
    0x10000038   0x00000014   Data   RW          561    .data               rtx_conf_cm.o
    0x1000004c   0x00000004   Data   RW          645    .data               i2c_lpc17xx.o
    0x10000050   0x00000010   Data   RW          839    .data               ssp_lpc17xx.o
    0x10000060   0x00000004   Data   RW         1026    .data               uart_lpc17xx.o
    0x10000064   0x00000008   Data   RW         1215    .data               gpdma_lpc17xx.o
    0x1000006c   0x00000004   Data   RW         1394    .data               system_lpc17xx.o
    0x10000070   0x00000008   Data   RW         1522    .data               RTX_CM3.lib(rt_cmsis.o)
    0x10000078   0x00000008   Data   RW         2059    .data               RTX_CM3.lib(rt_task.o)
    0x10000080   0x00000008   Data   RW         2178    .data               RTX_CM3.lib(rt_system.o)
    0x10000088   0x00000004   Data   RW         2468    .data               RTX_CM3.lib(rt_time.o)
    0x1000008c   0x00000008   Data   RW         2499    .data               RTX_CM3.lib(rt_robin.o)
    0x10000094   0x00000001   Data   RW         2578    .data               RTX_CM3.lib(hal_cm.o)
    0x10000095   0x00000003   PAD
    0x10000098   0x0000065c   Zero   RW          274    .bss                uart_cb.o
    0x100006f4   0x00000004   PAD
    0x100006f8   0x00001f50   Zero   RW          559    .bss                rtx_conf_cm.o
    0x10002648   0x00000024   Zero   RW          643    .bss                i2c_lpc17xx.o
    0x1000266c   0x00000028   Zero   RW          837    .bss                ssp_lpc17xx.o
    0x10002694   0x00000034   Zero   RW         1024    .bss                uart_lpc17xx.o
    0x100026c8   0x000000a0   Zero   RW         1214    .bss                gpdma_lpc17xx.o
    0x10002768   0x00000034   Zero   RW         2058    .bss                RTX_CM3.lib(rt_task.o)
    0x1000279c   0x00000030   Zero   RW         2308    .bss                RTX_CM3.lib(rt_list.o)
    0x100027cc   0x00000060   Zero   RW         2636    .bss                c_w.l(libspace.o)
    0x1000282c   0x00000004   PAD
    0x10002830   0x00000000   Zero   RW         1380    HEAP                startup_lpc17xx.o
    0x10002830   0x00000200   Zero   RW         1379    STACK               startup_lpc17xx.o


==============================================================================

Image component sizes


      Code (inc. data)   RO Data    RW Data    ZI Data      Debug   Object Name

         0          0          0          0          0       4532   adc.o
         0          0       6304          0          0        736   glcd_fonts.o
      2540         78          0         17          0      15792   glcd_mcb1700.o
      1204         94          0          8        160       8074   gpdma_lpc17xx.o
       104          8          0          0          0      17130   gpio.o
       172         18          0          0          0       2294   gpio_lpc17xx.o
      2924        132        100          4         36      50520   i2c_lpc17xx.o
       540         80          0         16          0      40705   pilotagereception.o
       284         10          0          0          0       1464   pin_lpc17xx.o
       126         26        104         20       8016       8999   rtx_conf_cm.o
      3896        106        124         16         40      53551   ssp_lpc17xx.o
        64         26        204          0        512        980   startup_lpc17xx.o
       320         18          0          4          0        787   system_lpc17xx.o
       432         80         44         20       1628      31439   uart_cb.o
      5832        152        464          4         52      32831   uart_lpc17xx.o

    ----------------------------------------------------------------------
     18450        828       7376        112      10448     269834   Object Totals
         0          0         32          0          0          0   (incl. Generated)
        12          0          0          3          4          0   (incl. Padding)

    ----------------------------------------------------------------------

      Code (inc. data)   RO Data    RW Data    ZI Data      Debug   Library Member Name

       238         24          0          1          0       3312   hal_cm.o
       304         36          0          0          0        768   hal_cm3.o
      1826        190          0          8          0      43109   rt_cmsis.o
       272         18          0          0          0       2650   rt_event.o
       530         34          0          0         48       8253   rt_list.o
       706         14          0          0          0       4787   rt_mailbox.o
       140          0          0          0          0       1925   rt_membox.o
       128          0          0          0          0       2307   rt_memory.o
       336         14          0          0          0       1643   rt_mutex.o
        96         22          0          8          0       1158   rt_robin.o
        52          4          0          0          0        573   rt_semaphore.o
       298         52          0          8          0       6223   rt_system.o
      1216        174          0          8         52       9649   rt_task.o
         6          0          0          4          0        652   rt_time.o
         4          4          0          0          0        208   svc_table.o
         8          0          0          0          0         68   __main.o
         0          0          0          0          0          0   __rtentry.o
        20          0          0          0          0          0   __rtentry2.o
         6          0          0          0          0          0   __rtentry4.o
        52          8          0          0          0          0   __scatter.o
        26          0          0          0          0          0   __scatter_copy.o
        28          0          0          0          0          0   __scatter_zi.o
        18          0          0          0          0         80   exit.o
         6          0          0          0          0        152   heapauxi.o
         0          0          0          0          0          0   indicate_semi.o
         2          0          0          0          0          0   libinit.o
         2          0          0          0          0          0   libinit2.o
         2          0          0          0          0          0   libshutdown.o
         2          0          0          0          0          0   libshutdown2.o
         8          4          0          0         96         68   libspace.o
       238          0          0          0          0        100   lludivv7m.o
        78          0          0          0          0         80   rt_memclr_w.o
         2          0          0          0          0          0   rtexit.o
        10          0          0          0          0          0   rtexit2.o
        12          4          0          0          0         68   sys_exit.o
        74          0          0          0          0         80   sys_stackheap_outer.o
         2          0          0          0          0         68   use_no_semi.o
       804         16          0          0          0        272   daddsub_clz.o
        24          0          0          0          0         68   dcmpi.o
       120          4          0          0          0         92   deqf.o
        90          4          0          0          0         92   dfixu.o
       120          4          0          0          0         92   dleqf.o
       340         12          0          0          0        104   dmul.o
       156          4          0          0          0         92   dnaninf.o
        12          0          0          0          0         68   dretinf.o
       108          0          0          0          0         80   drleqf.o
         0          0          0          0          0          0   usenofp.o

    ----------------------------------------------------------------------
      8550        646          0         40        200      88941   Library Totals
        28          0          0          3          4          0   (incl. Padding)

    ----------------------------------------------------------------------

      Code (inc. data)   RO Data    RW Data    ZI Data      Debug   Library Name

      6152        586          0         37        100      87217   RTX_CM3.lib
       596         16          0          0         96        764   c_w.l
      1774         44          0          0          0        960   fz_ws.l

    ----------------------------------------------------------------------
      8550        646          0         40        200      88941   Library Totals

    ----------------------------------------------------------------------

==============================================================================


      Code (inc. data)   RO Data    RW Data    ZI Data      Debug   

     27000       1474       7376        152      10648     346135   Grand Totals
     27000       1474       7376        152      10648     346135   ELF Image Totals
     27000       1474       7376        152          0          0   ROM Totals

==============================================================================

    Total RO  Size (Code + RO Data)                34376 (  33.57kB)
    Total RW  Size (RW Data + ZI Data)             10800 (  10.55kB)
    Total ROM Size (Code + RO Data + RW Data)      34528 (  33.72kB)

==============================================================================

