Component: ARM Compiler 5.06 update 1 (build 61) Tool: armlink [4d35a8]

==============================================================================

Section Cross References

    gpio.o(i.Ecriture_GPIO2) refers to gpio.o(i.Allumer_1LED) for Allumer_1LED
    gpio.o(i.Ecriture_GPIO2) refers to gpio.o(i.Eteindre_1LED) for Eteindre_1LED
    main.o(i.Init_UART) refers to uart_lpc17xx.o(.constdata) for Driver_USART0
    main.o(i.Init_UART) refers to main.o(i.myUART_callback) for myUART_callback
    main.o(i.LectureLidar) refers to _printf_pad.o(.text) for _printf_pre_padding
    main.o(i.LectureLidar) refers to _printf_percent.o(.ARM.Collect$$_printf_percent$$00000000) for _printf_percent
    main.o(i.LectureLidar) refers to _printf_d.o(.ARM.Collect$$_printf_percent$$00000009) for _printf_d
    main.o(i.LectureLidar) refers to _printf_f.o(.ARM.Collect$$_printf_percent$$00000003) for _printf_f
    main.o(i.LectureLidar) refers to _printf_dec.o(.text) for _printf_int_dec
    main.o(i.LectureLidar) refers to printf1.o(x$fpl$printf1) for _printf_fp_dec
    main.o(i.LectureLidar) refers to glcd_mcb1700.o(i.GLCD_SetForegroundColor) for GLCD_SetForegroundColor
    main.o(i.LectureLidar) refers to rt_cmsis.o(i.osSignalWait) for osSignalWait
    main.o(i.LectureLidar) refers to main.o(i.sendLidar) for sendLidar
    main.o(i.LectureLidar) refers to rt_cmsis.o(i.osDelay) for osDelay
    main.o(i.LectureLidar) refers to dflt_clz.o(x$fpl$dflt) for __aeabi_i2d
    main.o(i.LectureLidar) refers to ddiv.o(x$fpl$ddiv) for __aeabi_ddiv
    main.o(i.LectureLidar) refers to d2f.o(x$fpl$d2f) for __aeabi_d2f
    main.o(i.LectureLidar) refers to f2d.o(x$fpl$f2d) for __aeabi_f2d
    main.o(i.LectureLidar) refers to noretval__2sprintf.o(.text) for __2sprintf
    main.o(i.LectureLidar) refers to main.o(i.affichage_cartesien) for affichage_cartesien
    main.o(i.LectureLidar) refers to rt_cmsis.o(i.osSignalSet) for osSignalSet
    main.o(i.LectureLidar) refers to uart_lpc17xx.o(.constdata) for Driver_USART0
    main.o(i.LectureLidar) refers to main.o(.bss) for tabDonnee
    main.o(i.LectureLidar) refers to main.o(.data) for etatReponse
    main.o(i.UARTReceive) refers to rt_cmsis.o(i.osSignalWait) for osSignalWait
    main.o(i.UARTReceive) refers to main.o(i.sendLidar) for sendLidar
    main.o(i.UARTReceive) refers to rt_cmsis.o(i.osDelay) for osDelay
    main.o(i.UARTReceive) refers to strcmpv7m.o(.text) for strcmp
    main.o(i.UARTReceive) refers to rt_cmsis.o(i.osSignalSet) for osSignalSet
    main.o(i.UARTReceive) refers to uart_lpc17xx.o(.constdata) for Driver_USART0
    main.o(i.UARTReceive) refers to main.o(.data) for reponseLidarScan
    main.o(i.affichage_cartesien) refers to glcd_mcb1700.o(i.GLCD_ClearScreen) for GLCD_ClearScreen
    main.o(i.affichage_cartesien) refers to glcd_mcb1700.o(i.GLCD_SetForegroundColor) for GLCD_SetForegroundColor
    main.o(i.affichage_cartesien) refers to glcd_mcb1700.o(i.GLCD_DrawRectangle) for GLCD_DrawRectangle
    main.o(i.affichage_cartesien) refers to dflt_clz.o(x$fpl$dflt) for __aeabi_i2d
    main.o(i.affichage_cartesien) refers to dmul.o(x$fpl$dmul) for __aeabi_dmul
    main.o(i.affichage_cartesien) refers to ddiv.o(x$fpl$ddiv) for __aeabi_ddiv
    main.o(i.affichage_cartesien) refers to cos.o(i.cos) for cos
    main.o(i.affichage_cartesien) refers to f2d.o(x$fpl$f2d) for __aeabi_f2d
    main.o(i.affichage_cartesien) refers to dfix.o(x$fpl$dfix) for __aeabi_d2iz
    main.o(i.affichage_cartesien) refers to sin.o(i.sin) for sin
    main.o(i.affichage_cartesien) refers to glcd_mcb1700.o(i.GLCD_DrawPixel) for GLCD_DrawPixel
    main.o(i.affichage_cartesien) refers to main.o(.bss) for env
    main.o(i.main) refers to rt_cmsis.o(i.osKernelInitialize) for osKernelInitialize
    main.o(i.main) refers to driver.o(i.init_PWM6) for init_PWM6
    main.o(i.main) refers to main.o(i.Init_UART) for Init_UART
    main.o(i.main) refers to gpio.o(i.Initialise_GPIO) for Initialise_GPIO
    main.o(i.main) refers to glcd_mcb1700.o(i.GLCD_Initialize) for GLCD_Initialize
    main.o(i.main) refers to glcd_mcb1700.o(i.GLCD_ClearScreen) for GLCD_ClearScreen
    main.o(i.main) refers to glcd_mcb1700.o(i.GLCD_SetFont) for GLCD_SetFont
    main.o(i.main) refers to glcd_mcb1700.o(i.GLCD_SetForegroundColor) for GLCD_SetForegroundColor
    main.o(i.main) refers to rt_cmsis.o(i.osThreadCreate) for osThreadCreate
    main.o(i.main) refers to rt_cmsis.o(i.osKernelStart) for osKernelStart
    main.o(i.main) refers to rt_cmsis.o(i.osSignalSet) for osSignalSet
    main.o(i.main) refers to rt_cmsis.o(i.osDelay) for osDelay
    main.o(i.main) refers to glcd_fonts.o(.constdata) for GLCD_Font_16x24
    main.o(i.main) refers to main.o(.constdata) for os_thread_def_UARTReceive
    main.o(i.main) refers to main.o(.data) for ID_UARTReceive
    main.o(i.main) refers to uart_lpc17xx.o(.constdata) for Driver_USART1
[...]
    __lcnum_c_thousands                      0x00009a3e   Data           0  lc_numeric_c.o(locale$$data)
    __lcnum_c_grouping                       0x00009a3f   Data           0  lc_numeric_c.o(locale$$data)
    __lcnum_c_end                            0x00009a40   Data           0  lc_numeric_c.o(locale$$data)
    .bss                                     0x10000000   Section    11020  rtx_conf_cm.o(.bss)
    std_libspace                             0x1000284c   Data         576  rtx_conf_cm.o(.bss)
    std_libmutex                             0x10002a8c   Data         128  rtx_conf_cm.o(.bss)
    .data                                    0x2007c000   Section       24  main.o(.data)
    .data                                    0x2007c018   Section       17  glcd_mcb1700.o(.data)
    spi1_pins                                0x2007c018   Data           8  glcd_mcb1700.o(.data)
    foreground_color                         0x2007c020   Data           2  glcd_mcb1700.o(.data)
    background_color                         0x2007c022   Data           2  glcd_mcb1700.o(.data)
    active_font                              0x2007c024   Data           4  glcd_mcb1700.o(.data)
    Himax                                    0x2007c028   Data           1  glcd_mcb1700.o(.data)
    .data                                    0x2007c02c   Section       20  rtx_conf_cm.o(.data)
    nr_mutex                                 0x2007c03c   Data           4  rtx_conf_cm.o(.data)
    .data                                    0x2007c040   Section       16  ssp_lpc17xx.o(.data)
    SSP1_pin_sck                             0x2007c040   Data           2  ssp_lpc17xx.o(.data)
    SSP1_pin_miso                            0x2007c042   Data           2  ssp_lpc17xx.o(.data)
    SSP1_pin_mosi                            0x2007c044   Data           2  ssp_lpc17xx.o(.data)
    SSP1_pin_ssel                            0x2007c046   Data           2  ssp_lpc17xx.o(.data)
    dummy_data                               0x2007c048   Data           4  ssp_lpc17xx.o(.data)
    dummy_data                               0x2007c04c   Data           4  ssp_lpc17xx.o(.data)
    .data                                    0x2007c050   Section        8  uart_lpc17xx.o(.data)
    USART0_pin_tx                            0x2007c050   Data           2  uart_lpc17xx.o(.data)
    USART0_pin_rx                            0x2007c052   Data           2  uart_lpc17xx.o(.data)
    USART1_pin_tx                            0x2007c054   Data           2  uart_lpc17xx.o(.data)
    USART1_pin_rx                            0x2007c056   Data           2  uart_lpc17xx.o(.data)
    .data                                    0x2007c058   Section        8  gpdma_lpc17xx.o(.data)
    Channel_active                           0x2007c058   Data           4  gpdma_lpc17xx.o(.data)
    Init_cnt                                 0x2007c05c   Data           4  gpdma_lpc17xx.o(.data)
    .data                                    0x2007c060   Section        4  system_lpc17xx.o(.data)
    .data                                    0x2007c064   Section        8  rt_cmsis.o(.data)
    .data                                    0x2007c06c   Section        8  rt_task.o(.data)
    .data                                    0x2007c074   Section        8  rt_system.o(.data)
    os_lock                                  0x2007c074   Data           1  rt_system.o(.data)
    os_psh_flag                              0x2007c075   Data           1  rt_system.o(.data)
    pend_flags                               0x2007c076   Data           1  rt_system.o(.data)
    .data                                    0x2007c07c   Section        4  rt_time.o(.data)
    .data                                    0x2007c080   Section        8  rt_robin.o(.data)
    .data                                    0x2007c088   Section        1  hal_cm.o(.data)
    .bss                                     0x2007c08c   Section     5440  main.o(.bss)
    .bss                                     0x2007d5cc   Section       40  ssp_lpc17xx.o(.bss)
    SSP1_Info                                0x2007d5cc   Data          12  ssp_lpc17xx.o(.bss)
    SSP1_Xfer                                0x2007d5d8   Data          28  ssp_lpc17xx.o(.bss)
    .bss                                     0x2007d5f4   Section      104  uart_lpc17xx.o(.bss)
    USART0_Info                              0x2007d5f4   Data          52  uart_lpc17xx.o(.bss)
    USART1_Info                              0x2007d628   Data          52  uart_lpc17xx.o(.bss)
    .bss                                     0x2007d65c   Section      160  gpdma_lpc17xx.o(.bss)
    Channel_info                             0x2007d65c   Data         160  gpdma_lpc17xx.o(.bss)
    .bss                                     0x2007d6fc   Section       52  rt_task.o(.bss)
    .bss                                     0x2007d730   Section       48  rt_list.o(.bss)
    .bss                                     0x2007d760   Section       96  libspace.o(.bss)
    HEAP                                     0x2007d7c0   Section        0  startup_lpc17xx.o(HEAP)
    STACK                                    0x2007d7c0   Section      512  startup_lpc17xx.o(STACK)
    Heap_Mem                                 0x2007d7c0   Data           0  startup_lpc17xx.o(HEAP)
    Stack_Mem                                0x2007d7c0   Data         512  startup_lpc17xx.o(STACK)
    __initial_sp                             0x2007d9c0   Data           0  startup_lpc17xx.o(STACK)

    Global Symbols

    Symbol Name                              Value     Ov Type        Size  Object(Section)

    BuildAttributes$$THM_ISAv4$P$D$K$B$S$PE$A:L22UL41UL21$X:L11$S22US41US21$IEEE1$IW$USESV6$~STKCKD$USESV7$~SHL$OTIME$ROPI$IEEEX$EBA8$UX$STANDARDLIB$REQ8$PRES8$EABIv2 0x00000000   Number         0  anon$$obj.o ABSOLUTE
    __ARM_use_no_argv                        0x00000000   Number         0  main.o ABSOLUTE
    __Vectors                                0x00000000   Data           4  startup_lpc17xx.o(RESET)
    _printf_flags                            0x00000000   Number         0  printf_stubs.o ABSOLUTE
    _printf_return_value                     0x00000000   Number         0  printf_stubs.o ABSOLUTE
    _printf_sizespec                         0x00000000   Number         0  printf_stubs.o ABSOLUTE
    _printf_widthprec                        0x00000000   Number         0  printf_stubs.o ABSOLUTE
    __ARM_exceptions_init                     - Undefined Weak Reference
    __alloca_initialize                       - Undefined Weak Reference
    __arm_preinit_                            - Undefined Weak Reference
    __cpp_initialize__aeabi_                  - Undefined Weak Reference
    __cxa_finalize                            - Undefined Weak Reference
    __sigvec_lookup                           - Undefined Weak Reference
    _atexit_init                              - Undefined Weak Reference
    _call_atexit_fns                          - Undefined Weak Reference
    _clock_init                               - Undefined Weak Reference
    _fp_trap_init                             - Undefined Weak Reference
    _fp_trap_shutdown                         - Undefined Weak Reference
    _get_lc_collate                           - Undefined Weak Reference
    _get_lc_ctype                             - Undefined Weak Reference
    _get_lc_monetary                          - Undefined Weak Reference
    _get_lc_time                              - Undefined Weak Reference
    _getenv_init                              - Undefined Weak Reference
    _handle_redirection                       - Undefined Weak Reference
    _init_alloc                               - Undefined Weak Reference
    _init_user_alloc                          - Undefined Weak Reference
    _initio                                   - Undefined Weak Reference
    _printf_truncate_signed                   - Undefined Weak Reference
    _printf_truncate_unsigned                 - Undefined Weak Reference
    _rand_init                                - Undefined Weak Reference
    _signal_finish                            - Undefined Weak Reference
    _signal_init                              - Undefined Weak Reference
    _terminate_alloc                          - Undefined Weak Reference
    _terminate_user_alloc                     - Undefined Weak Reference
    _terminateio                              - Undefined Weak Reference
    __main                                   0x000000cd   Thumb Code     8  __main.o(!!!main)
    __scatterload                            0x000000d5   Thumb Code     0  __scatter.o(!!!scatter)
    __scatterload_rt2                        0x000000d5   Thumb Code    44  __scatter.o(!!!scatter)
    __scatterload_rt2_thumb_only             0x000000d5   Thumb Code     0  __scatter.o(!!!scatter)
    __scatterload_null                       0x000000e3   Thumb Code     0  __scatter.o(!!!scatter)
    __scatterload_copy                       0x00000109   Thumb Code    26  __scatter_copy.o(!!handler_copy)
    __scatterload_zeroinit                   0x00000125   Thumb Code    28  __scatter_zi.o(!!handler_zi)
    _printf_f                                0x00000141   Thumb Code     0  _printf_f.o(.ARM.Collect$$_printf_percent$$00000003)
    _printf_percent                          0x00000141   Thumb Code     0  _printf_percent.o(.ARM.Collect$$_printf_percent$$00000000)
    _printf_d                                0x00000147   Thumb Code     0  _printf_d.o(.ARM.Collect$$_printf_percent$$00000009)
    _printf_percent_end                      0x0000014d   Thumb Code     0  _printf_percent_end.o(.ARM.Collect$$_printf_percent$$00000017)
    __rt_lib_init                            0x00000151   Thumb Code     0  libinit.o(.ARM.Collect$$libinit$$00000000)
    __rt_lib_init_fp_1                       0x00000153   Thumb Code     0  libinit2.o(.ARM.Collect$$libinit$$00000002)
    __rt_lib_init_heap_1                     0x00000153   Thumb Code     0  libinit2.o(.ARM.Collect$$libinit$$0000000A)
    __rt_lib_init_lc_common                  0x00000153   Thumb Code     0  libinit2.o(.ARM.Collect$$libinit$$0000000F)
    __rt_lib_init_preinit_1                  0x00000153   Thumb Code     0  libinit2.o(.ARM.Collect$$libinit$$00000004)
    __rt_lib_init_rand_1                     0x00000153   Thumb Code     0  libinit2.o(.ARM.Collect$$libinit$$0000000E)
    __rt_lib_init_user_alloc_1               0x00000153   Thumb Code     0  libinit2.o(.ARM.Collect$$libinit$$0000000C)
    __rt_lib_init_lc_collate_1               0x00000159   Thumb Code     0  libinit2.o(.ARM.Collect$$libinit$$00000011)
    __rt_lib_init_lc_ctype_1                 0x00000159   Thumb Code     0  libinit2.o(.ARM.Collect$$libinit$$00000013)
    __rt_lib_init_lc_monetary_1              0x00000159   Thumb Code     0  libinit2.o(.ARM.Collect$$libinit$$00000015)
    __rt_lib_init_lc_numeric_2               0x00000159   Thumb Code     0  libinit2.o(.ARM.Collect$$libinit$$00000016)
    __rt_lib_init_alloca_1                   0x00000163   Thumb Code     0  libinit2.o(.ARM.Collect$$libinit$$0000002E)
    __rt_lib_init_argv_1                     0x00000163   Thumb Code     0  libinit2.o(.ARM.Collect$$libinit$$0000002C)
    __rt_lib_init_atexit_1                   0x00000163   Thumb Code     0  libinit2.o(.ARM.Collect$$libinit$$0000001B)
    __rt_lib_init_clock_1                    0x00000163   Thumb Code     0  libinit2.o(.ARM.Collect$$libinit$$00000021)
    __rt_lib_init_cpp_1                      0x00000163   Thumb Code     0  libinit2.o(.ARM.Collect$$libinit$$00000032)
    __rt_lib_init_exceptions_1               0x00000163   Thumb Code     0  libinit2.o(.ARM.Collect$$libinit$$00000030)
    __rt_lib_init_fp_trap_1                  0x00000163   Thumb Code     0  libinit2.o(.ARM.Collect$$libinit$$0000001F)
    __rt_lib_init_getenv_1                   0x00000163   Thumb Code     0  libinit2.o(.ARM.Collect$$libinit$$00000023)
    __rt_lib_init_lc_numeric_1               0x00000163   Thumb Code     0  libinit2.o(.ARM.Collect$$libinit$$00000017)
    __rt_lib_init_lc_time_1                  0x00000163   Thumb Code     0  libinit2.o(.ARM.Collect$$libinit$$00000019)
    __rt_lib_init_return                     0x00000163   Thumb Code     0  libinit2.o(.ARM.Collect$$libinit$$00000033)
    __rt_lib_init_signal_1                   0x00000163   Thumb Code     0  libinit2.o(.ARM.Collect$$libinit$$0000001D)
    __rt_lib_init_stdio_1                    0x00000163   Thumb Code     0  libinit2.o(.ARM.Collect$$libinit$$00000025)
    __rt_lib_shutdown                        0x00000165   Thumb Code     0  libshutdown.o(.ARM.Collect$$libshutdown$$00000000)
    __rt_lib_shutdown_cpp_1                  0x00000167   Thumb Code     0  libshutdown2.o(.ARM.Collect$$libshutdown$$00000002)
    __rt_lib_shutdown_fp_trap_1              0x00000167   Thumb Code     0  libshutdown2.o(.ARM.Collect$$libshutdown$$00000007)
    __rt_lib_shutdown_heap_1                 0x00000167   Thumb Code     0  libshutdown2.o(.ARM.Collect$$libshutdown$$0000000F)
    __rt_lib_shutdown_return                 0x00000167   Thumb Code     0  libshutdown2.o(.ARM.Collect$$libshutdown$$00000010)
    __rt_lib_shutdown_signal_1               0x00000167   Thumb Code     0  libshutdown2.o(.ARM.Collect$$libshutdown$$0000000A)
    __rt_lib_shutdown_stdio_1                0x00000167   Thumb Code     0  libshutdown2.o(.ARM.Collect$$libshutdown$$00000004)
    __rt_lib_shutdown_user_alloc_1           0x00000167   Thumb Code     0  libshutdown2.o(.ARM.Collect$$libshutdown$$0000000C)
    __rt_entry                               0x00000169   Thumb Code     0  __rtentry.o(.ARM.Collect$$rtentry$$00000000)
    __rt_entry_presh_1                       0x00000169   Thumb Code     0  __rtentry2.o(.ARM.Collect$$rtentry$$00000002)
    __rt_entry_sh                            0x00000169   Thumb Code     0  __rtentry4.o(.ARM.Collect$$rtentry$$00000004)
    __rt_entry_li                            0x0000016f   Thumb Code     0  __rtentry2.o(.ARM.Collect$$rtentry$$0000000A)
    __rt_entry_postsh_1                      0x0000016f   Thumb Code     0  __rtentry2.o(.ARM.Collect$$rtentry$$00000009)
    __rt_entry_postli_1                      0x00000173   Thumb Code     0  __rtentry2.o(.ARM.Collect$$rtentry$$0000000B)
    __rt_entry_main                          0x0000017b   Thumb Code     0  __rtentry2.o(.ARM.Collect$$rtentry$$0000000D)
    __rt_exit                                0x00000183   Thumb Code     0  rtexit.o(.ARM.Collect$$rtexit$$00000000)
    __rt_exit_ls                             0x00000185   Thumb Code     0  rtexit2.o(.ARM.Collect$$rtexit$$00000003)
    __rt_exit_prels_1                        0x00000185   Thumb Code     0  rtexit2.o(.ARM.Collect$$rtexit$$00000002)
    __rt_exit_exit                           0x00000189   Thumb Code     0  rtexit2.o(.ARM.Collect$$rtexit$$00000004)
    _platform_post_lib_init                  0x00000191   Thumb Code    24  rtx_conf_cm.o(.emb_text)
    rt_set_PSP                               0x000001ad   Thumb Code     6  hal_cm3.o(.emb_text)
    rt_get_PSP                               0x000001b3   Thumb Code     6  hal_cm3.o(.emb_text)
    os_set_env                               0x000001b9   Thumb Code    24  hal_cm3.o(.emb_text)
    _alloc_box                               0x000001d5   Thumb Code    28  hal_cm3.o(.emb_text)
    _free_box                                0x000001f5   Thumb Code    28  hal_cm3.o(.emb_text)
    SVC_Handler                              0x00000215   Thumb Code   108  hal_cm3.o(.emb_text)
    PendSV_Handler                           0x0000028d   Thumb Code    56  hal_cm3.o(.emb_text)
    SysTick_Handler                          0x000002c9   Thumb Code     8  hal_cm3.o(.emb_text)
    OS_Tick_Handler                          0x000002d1   Thumb Code    12  hal_cm3.o(.emb_text)
    __user_libspace                          0x000002dd   Thumb Code     8  libspace.o(.text)
    __user_perproc_libspace                  0x000002dd   Thumb Code     0  libspace.o(.text)
    exit                                     0x000002e5   Thumb Code    18  exit.o(.text)
    __use_two_region_memory                  0x000002f7   Thumb Code     2  heapauxi.o(.text)
    __rt_heap_escrow$2region                 0x000002f9   Thumb Code     2  heapauxi.o(.text)
    __rt_heap_expand$2region                 0x000002fb   Thumb Code     2  heapauxi.o(.text)
    Reset_Handler                            0x00000301   Thumb Code     8  startup_lpc17xx.o(.text)
    NMI_Handler                              0x00000309   Thumb Code     2  startup_lpc17xx.o(.text)
    HardFault_Handler                        0x0000030b   Thumb Code     2  startup_lpc17xx.o(.text)
    MemManage_Handler                        0x0000030d   Thumb Code     2  startup_lpc17xx.o(.text)
    BusFault_Handler                         0x0000030f   Thumb Code     2  startup_lpc17xx.o(.text)
    UsageFault_Handler                       0x00000311   Thumb Code     2  startup_lpc17xx.o(.text)
    DebugMon_Handler                         0x00000315   Thumb Code     2  startup_lpc17xx.o(.text)
    ADC_IRQHandler                           0x0000031b   Thumb Code     0  startup_lpc17xx.o(.text)
    BOD_IRQHandler                           0x0000031b   Thumb Code     0  startup_lpc17xx.o(.text)
    CANActivity_IRQHandler                   0x0000031b   Thumb Code     0  startup_lpc17xx.o(.text)
    CAN_IRQHandler                           0x0000031b   Thumb Code     0  startup_lpc17xx.o(.text)
    EINT0_IRQHandler                         0x0000031b   Thumb Code     0  startup_lpc17xx.o(.text)
    EINT1_IRQHandler                         0x0000031b   Thumb Code     0  startup_lpc17xx.o(.text)
    EINT2_IRQHandler                         0x0000031b   Thumb Code     0  startup_lpc17xx.o(.text)
    EINT3_IRQHandler                         0x0000031b   Thumb Code     0  startup_lpc17xx.o(.text)
    ENET_IRQHandler                          0x0000031b   Thumb Code     0  startup_lpc17xx.o(.text)
    I2C0_IRQHandler                          0x0000031b   Thumb Code     0  startup_lpc17xx.o(.text)
    I2C1_IRQHandler                          0x0000031b   Thumb Code     0  startup_lpc17xx.o(.text)
    I2C2_IRQHandler                          0x0000031b   Thumb Code     0  startup_lpc17xx.o(.text)
    I2S_IRQHandler                           0x0000031b   Thumb Code     0  startup_lpc17xx.o(.text)
    MCPWM_IRQHandler                         0x0000031b   Thumb Code     0  startup_lpc17xx.o(.text)
    PLL0_IRQHandler                          0x0000031b   Thumb Code     0  startup_lpc17xx.o(.text)
    PLL1_IRQHandler                          0x0000031b   Thumb Code     0  startup_lpc17xx.o(.text)
    PWM1_IRQHandler                          0x0000031b   Thumb Code     0  startup_lpc17xx.o(.text)
    QEI_IRQHandler                           0x0000031b   Thumb Code     0  startup_lpc17xx.o(.text)
    RIT_IRQHandler                           0x0000031b   Thumb Code     0  startup_lpc17xx.o(.text)
    RTC_IRQHandler                           0x0000031b   Thumb Code     0  startup_lpc17xx.o(.text)
    SPI_IRQHandler                           0x0000031b   Thumb Code     0  startup_lpc17xx.o(.text)
    SSP0_IRQHandler                          0x0000031b   Thumb Code     0  startup_lpc17xx.o(.text)
    TIMER0_IRQHandler                        0x0000031b   Thumb Code     0  startup_lpc17xx.o(.text)
    TIMER1_IRQHandler                        0x0000031b   Thumb Code     0  startup_lpc17xx.o(.text)
    TIMER2_IRQHandler                        0x0000031b   Thumb Code     0  startup_lpc17xx.o(.text)
    TIMER3_IRQHandler                        0x0000031b   Thumb Code     0  startup_lpc17xx.o(.text)
    UART2_IRQHandler                         0x0000031b   Thumb Code     0  startup_lpc17xx.o(.text)
    UART3_IRQHandler                         0x0000031b   Thumb Code     0  startup_lpc17xx.o(.text)
    USBActivity_IRQHandler                   0x0000031b   Thumb Code     0  startup_lpc17xx.o(.text)
    USB_IRQHandler                           0x0000031b   Thumb Code     0  startup_lpc17xx.o(.text)
    WDT_IRQHandler                           0x0000031b   Thumb Code     0  startup_lpc17xx.o(.text)
    __user_initial_stackheap                 0x0000031d   Thumb Code     0  startup_lpc17xx.o(.text)
    __aeabi_uldivmod                         0x0000033d   Thumb Code     0  lludivv7m.o(.text)
    _ll_udiv                                 0x0000033d   Thumb Code   238  lludivv7m.o(.text)
    __2sprintf                               0x0000042d   Thumb Code    34  noretval__2sprintf.o(.text)
    _printf_pre_padding                      0x00000455   Thumb Code    44  _printf_pad.o(.text)
    _printf_post_padding                     0x00000481   Thumb Code    34  _printf_pad.o(.text)
    __RL_RTX_VER                             0x00000482   Number         0  rt_system.o ABSOLUTE
    _printf_int_dec                          0x000004a5   Thumb Code   104  _printf_dec.o(.text)
    __printf                                 0x0000051d   Thumb Code   270  __printf_wp.o(.text)
    __aeabi_memclr4                          0x0000062b   Thumb Code     0  rt_memclr_w.o(.text)
    __aeabi_memclr8                          0x0000062b   Thumb Code     0  rt_memclr_w.o(.text)
    __rt_memclr_w                            0x0000062b   Thumb Code    78  rt_memclr_w.o(.text)
    _memset_w                                0x0000062f   Thumb Code     0  rt_memclr_w.o(.text)
    strcmp                                   0x00000679   Thumb Code   128  strcmpv7m.o(.text)
    __read_errno                             0x000006f9   Thumb Code    10  _rserrno.o(.text)
    __set_errno                              0x00000703   Thumb Code    12  _rserrno.o(.text)
    _printf_int_common                       0x0000070f   Thumb Code   178  _printf_intcommon.o(.text)
    __lib_sel_fp_printf                      0x000007c1   Thumb Code     2  _printf_fp_dec.o(.text)
    _printf_fp_dec_real                      0x0000096f   Thumb Code   620  _printf_fp_dec.o(.text)
    _printf_char_common                      0x00000be7   Thumb Code    32  _printf_char_common.o(.text)
    _sputc                                   0x00000c0d   Thumb Code    10  _sputc.o(.text)
    __rt_locale                              0x00000c17   Thumb Code    10  rt_locale_twolibspace.o(.text)
    __aeabi_errno_addr                       0x00000c21   Thumb Code     4  rt_errno_addr_twolibspace.o(.text)
    __errno$twolibspace                      0x00000c21   Thumb Code     0  rt_errno_addr_twolibspace.o(.text)
    __rt_errno_addr$twolibspace              0x00000c21   Thumb Code     0  rt_errno_addr_twolibspace.o(.text)
    _ll_udiv10                               0x00000c25   Thumb Code   138  lludiv10.o(.text)
    _printf_fp_infnan                        0x00000cb1   Thumb Code   112  _printf_fp_infnan.o(.text)
    _btod_etento                             0x00000d31   Thumb Code   216  bigflt0.o(.text)
    _sys_exit                                0x00000e0d   Thumb Code     8  sys_exit.o(.text)
    __user_setup_stackheap                   0x00000e19   Thumb Code    74  sys_stackheap_outer.o(.text)
    __I$use$semihosting                      0x00000e63   Thumb Code     0  use_no_semi.o(.text)
    __use_no_semihosting_swi                 0x00000e63   Thumb Code     2  use_no_semi.o(.text)
    __semihosting_library_function           0x00000e65   Thumb Code     0  indicate_semi.o(.text)
    _btod_d2e                                0x00000e65   Thumb Code    62  btod.o(CL$$btod_d2e)
    _d2e_denorm_low                          0x00000ea3   Thumb Code    70  btod.o(CL$$btod_d2e_denorm_low)
    _d2e_norm_op1                            0x00000ee9   Thumb Code    96  btod.o(CL$$btod_d2e_norm_op1)
    __btod_div_common                        0x00000f49   Thumb Code   696  btod.o(CL$$btod_div_common)
    _e2e                                     0x00001281   Thumb Code   198  btod.o(CL$$btod_e2e)
    _btod_ediv                               0x00001347   Thumb Code    40  btod.o(CL$$btod_ediv)
    _btod_emul                               0x0000136f   Thumb Code    40  btod.o(CL$$btod_emul)
    __btod_mult_common                       0x00001397   Thumb Code   580  btod.o(CL$$btod_mult_common)
    SVC_Count                                0x000015dc   Data           4  svc_table.o(SVC_TABLE)
    SVC_Table                                0x000015e0   Data           0  svc_table.o(SVC_TABLE)
    DMA_IRQHandler                           0x00001601   Thumb Code   372  gpdma_lpc17xx.o(i.DMA_IRQHandler)
    GLCD_ClearScreen                         0x00001781   Thumb Code    44  glcd_mcb1700.o(i.GLCD_ClearScreen)
    GLCD_DrawHLine                           0x000017b1   Thumb Code    56  glcd_mcb1700.o(i.GLCD_DrawHLine)
    GLCD_DrawPixel                           0x000017ed   Thumb Code   120  glcd_mcb1700.o(i.GLCD_DrawPixel)
    GLCD_DrawRectangle                       0x0000186d   Thumb Code    58  glcd_mcb1700.o(i.GLCD_DrawRectangle)
    GLCD_DrawVLine                           0x000018a9   Thumb Code    56  glcd_mcb1700.o(i.GLCD_DrawVLine)
    GLCD_Initialize                          0x000018e5   Thumb Code  1462  glcd_mcb1700.o(i.GLCD_Initialize)
    GLCD_SetFont                             0x00001e9d   Thumb Code    10  glcd_mcb1700.o(i.GLCD_SetFont)
    GLCD_SetForegroundColor                  0x00001ead   Thumb Code    10  glcd_mcb1700.o(i.GLCD_SetForegroundColor)
    GLCD_SetWindow                           0x00001ebd   Thumb Code   168  glcd_mcb1700.o(i.GLCD_SetWindow)
    GLCD_WindowMax                           0x00001f69   Thumb Code    18  glcd_mcb1700.o(i.GLCD_WindowMax)
    GPDMA_ChannelConfigure                   0x00001f7d   Thumb Code   232  gpdma_lpc17xx.o(i.GPDMA_ChannelConfigure)
    GPDMA_ChannelDisable                     0x00002071   Thumb Code    44  gpdma_lpc17xx.o(i.GPDMA_ChannelDisable)
    GPDMA_ChannelGetCount                    0x000020a1   Thumb Code    38  gpdma_lpc17xx.o(i.GPDMA_ChannelGetCount)
    GPDMA_Initialize                         0x000020d1   Thumb Code   146  gpdma_lpc17xx.o(i.GPDMA_Initialize)
    GPDMA_PeripheralSelect                   0x00002179   Thumb Code    62  gpdma_lpc17xx.o(i.GPDMA_PeripheralSelect)
    GPDMA_Uninitialize                       0x000021bd   Thumb Code   116  gpdma_lpc17xx.o(i.GPDMA_Uninitialize)
    GPIO_PinRead                             0x0000223d   Thumb Code    28  gpio_lpc17xx.o(i.GPIO_PinRead)
    GPIO_PinWrite                            0x0000225d   Thumb Code    36  gpio_lpc17xx.o(i.GPIO_PinWrite)
    GPIO_PortClock                           0x00002285   Thumb Code    38  gpio_lpc17xx.o(i.GPIO_PortClock)
    GPIO_SetDir                              0x000022b1   Thumb Code    52  gpio_lpc17xx.o(i.GPIO_SetDir)
    Init_UART                                0x00002371   Thumb Code   100  main.o(i.Init_UART)
    Initialise_GPIO                          0x000023e1   Thumb Code    96  gpio.o(i.Initialise_GPIO)
    LectureLidar                             0x00002449   Thumb Code   238  main.o(i.LectureLidar)
    PIN_Configure                            0x00002579   Thumb Code   246  pin_lpc17xx.o(i.PIN_Configure)
    SSP1_GPDMA_Rx_SignalEvent                0x0000268d   Thumb Code    14  ssp_lpc17xx.o(i.SSP1_GPDMA_Rx_SignalEvent)
    SSP1_GPDMA_Tx_SignalEvent                0x000026a1   Thumb Code    14  ssp_lpc17xx.o(i.SSP1_GPDMA_Tx_SignalEvent)
    SSP1_IRQHandler                          0x000026d5   Thumb Code    10  ssp_lpc17xx.o(i.SSP1_IRQHandler)
    SSPx_GPDMA_Rx_SignalEvent                0x00002ca3   Thumb Code    54  ssp_lpc17xx.o(i.SSPx_GPDMA_Rx_SignalEvent)
    SSPx_GPDMA_Tx_SignalEvent                0x00002cd9   Thumb Code    28  ssp_lpc17xx.o(i.SSPx_GPDMA_Tx_SignalEvent)
    SystemInit                               0x00003589   Thumb Code   302  system_lpc17xx.o(i.SystemInit)
    UART0_IRQHandler                         0x000036c9   Thumb Code    10  uart_lpc17xx.o(i.UART0_IRQHandler)
    UART1_IRQHandler                         0x000036d9   Thumb Code    10  uart_lpc17xx.o(i.UART1_IRQHandler)
    UARTReceive                              0x000036e9   Thumb Code   276  main.o(i.UARTReceive)
    USART0_GPDMA_Rx_Event                    0x0000385d   Thumb Code    14  uart_lpc17xx.o(i.USART0_GPDMA_Rx_Event)
    USART0_GPDMA_Tx_Event                    0x00003871   Thumb Code    14  uart_lpc17xx.o(i.USART0_GPDMA_Tx_Event)
    USART1_GPDMA_Rx_Event                    0x00003985   Thumb Code    14  uart_lpc17xx.o(i.USART1_GPDMA_Rx_Event)
    USART1_GPDMA_Tx_Event                    0x00003999   Thumb Code    14  uart_lpc17xx.o(i.USART1_GPDMA_Tx_Event)
    USART_SetBaudrate                        0x00004c85   Thumb Code   302  uart_lpc17xx.o(i.USART_SetBaudrate)
    __ARM_fpclassify                         0x00004fc5   Thumb Code    40  fpclassify.o(i.__ARM_fpclassify)
    __ieee754_rem_pio2                       0x00005041   Thumb Code   828  rred.o(i.__ieee754_rem_pio2)
    __kernel_cos                             0x000053c9   Thumb Code   230  cos_i.o(i.__kernel_cos)
    __kernel_poly                            0x000054c5   Thumb Code   170  poly.o(i.__kernel_poly)
    __kernel_sin                             0x00005571   Thumb Code   224  sin_i.o(i.__kernel_sin)
    __mathlib_dbl_infnan                     0x0000565d   Thumb Code     6  dunder.o(i.__mathlib_dbl_infnan)
    __mathlib_dbl_invalid                    0x00005663   Thumb Code    12  dunder.o(i.__mathlib_dbl_invalid)
    __mathlib_dbl_underflow                  0x00005671   Thumb Code    10  dunder.o(i.__mathlib_dbl_underflow)
    __user_perthread_libspace                0x00005681   Thumb Code    32  rtx_conf_cm.o(i.__user_perthread_libspace)
    _init_box                                0x000056ad   Thumb Code    70  rt_membox.o(i._init_box)
    _is_digit                                0x000056f3   Thumb Code    14  __printf_wp.o(i._is_digit)
    _mutex_acquire                           0x00005701   Thumb Code    22  rtx_conf_cm.o(i._mutex_acquire)
    _mutex_release                           0x00005721   Thumb Code    18  rtx_conf_cm.o(i._mutex_release)
    affichage_cartesien                      0x0000573d   Thumb Code   234  main.o(i.affichage_cartesien)
    cos                                      0x00005839   Thumb Code   148  cos.o(i.cos)
    dbg_init                                 0x000058d5   Thumb Code    34  hal_cm.o(i.dbg_init)
    dbg_task_notify                          0x00005905   Thumb Code    32  hal_cm.o(i.dbg_task_notify)
    dbg_task_switch                          0x00005925   Thumb Code    16  hal_cm.o(i.dbg_task_switch)
    init_PWM6                                0x00005961   Thumb Code    86  driver.o(i.init_PWM6)
    isrMessagePut                            0x000059c5   Thumb Code    44  rt_cmsis.o(i.isrMessagePut)
    isrSignalSet                             0x000059f1   Thumb Code    36  rt_cmsis.o(i.isrSignalSet)
    isr_evt_set                              0x00005a15   Thumb Code    34  rt_event.o(i.isr_evt_set)
    isr_mbx_send                             0x00005a3d   Thumb Code    14  rt_mailbox.o(i.isr_mbx_send)
    main                                     0x00005a4d   Thumb Code   116  main.o(i.main)
    myUART_callback                          0x00005b05   Thumb Code    50  main.o(i.myUART_callback)
    osDelay                                  0x00005b45   Thumb Code    18  rt_cmsis.o(i.osDelay)
    osKernelInitialize                       0x00005b5d   Thumb Code    30  rt_cmsis.o(i.osKernelInitialize)
    osKernelStart                            0x00005b81   Thumb Code    98  rt_cmsis.o(i.osKernelStart)
    osSignalSet                              0x00005bed   Thumb Code    18  rt_cmsis.o(i.osSignalSet)
    osSignalWait                             0x00005c05   Thumb Code    18  rt_cmsis.o(i.osSignalWait)
    osThreadCreate                           0x00005c1d   Thumb Code    36  rt_cmsis.o(i.osThreadCreate)
    osThreadExit                             0x00005c49   Thumb Code    14  rt_cmsis.o(i.osThreadExit)
    os_error                                 0x00005c61   Thumb Code    34  rtx_conf_cm.o(i.os_error)
    os_idle_demon                            0x00005c83   Thumb Code     4  rtx_conf_cm.o(i.os_idle_demon)
    os_tick_init                             0x00005c89   Thumb Code    32  rt_system.o(i.os_tick_init)
    os_tick_irqack                           0x00005cb1   Thumb Code     2  rt_system.o(i.os_tick_irqack)
    rt_alloc_box                             0x00005dd1   Thumb Code    26  rt_membox.o(i.rt_alloc_box)
    rt_alloc_mem                             0x00005deb   Thumb Code    62  rt_memory.o(i.rt_alloc_mem)
    rt_block                                 0x00005e29   Thumb Code    48  rt_task.o(i.rt_block)
    rt_chk_robin                             0x00005e61   Thumb Code    60  rt_robin.o(i.rt_chk_robin)
    rt_dec_dly                               0x00005ea9   Thumb Code   102  rt_list.o(i.rt_dec_dly)
    rt_dispatch                              0x00005f19   Thumb Code    60  rt_task.o(i.rt_dispatch)
    rt_dly_wait                              0x00005f5d   Thumb Code     6  rt_time.o(i.rt_dly_wait)
    rt_evt_psh                               0x00005f65   Thumb Code    76  rt_event.o(i.rt_evt_psh)
    rt_evt_set                               0x00005fb5   Thumb Code    88  rt_event.o(i.rt_evt_set)
    rt_evt_wait                              0x00006011   Thumb Code    56  rt_event.o(i.rt_evt_wait)
    rt_free_box                              0x0000604d   Thumb Code    44  rt_membox.o(i.rt_free_box)
    rt_free_mem                              0x00006079   Thumb Code    40  rt_memory.o(i.rt_free_mem)
    rt_get_first                             0x000060a1   Thumb Code    40  rt_list.o(i.rt_get_first)
    rt_init_mem                              0x00006111   Thumb Code    26  rt_memory.o(i.rt_init_mem)
    rt_init_robin                            0x0000612d   Thumb Code    14  rt_robin.o(i.rt_init_robin)
    rt_init_stack                            0x00006145   Thumb Code   118  hal_cm.o(i.rt_init_stack)
    rt_mbx_check                             0x000061c5   Thumb Code     8  rt_mailbox.o(i.rt_mbx_check)
    rt_mbx_init                              0x000061cd   Thumb Code    26  rt_mailbox.o(i.rt_mbx_init)
    rt_mbx_psh                               0x000061e9   Thumb Code   236  rt_mailbox.o(i.rt_mbx_psh)
    rt_mut_release                           0x0000631d   Thumb Code   208  rt_mutex.o(i.rt_mut_release)
    rt_mut_wait                              0x000063f5   Thumb Code   114  rt_mutex.o(i.rt_mut_wait)
    rt_pop_req                               0x0000646d   Thumb Code   112  rt_system.o(i.rt_pop_req)
    rt_psh_req                               0x000064e9   Thumb Code    22  rt_system.o(i.rt_psh_req)
    rt_psq_enq                               0x00006509   Thumb Code    88  rt_list.o(i.rt_psq_enq)
    rt_put_dly                               0x00006565   Thumb Code    68  rt_list.o(i.rt_put_dly)
    rt_put_prio                              0x000065ad   Thumb Code    54  rt_list.o(i.rt_put_prio)
    rt_put_rdy_first                         0x000065e5   Thumb Code    14  rt_list.o(i.rt_put_rdy_first)
    rt_resort_prio                           0x000065f9   Thumb Code    46  rt_list.o(i.rt_resort_prio)
    rt_ret_val                               0x0000662d   Thumb Code     6  hal_cm.o(i.rt_ret_val)
    rt_ret_val2                              0x00006633   Thumb Code     8  hal_cm.o(i.rt_ret_val2)
    rt_rmv_dly                               0x0000663b   Thumb Code    40  rt_list.o(i.rt_rmv_dly)
    rt_rmv_list                              0x00006665   Thumb Code    44  rt_list.o(i.rt_rmv_list)
    rt_sem_psh                               0x00006695   Thumb Code    48  rt_semaphore.o(i.rt_sem_psh)
    rt_stk_check                             0x000066c9   Thumb Code    28  rt_system.o(i.rt_stk_check)
    rt_switch_req                            0x000066ed   Thumb Code    30  rt_task.o(i.rt_switch_req)
    rt_sys_init                              0x00006715   Thumb Code   138  rt_task.o(i.rt_sys_init)
    rt_sys_start                             0x000067e1   Thumb Code   110  rt_task.o(i.rt_sys_start)
    rt_systick                               0x00006859   Thumb Code    50  rt_system.o(i.rt_systick)
    rt_tsk_create                            0x000068e1   Thumb Code   118  rt_task.o(i.rt_tsk_create)
    rt_tsk_delete                            0x00006969   Thumb Code   352  rt_task.o(i.rt_tsk_delete)
    rt_tsk_prio                              0x00006ae5   Thumb Code   108  rt_task.o(i.rt_tsk_prio)
    rt_tsk_self                              0x00006b61   Thumb Code    12  rt_task.o(i.rt_tsk_self)
    sendLidar                                0x00006b71   Thumb Code    44  main.o(i.sendLidar)
    sin                                      0x00006ba1   Thumb Code   150  sin.o(i.sin)
    svcDelay                                 0x00006cf5   Thumb Code    18  rt_cmsis.o(i.svcDelay)
    svcKernelInitialize                      0x00006d09   Thumb Code    80  rt_cmsis.o(i.svcKernelInitialize)
    svcKernelStart                           0x00006d79   Thumb Code    62  rt_cmsis.o(i.svcKernelStart)
    svcMessageCreate                         0x00006dc1   Thumb Code    36  rt_cmsis.o(i.svcMessageCreate)
    svcSignalSet                             0x00006de5   Thumb Code    36  rt_cmsis.o(i.svcSignalSet)
    svcSignalWait                            0x00006e09   Thumb Code    80  rt_cmsis.o(i.svcSignalWait)
    svcThreadCreate                          0x00006e5d   Thumb Code    96  rt_cmsis.o(i.svcThreadCreate)
    svcThreadGetId                           0x00006ec9   Thumb Code    22  rt_cmsis.o(i.svcThreadGetId)
    svcThreadTerminate                       0x00006ee5   Thumb Code    50  rt_cmsis.o(i.svcThreadTerminate)
    sysTimerTick                             0x00006f1d   Thumb Code    84  rt_cmsis.o(i.sysTimerTick)
    _get_lc_numeric                          0x00007101   Thumb Code    44  lc_numeric_c.o(locale$$code)
    __aeabi_d2f                              0x0000712d   Thumb Code     0  d2f.o(x$fpl$d2f)
    _d2f                                     0x0000712d   Thumb Code    98  d2f.o(x$fpl$d2f)
    __aeabi_dadd                             0x00007191   Thumb Code     0  daddsub_clz.o(x$fpl$dadd)
    _dadd                                    0x00007191   Thumb Code   332  daddsub_clz.o(x$fpl$dadd)
    __fpl_dcheck_NaN1                        0x000072e1   Thumb Code    10  dcheck1.o(x$fpl$dcheck1)
    __aeabi_ddiv                             0x000072f1   Thumb Code     0  ddiv.o(x$fpl$ddiv)
    _ddiv                                    0x000072f1   Thumb Code   552  ddiv.o(x$fpl$ddiv)
    __aeabi_d2iz                             0x000075a1   Thumb Code     0  dfix.o(x$fpl$dfix)
    _dfix                                    0x000075a1   Thumb Code    94  dfix.o(x$fpl$dfix)
    __aeabi_i2d                              0x000075ff   Thumb Code     0  dflt_clz.o(x$fpl$dflt)
    _dflt                                    0x000075ff   Thumb Code    46  dflt_clz.o(x$fpl$dflt)
    __aeabi_ui2d                             0x0000762d   Thumb Code     0  dflt_clz.o(x$fpl$dfltu)
    _dfltu                                   0x0000762d   Thumb Code    38  dflt_clz.o(x$fpl$dfltu)
    __aeabi_dmul                             0x00007655   Thumb Code     0  dmul.o(x$fpl$dmul)
    _dmul                                    0x00007655   Thumb Code   332  dmul.o(x$fpl$dmul)
    __fpl_dnaninf                            0x000077a9   Thumb Code   156  dnaninf.o(x$fpl$dnaninf)
    __fpl_dretinf                            0x00007845   Thumb Code    12  dretinf.o(x$fpl$dretinf)
    __aeabi_drsub                            0x00007851   Thumb Code     0  daddsub_clz.o(x$fpl$drsb)
    _drsb                                    0x00007851   Thumb Code    22  daddsub_clz.o(x$fpl$drsb)
    __aeabi_dsub                             0x00007869   Thumb Code     0  daddsub_clz.o(x$fpl$dsub)
    _dsub                                    0x00007869   Thumb Code   464  daddsub_clz.o(x$fpl$dsub)
    __aeabi_f2d                              0x00007a3d   Thumb Code     0  f2d.o(x$fpl$f2d)
    _f2d                                     0x00007a3d   Thumb Code    86  f2d.o(x$fpl$f2d)
    __fpl_fnaninf                            0x00007a93   Thumb Code   140  fnaninf.o(x$fpl$fnaninf)
    __fpl_fretinf                            0x00007b1f   Thumb Code    10  fretinf.o(x$fpl$fretinf)
    _printf_fp_dec                           0x00007b29   Thumb Code     4  printf1.o(x$fpl$printf1)
    __fpl_return_NaN                         0x00007b2d   Thumb Code   100  retnan.o(x$fpl$retnan)
    __ARM_scalbn                             0x00007b91   Thumb Code    92  scalbn.o(x$fpl$scalbn)
    __fpl_cmpreturn                          0x00007bed   Thumb Code    48  trapv.o(x$fpl$trapveneer)
    __I$use$fp                               0x00007c1c   Number         0  usenofp.o(x$fpl$usenofp)
    os_thread_def_UARTReceive                0x00007c1c   Data          16  main.o(.constdata)
    os_thread_def_LectureLidar               0x00007c2c   Data          16  main.o(.constdata)
    GLCD_Font_6x8                            0x000094bc   Data          16  glcd_fonts.o(.constdata)
    GLCD_Font_16x24                          0x000094cc   Data          16  glcd_fonts.o(.constdata)
    os_maxtaskrun                            0x000094dc   Data           2  rtx_conf_cm.o(.constdata)
    os_stackinfo                             0x000094e0   Data           4  rtx_conf_cm.o(.constdata)
    os_rrobin                                0x000094e4   Data           4  rtx_conf_cm.o(.constdata)
    os_tickfreq                              0x000094e8   Data           4  rtx_conf_cm.o(.constdata)
    os_tickus_i                              0x000094ec   Data           2  rtx_conf_cm.o(.constdata)
    os_tickus_f                              0x000094ee   Data           2  rtx_conf_cm.o(.constdata)
    os_trv                                   0x000094f0   Data           4  rtx_conf_cm.o(.constdata)
    os_flags                                 0x000094f4   Data           1  rtx_conf_cm.o(.constdata)
    CMSIS_RTOS_API_Version                   0x000094f8   Data           4  rtx_conf_cm.o(.constdata)
    CMSIS_RTOS_RTX_Version                   0x000094fc   Data           4  rtx_conf_cm.o(.constdata)
    os_clockrate                             0x00009500   Data           4  rtx_conf_cm.o(.constdata)
    os_timernum                              0x00009504   Data           4  rtx_conf_cm.o(.constdata)
    mp_tcb_size                              0x00009508   Data           2  rtx_conf_cm.o(.constdata)
    mp_stk_size                              0x0000950c   Data           4  rtx_conf_cm.o(.constdata)
    os_stack_sz                              0x00009510   Data           4  rtx_conf_cm.o(.constdata)
    os_fifo_size                             0x00009514   Data           1  rtx_conf_cm.o(.constdata)
    os_thread_def_osTimerThread              0x00009518   Data          16  rtx_conf_cm.o(.constdata)
    os_messageQ_def_osTimerMessageQ          0x00009528   Data           8  rtx_conf_cm.o(.constdata)
    mp_tmr_size                              0x00009530   Data           2  rtx_conf_cm.o(.constdata)
    os_thread_def_main                       0x00009534   Data          16  rtx_conf_cm.o(.constdata)
    Driver_SPI1                              0x00009594   Data          44  ssp_lpc17xx.o(.constdata)
    Driver_USART0                            0x000097cc   Data          56  uart_lpc17xx.o(.constdata)
    Driver_USART1                            0x00009804   Data          56  uart_lpc17xx.o(.constdata)
    Region$$Table$$Base                      0x000099f4   Number         0  anon$$obj.o(Region$$Table)
    Region$$Table$$Limit                     0x00009a24   Number         0  anon$$obj.o(Region$$Table)
    mp_tcb                                   0x10000000   Data         324  rtx_conf_cm.o(.bss)
    mp_stk                                   0x10000148   Data        8992  rtx_conf_cm.o(.bss)
    os_stack_mem                             0x10002468   Data         824  rtx_conf_cm.o(.bss)
    os_fifo                                  0x100027a0   Data         132  rtx_conf_cm.o(.bss)
    os_active_TCB                            0x10002824   Data          24  rtx_conf_cm.o(.bss)
    os_messageQ_q_osTimerMessageQ            0x1000283c   Data          16  rtx_conf_cm.o(.bss)
    reponseLidarScan                         0x2007c000   Data           6  main.o(.data)
    reponseLidarHealth                       0x2007c006   Data           7  main.o(.data)
    etatReponse                              0x2007c00d   Data           1  main.o(.data)
    ID_UARTReceive                           0x2007c010   Data           4  main.o(.data)
    ID_Lecture                               0x2007c014   Data           4  main.o(.data)
    osThreadId_osTimerThread                 0x2007c02c   Data           4  rtx_conf_cm.o(.data)
    osMessageQId_osTimerMessageQ             0x2007c030   Data           4  rtx_conf_cm.o(.data)
    os_tmr                                   0x2007c034   Data           4  rtx_conf_cm.o(.data)
    m_tmr                                    0x2007c038   Data           4  rtx_conf_cm.o(.data)
    SystemCoreClock                          0x2007c060   Data           4  system_lpc17xx.o(.data)
    os_initialized                           0x2007c064   Data           1  rt_cmsis.o(.data)
    os_running                               0x2007c065   Data           1  rt_cmsis.o(.data)
    os_timer_head                            0x2007c068   Data           4  rt_cmsis.o(.data)
    os_tsk                                   0x2007c06c   Data           8  rt_task.o(.data)
    os_tick_irqn                             0x2007c078   Data           4  rt_system.o(.data)
    os_time                                  0x2007c07c   Data           4  rt_time.o(.data)
    os_robin                                 0x2007c080   Data           8  rt_robin.o(.data)
    dbg_msg                                  0x2007c088   Data           1  hal_cm.o(.data)
    tabDonnee                                0x2007c08c   Data        4000  main.o(.bss)
    env                                      0x2007d02c   Data        1440  main.o(.bss)
    os_idle_TCB                              0x2007d6fc   Data          52  rt_task.o(.bss)
    os_rdy                                   0x2007d730   Data          24  rt_list.o(.bss)
    os_dly                                   0x2007d748   Data          24  rt_list.o(.bss)
    __libspace_start                         0x2007d760   Data          96  libspace.o(.bss)
    __temporary_stack_top$libspace           0x2007d7c0   Data           0  libspace.o(.bss)



==============================================================================

Memory Map of the image

  Image Entry point : 0x000000cd

  Load Region LR_IROM1 (Base: 0x00000000, Size: 0x00009acc, Max: 0x00080000, ABSOLUTE)

    Execution Region ER_IROM1 (Base: 0x00000000, Size: 0x00009a40, Max: 0x00080000, ABSOLUTE)

    Base Addr    Size         Type   Attr      Idx    E Section Name        Object

    0x00000000   0x000000cc   Data   RO         1206    RESET               startup_lpc17xx.o
    0x000000cc   0x00000008   Code   RO         2506  * !!!main             c_w.l(__main.o)
    0x000000d4   0x00000034   Code   RO         2821    !!!scatter          c_w.l(__scatter.o)
    0x00000108   0x0000001a   Code   RO         2823    !!handler_copy      c_w.l(__scatter_copy.o)
    0x00000122   0x00000002   PAD
    0x00000124   0x0000001c   Code   RO         2825    !!handler_zi        c_w.l(__scatter_zi.o)
    0x00000140   0x00000000   Code   RO         2497    .ARM.Collect$$_printf_percent$$00000000  c_w.l(_printf_percent.o)
    0x00000140   0x00000006   Code   RO         2496    .ARM.Collect$$_printf_percent$$00000003  c_w.l(_printf_f.o)
    0x00000146   0x00000006   Code   RO         2495    .ARM.Collect$$_printf_percent$$00000009  c_w.l(_printf_d.o)
    0x0000014c   0x00000004   Code   RO         2563    .ARM.Collect$$_printf_percent$$00000017  c_w.l(_printf_percent_end.o)
    0x00000150   0x00000002   Code   RO         2701    .ARM.Collect$$libinit$$00000000  c_w.l(libinit.o)
    0x00000152   0x00000000   Code   RO         2703    .ARM.Collect$$libinit$$00000002  c_w.l(libinit2.o)
    0x00000152   0x00000000   Code   RO         2705    .ARM.Collect$$libinit$$00000004  c_w.l(libinit2.o)
    0x00000152   0x00000000   Code   RO         2708    .ARM.Collect$$libinit$$0000000A  c_w.l(libinit2.o)
    0x00000152   0x00000000   Code   RO         2710    .ARM.Collect$$libinit$$0000000C  c_w.l(libinit2.o)
    0x00000152   0x00000000   Code   RO         2712    .ARM.Collect$$libinit$$0000000E  c_w.l(libinit2.o)
    0x00000152   0x00000006   Code   RO         2713    .ARM.Collect$$libinit$$0000000F  c_w.l(libinit2.o)
    0x00000158   0x00000000   Code   RO         2715    .ARM.Collect$$libinit$$00000011  c_w.l(libinit2.o)
    0x00000158   0x00000000   Code   RO         2717    .ARM.Collect$$libinit$$00000013  c_w.l(libinit2.o)
    0x00000158   0x00000000   Code   RO         2719    .ARM.Collect$$libinit$$00000015  c_w.l(libinit2.o)
    0x00000158   0x0000000a   Code   RO         2720    .ARM.Collect$$libinit$$00000016  c_w.l(libinit2.o)
    0x00000162   0x00000000   Code   RO         2721    .ARM.Collect$$libinit$$00000017  c_w.l(libinit2.o)
    0x00000162   0x00000000   Code   RO         2723    .ARM.Collect$$libinit$$00000019  c_w.l(libinit2.o)
    0x00000162   0x00000000   Code   RO         2725    .ARM.Collect$$libinit$$0000001B  c_w.l(libinit2.o)
    0x00000162   0x00000000   Code   RO         2727    .ARM.Collect$$libinit$$0000001D  c_w.l(libinit2.o)
    0x00000162   0x00000000   Code   RO         2729    .ARM.Collect$$libinit$$0000001F  c_w.l(libinit2.o)
    0x00000162   0x00000000   Code   RO         2731    .ARM.Collect$$libinit$$00000021  c_w.l(libinit2.o)
    0x00000162   0x00000000   Code   RO         2733    .ARM.Collect$$libinit$$00000023  c_w.l(libinit2.o)
    0x00000162   0x00000000   Code   RO         2735    .ARM.Collect$$libinit$$00000025  c_w.l(libinit2.o)
    0x00000162   0x00000000   Code   RO         2739    .ARM.Collect$$libinit$$0000002C  c_w.l(libinit2.o)
    0x00000162   0x00000000   Code   RO         2741    .ARM.Collect$$libinit$$0000002E  c_w.l(libinit2.o)
    0x00000162   0x00000000   Code   RO         2743    .ARM.Collect$$libinit$$00000030  c_w.l(libinit2.o)
    0x00000162   0x00000000   Code   RO         2745    .ARM.Collect$$libinit$$00000032  c_w.l(libinit2.o)
    0x00000162   0x00000002   Code   RO         2746    .ARM.Collect$$libinit$$00000033  c_w.l(libinit2.o)
    0x00000164   0x00000002   Code   RO         2747    .ARM.Collect$$libshutdown$$00000000  c_w.l(libshutdown.o)
    0x00000166   0x00000000   Code   RO         2762    .ARM.Collect$$libshutdown$$00000002  c_w.l(libshutdown2.o)
    0x00000166   0x00000000   Code   RO         2764    .ARM.Collect$$libshutdown$$00000004  c_w.l(libshutdown2.o)
    0x00000166   0x00000000   Code   RO         2767    .ARM.Collect$$libshutdown$$00000007  c_w.l(libshutdown2.o)
    0x00000166   0x00000000   Code   RO         2770    .ARM.Collect$$libshutdown$$0000000A  c_w.l(libshutdown2.o)
    0x00000166   0x00000000   Code   RO         2772    .ARM.Collect$$libshutdown$$0000000C  c_w.l(libshutdown2.o)
    0x00000166   0x00000000   Code   RO         2775    .ARM.Collect$$libshutdown$$0000000F  c_w.l(libshutdown2.o)
    0x00000166   0x00000002   Code   RO         2776    .ARM.Collect$$libshutdown$$00000010  c_w.l(libshutdown2.o)
    0x00000168   0x00000000   Code   RO         2546    .ARM.Collect$$rtentry$$00000000  c_w.l(__rtentry.o)
    0x00000168   0x00000000   Code   RO         2602    .ARM.Collect$$rtentry$$00000002  c_w.l(__rtentry2.o)
    0x00000168   0x00000006   Code   RO         2614    .ARM.Collect$$rtentry$$00000004  c_w.l(__rtentry4.o)
    0x0000016e   0x00000000   Code   RO         2604    .ARM.Collect$$rtentry$$00000009  c_w.l(__rtentry2.o)
    0x0000016e   0x00000004   Code   RO         2605    .ARM.Collect$$rtentry$$0000000A  c_w.l(__rtentry2.o)
    0x00000172   0x00000008   Code   RO         2606    .ARM.Collect$$rtentry$$0000000B  c_w.l(__rtentry2.o)
    0x0000017a   0x00000008   Code   RO         2608    .ARM.Collect$$rtentry$$0000000D  c_w.l(__rtentry2.o)
    0x00000182   0x00000002   Code   RO         2547    .ARM.Collect$$rtexit$$00000000  c_w.l(rtexit.o)
    0x00000184   0x00000000   Code   RO         2617    .ARM.Collect$$rtexit$$00000002  c_w.l(rtexit2.o)
    0x00000184   0x00000004   Code   RO         2618    .ARM.Collect$$rtexit$$00000003  c_w.l(rtexit2.o)
    0x00000188   0x00000006   Code   RO         2619    .ARM.Collect$$rtexit$$00000004  c_w.l(rtexit2.o)
    0x0000018e   0x00000002   PAD
    0x00000190   0x0000001c   Code   RO          478    .emb_text           rtx_conf_cm.o
    0x000001ac   0x00000130   Code   RO         2445    .emb_text           RTX_CM3.lib(hal_cm3.o)
    0x000002dc   0x00000008   Code   RO         2460    .text               c_w.l(libspace.o)
    0x000002e4   0x00000012   Code   RO         2498    .text               c_w.l(exit.o)
    0x000002f6   0x00000006   Code   RO         2504    .text               c_w.l(heapauxi.o)
    0x000002fc   0x00000004   Code   RO         1207    .ARM.__at_0x02FC    startup_lpc17xx.o
    0x00000300   0x0000003c   Code   RO         1208    .text               startup_lpc17xx.o
    0x0000033c   0x000000ee   Code   RO         2463    .text               c_w.l(lludivv7m.o)
    0x0000042a   0x00000002   PAD
    0x0000042c   0x00000028   Code   RO         2467    .text               c_w.l(noretval__2sprintf.o)
    0x00000454   0x0000004e   Code   RO         2471    .text               c_w.l(_printf_pad.o)
    0x000004a2   0x00000002   PAD
    0x000004a4   0x00000078   Code   RO         2473    .text               c_w.l(_printf_dec.o)
    0x0000051c   0x0000010e   Code   RO         2483    .text               c_w.l(__printf_wp.o)
    0x0000062a   0x0000004e   Code   RO         2500    .text               c_w.l(rt_memclr_w.o)
    0x00000678   0x00000080   Code   RO         2502    .text               c_w.l(strcmpv7m.o)
    0x000006f8   0x00000016   Code   RO         2553    .text               c_w.l(_rserrno.o)
    0x0000070e   0x000000b2   Code   RO         2555    .text               c_w.l(_printf_intcommon.o)
    0x000007c0   0x0000041a   Code   RO         2557    .text               c_w.l(_printf_fp_dec.o)
    0x00000bda   0x00000002   PAD
    0x00000bdc   0x00000030   Code   RO         2559    .text               c_w.l(_printf_char_common.o)
    0x00000c0c   0x0000000a   Code   RO         2561    .text               c_w.l(_sputc.o)
    0x00000c16   0x0000000a   Code   RO         2630    .text               c_w.l(rt_locale_twolibspace.o)
    0x00000c20   0x00000004   Code   RO         2637    .text               c_w.l(rt_errno_addr_twolibspace.o)
    0x00000c24   0x0000008a   Code   RO         2639    .text               c_w.l(lludiv10.o)
    0x00000cae   0x00000002   PAD
    0x00000cb0   0x00000080   Code   RO         2641    .text               c_w.l(_printf_fp_infnan.o)
    0x00000d30   0x000000dc   Code   RO         2645    .text               c_w.l(bigflt0.o)
    0x00000e0c   0x0000000c   Code   RO         2687    .text               c_w.l(sys_exit.o)
    0x00000e18   0x0000004a   Code   RO         2689    .text               c_w.l(sys_stackheap_outer.o)
    0x00000e62   0x00000002   Code   RO         2750    .text               c_w.l(use_no_semi.o)
    0x00000e64   0x00000000   Code   RO         2752    .text               c_w.l(indicate_semi.o)
    0x00000e64   0x0000003e   Code   RO         2648    CL$$btod_d2e        c_w.l(btod.o)
    0x00000ea2   0x00000046   Code   RO         2650    CL$$btod_d2e_denorm_low  c_w.l(btod.o)
    0x00000ee8   0x00000060   Code   RO         2649    CL$$btod_d2e_norm_op1  c_w.l(btod.o)
    0x00000f48   0x00000338   Code   RO         2658    CL$$btod_div_common  c_w.l(btod.o)
    0x00001280   0x000000c6   Code   RO         2655    CL$$btod_e2e        c_w.l(btod.o)
    0x00001346   0x00000028   Code   RO         2652    CL$$btod_ediv       c_w.l(btod.o)
    0x0000136e   0x00000028   Code   RO         2651    CL$$btod_emul       c_w.l(btod.o)
    0x00001396   0x00000244   Code   RO         2657    CL$$btod_mult_common  c_w.l(btod.o)
    0x000015da   0x00000002   PAD
    0x000015dc   0x00000004   Code   RO         2455    SVC_TABLE           RTX_CM3.lib(svc_table.o)
    0x000015e0   0x00000020   Code   RO         1027    i.Clear_Channel_active_flag  gpdma_lpc17xx.o
    0x00001600   0x00000180   Code   RO         1028    i.DMA_IRQHandler    gpdma_lpc17xx.o
    0x00001780   0x00000030   Code   RO          277    i.GLCD_ClearScreen  glcd_mcb1700.o
    0x000017b0   0x0000003c   Code   RO          281    i.GLCD_DrawHLine    glcd_mcb1700.o
    0x000017ec   0x00000080   Code   RO          282    i.GLCD_DrawPixel    glcd_mcb1700.o
    0x0000186c   0x0000003a   Code   RO          283    i.GLCD_DrawRectangle  glcd_mcb1700.o
    0x000018a6   0x00000002   PAD
    0x000018a8   0x0000003c   Code   RO          285    i.GLCD_DrawVLine    glcd_mcb1700.o
    0x000018e4   0x000005b6   Code   RO          288    i.GLCD_Initialize   glcd_mcb1700.o
    0x00001e9a   0x00000002   PAD
    0x00001e9c   0x00000010   Code   RO          290    i.GLCD_SetFont      glcd_mcb1700.o
    0x00001eac   0x00000010   Code   RO          291    i.GLCD_SetForegroundColor  glcd_mcb1700.o
    0x00001ebc   0x000000ac   Code   RO          292    i.GLCD_SetWindow    glcd_mcb1700.o
    0x00001f68   0x00000012   Code   RO          295    i.GLCD_WindowMax    glcd_mcb1700.o
    0x00001f7a   0x00000002   PAD
    0x00001f7c   0x000000f4   Code   RO         1029    i.GPDMA_ChannelConfigure  gpdma_lpc17xx.o
    0x00002070   0x00000030   Code   RO         1030    i.GPDMA_ChannelDisable  gpdma_lpc17xx.o
    0x000020a0   0x00000030   Code   RO         1032    i.GPDMA_ChannelGetCount  gpdma_lpc17xx.o
    0x000020d0   0x000000a8   Code   RO         1034    i.GPDMA_Initialize  gpdma_lpc17xx.o
    0x00002178   0x00000044   Code   RO         1035    i.GPDMA_PeripheralSelect  gpdma_lpc17xx.o
    0x000021bc   0x00000080   Code   RO         1036    i.GPDMA_Uninitialize  gpdma_lpc17xx.o
    0x0000223c   0x00000020   Code   RO         1117    i.GPIO_PinRead      gpio_lpc17xx.o
    0x0000225c   0x00000028   Code   RO         1118    i.GPIO_PinWrite     gpio_lpc17xx.o
    0x00002284   0x0000002c   Code   RO         1119    i.GPIO_PortClock    gpio_lpc17xx.o
    0x000022b0   0x00000038   Code   RO         1122    i.GPIO_SetDir       gpio_lpc17xx.o
    0x000022e8   0x00000044   Code   RO          539    i.GetSSPClockFreq   ssp_lpc17xx.o
    0x0000232c   0x00000044   Code   RO          729    i.GetUsartClockFreq  uart_lpc17xx.o
    0x00002370   0x00000070   Code   RO          123    i.Init_UART         main.o
    0x000023e0   0x00000068   Code   RO            8    i.Initialise_GPIO   gpio.o
    0x00002448   0x00000130   Code   RO          124    i.LectureLidar      main.o
    0x00002578   0x000000fc   Code   RO         1171    i.PIN_Configure     pin_lpc17xx.o
    0x00002674   0x00000018   Code   RO          540    i.SSP1_Control      ssp_lpc17xx.o
    0x0000268c   0x00000014   Code   RO          541    i.SSP1_GPDMA_Rx_SignalEvent  ssp_lpc17xx.o
    0x000026a0   0x00000014   Code   RO          542    i.SSP1_GPDMA_Tx_SignalEvent  ssp_lpc17xx.o
    0x000026b4   0x00000010   Code   RO          543    i.SSP1_GetDataCount  ssp_lpc17xx.o
    0x000026c4   0x00000010   Code   RO          544    i.SSP1_GetStatus    ssp_lpc17xx.o
    0x000026d4   0x00000010   Code   RO          545    i.SSP1_IRQHandler   ssp_lpc17xx.o
    0x000026e4   0x00000014   Code   RO          546    i.SSP1_Initialize   ssp_lpc17xx.o
    0x000026f8   0x00000014   Code   RO          547    i.SSP1_PowerControl  ssp_lpc17xx.o
    0x0000270c   0x00000018   Code   RO          548    i.SSP1_Receive      ssp_lpc17xx.o
    0x00002724   0x00000018   Code   RO          549    i.SSP1_Send         ssp_lpc17xx.o
    0x0000273c   0x0000001c   Code   RO          550    i.SSP1_Transfer     ssp_lpc17xx.o
    0x00002758   0x00000010   Code   RO          551    i.SSP1_Uninitialize  ssp_lpc17xx.o
    0x00002768   0x0000000c   Code   RO          552    i.SSP_GetCapabilities  ssp_lpc17xx.o
    0x00002774   0x00000010   Code   RO          553    i.SSP_GetVersion    ssp_lpc17xx.o
    0x00002784   0x0000051e   Code   RO          554    i.SSPx_Control      ssp_lpc17xx.o
    0x00002ca2   0x00000036   Code   RO          555    i.SSPx_GPDMA_Rx_SignalEvent  ssp_lpc17xx.o
    0x00002cd8   0x0000001c   Code   RO          556    i.SSPx_GPDMA_Tx_SignalEvent  ssp_lpc17xx.o
    0x00002cf4   0x0000002c   Code   RO          557    i.SSPx_GetDataCount  ssp_lpc17xx.o
    0x00002d20   0x0000005a   Code   RO          558    i.SSPx_GetStatus    ssp_lpc17xx.o
    0x00002d7a   0x00000104   Code   RO          559    i.SSPx_IRQHandler   ssp_lpc17xx.o
    0x00002e7e   0x000000a8   Code   RO          560    i.SSPx_Initialize   ssp_lpc17xx.o
    0x00002f26   0x00000002   PAD
    0x00002f28   0x000001b4   Code   RO          561    i.SSPx_PowerControl  ssp_lpc17xx.o
    0x000030dc   0x0000015c   Code   RO          562    i.SSPx_Receive      ssp_lpc17xx.o
    0x00003238   0x00000154   Code   RO          563    i.SSPx_Send         ssp_lpc17xx.o
    0x0000338c   0x00000152   Code   RO          564    i.SSPx_Transfer     ssp_lpc17xx.o
    0x000034de   0x00000070   Code   RO          565    i.SSPx_Uninitialize  ssp_lpc17xx.o
    0x0000354e   0x00000002   PAD
    0x00003550   0x00000038   Code   RO         1037    i.Set_Channel_active_flag  gpdma_lpc17xx.o
    0x00003588   0x00000140   Code   RO         1218    i.SystemInit        system_lpc17xx.o
    0x000036c8   0x00000010   Code   RO          730    i.UART0_IRQHandler  uart_lpc17xx.o
    0x000036d8   0x00000010   Code   RO          731    i.UART1_IRQHandler  uart_lpc17xx.o
    0x000036e8   0x0000015c   Code   RO          125    i.UARTReceive       main.o
    0x00003844   0x00000018   Code   RO          732    i.USART0_Control    uart_lpc17xx.o
    0x0000385c   0x00000014   Code   RO          733    i.USART0_GPDMA_Rx_Event  uart_lpc17xx.o
    0x00003870   0x00000014   Code   RO          734    i.USART0_GPDMA_Tx_Event  uart_lpc17xx.o
    0x00003884   0x00000010   Code   RO          735    i.USART0_GetCapabilities  uart_lpc17xx.o
    0x00003894   0x00000010   Code   RO          736    i.USART0_GetModemStatus  uart_lpc17xx.o
    0x000038a4   0x00000010   Code   RO          737    i.USART0_GetRxCount  uart_lpc17xx.o
    0x000038b4   0x00000010   Code   RO          738    i.USART0_GetStatus  uart_lpc17xx.o
    0x000038c4   0x00000010   Code   RO          739    i.USART0_GetTxCount  uart_lpc17xx.o
    0x000038d4   0x00000014   Code   RO          740    i.USART0_Initialize  uart_lpc17xx.o
    0x000038e8   0x00000014   Code   RO          741    i.USART0_PowerControl  uart_lpc17xx.o
    0x000038fc   0x00000018   Code   RO          742    i.USART0_Receive    uart_lpc17xx.o
    0x00003914   0x00000018   Code   RO          743    i.USART0_Send       uart_lpc17xx.o
    0x0000392c   0x00000014   Code   RO          744    i.USART0_SetModemControl  uart_lpc17xx.o
    0x00003940   0x0000001c   Code   RO          745    i.USART0_Transfer   uart_lpc17xx.o
    0x0000395c   0x00000010   Code   RO          746    i.USART0_Uninitialize  uart_lpc17xx.o
    0x0000396c   0x00000018   Code   RO          747    i.USART1_Control    uart_lpc17xx.o
    0x00003984   0x00000014   Code   RO          748    i.USART1_GPDMA_Rx_Event  uart_lpc17xx.o
    0x00003998   0x00000014   Code   RO          749    i.USART1_GPDMA_Tx_Event  uart_lpc17xx.o
    0x000039ac   0x00000010   Code   RO          750    i.USART1_GetCapabilities  uart_lpc17xx.o
    0x000039bc   0x00000010   Code   RO          751    i.USART1_GetModemStatus  uart_lpc17xx.o
    0x000039cc   0x00000010   Code   RO          752    i.USART1_GetRxCount  uart_lpc17xx.o
    0x000039dc   0x00000010   Code   RO          753    i.USART1_GetStatus  uart_lpc17xx.o
    0x000039ec   0x00000010   Code   RO          754    i.USART1_GetTxCount  uart_lpc17xx.o
    0x000039fc   0x00000014   Code   RO          755    i.USART1_Initialize  uart_lpc17xx.o
    0x00003a10   0x00000014   Code   RO          756    i.USART1_PowerControl  uart_lpc17xx.o
    0x00003a24   0x00000018   Code   RO          757    i.USART1_Receive    uart_lpc17xx.o
    0x00003a3c   0x00000018   Code   RO          758    i.USART1_Send       uart_lpc17xx.o
    0x00003a54   0x00000014   Code   RO          759    i.USART1_SetModemControl  uart_lpc17xx.o
    0x00003a68   0x0000001c   Code   RO          760    i.USART1_Transfer   uart_lpc17xx.o
    0x00003a84   0x00000010   Code   RO          761    i.USART1_Uninitialize  uart_lpc17xx.o
    0x00003a94   0x00000670   Code   RO          762    i.USART_Control     uart_lpc17xx.o
    0x00004104   0x00000086   Code   RO          763    i.USART_GPDMA_Rx_Event  uart_lpc17xx.o
    0x0000418a   0x0000004a   Code   RO          764    i.USART_GPDMA_Tx_Event  uart_lpc17xx.o
    0x000041d4   0x00000006   Code   RO          765    i.USART_GetCapabilities  uart_lpc17xx.o
    0x000041da   0x000000ec   Code   RO          766    i.USART_GetModemStatus  uart_lpc17xx.o
    0x000042c6   0x0000001c   Code   RO          767    i.USART_GetRxCount  uart_lpc17xx.o
    0x000042e2   0x000000bc   Code   RO          768    i.USART_GetStatus   uart_lpc17xx.o
    0x0000439e   0x0000001c   Code   RO          769    i.USART_GetTxCount  uart_lpc17xx.o
    0x000043ba   0x0000026c   Code   RO          770    i.USART_IRQHandler  uart_lpc17xx.o
    0x00004626   0x000000fe   Code   RO          771    i.USART_Initialize  uart_lpc17xx.o
    0x00004724   0x0000024c   Code   RO          772    i.USART_PowerControl  uart_lpc17xx.o
    0x00004970   0x00000110   Code   RO          773    i.USART_Receive     uart_lpc17xx.o
    0x00004a80   0x00000068   Code   RO          774    i.USART_RxLineIntHandler  uart_lpc17xx.o
    0x00004ae8   0x0000019c   Code   RO          775    i.USART_Send        uart_lpc17xx.o
    0x00004c84   0x00000134   Code   RO          776    i.USART_SetBaudrate  uart_lpc17xx.o
    0x00004db8   0x000000a0   Code   RO          777    i.USART_SetModemControl  uart_lpc17xx.o
    0x00004e58   0x0000007a   Code   RO          778    i.USART_Transfer    uart_lpc17xx.o
    0x00004ed2   0x000000e2   Code   RO          779    i.USART_Uninitialize  uart_lpc17xx.o
    0x00004fb4   0x00000010   Code   RO          780    i.USARTx_GetVersion  uart_lpc17xx.o
    0x00004fc4   0x00000028   Code   RO         2683    i.__ARM_fpclassify  m_ws.l(fpclassify.o)
    0x00004fec   0x0000001c   Code   RO          566    i.__NVIC_ClearPendingIRQ  ssp_lpc17xx.o
    0x00005008   0x0000001c   Code   RO          781    i.__NVIC_ClearPendingIRQ  uart_lpc17xx.o
    0x00005024   0x0000001c   Code   RO         1038    i.__NVIC_ClearPendingIRQ  gpdma_lpc17xx.o
    0x00005040   0x00000388   Code   RO         2590    i.__ieee754_rem_pio2  m_ws.l(rred.o)
    0x000053c8   0x000000fc   Code   RO         2573    i.__kernel_cos      m_ws.l(cos_i.o)
    0x000054c4   0x000000aa   Code   RO         2685    i.__kernel_poly     m_ws.l(poly.o)
    0x0000556e   0x00000002   PAD
    0x00005570   0x000000ec   Code   RO         2595    i.__kernel_sin      m_ws.l(sin_i.o)
    0x0000565c   0x00000006   Code   RO         2577    i.__mathlib_dbl_infnan  m_ws.l(dunder.o)
    0x00005662   0x0000000c   Code   RO         2579    i.__mathlib_dbl_invalid  m_ws.l(dunder.o)
    0x0000566e   0x00000002   PAD
    0x00005670   0x00000010   Code   RO         2582    i.__mathlib_dbl_underflow  m_ws.l(dunder.o)
    0x00005680   0x0000002c   Code   RO          479    i.__user_perthread_libspace  rtx_conf_cm.o
    0x000056ac   0x00000046   Code   RO         2344    i._init_box         RTX_CM3.lib(rt_membox.o)
    0x000056f2   0x0000000e   Code   RO         2485    i._is_digit         c_w.l(__printf_wp.o)
    0x00005700   0x00000020   Code   RO          480    i._mutex_acquire    rtx_conf_cm.o
    0x00005720   0x0000001c   Code   RO          482    i._mutex_release    rtx_conf_cm.o
    0x0000573c   0x000000fc   Code   RO          126    i.affichage_cartesien  main.o
    0x00005838   0x0000009c   Code   RO         2531    i.cos               m_ws.l(cos.o)
    0x000058d4   0x00000030   Code   RO         2397    i.dbg_init          RTX_CM3.lib(hal_cm.o)
    0x00005904   0x00000020   Code   RO         2398    i.dbg_task_notify   RTX_CM3.lib(hal_cm.o)
    0x00005924   0x00000010   Code   RO         2399    i.dbg_task_switch   RTX_CM3.lib(hal_cm.o)
    0x00005934   0x0000002c   Code   RO          296    i.delay_ms          glcd_mcb1700.o
    0x00005960   0x00000064   Code   RO          237    i.init_PWM6         driver.o
    0x000059c4   0x0000002c   Code   RO         1254    i.isrMessagePut     RTX_CM3.lib(rt_cmsis.o)
    0x000059f0   0x00000024   Code   RO         1256    i.isrSignalSet      RTX_CM3.lib(rt_cmsis.o)
    0x00005a14   0x00000028   Code   RO         2081    i.isr_evt_set       RTX_CM3.lib(rt_event.o)
    0x00005a3c   0x0000000e   Code   RO         2200    i.isr_mbx_send      RTX_CM3.lib(rt_mailbox.o)
    0x00005a4a   0x00000002   PAD
    0x00005a4c   0x000000b8   Code   RO          127    i.main              main.o
    0x00005b04   0x00000040   Code   RO          128    i.myUART_callback   main.o
    0x00005b44   0x00000018   Code   RO         1257    i.osDelay           RTX_CM3.lib(rt_cmsis.o)
    0x00005b5c   0x00000024   Code   RO         1258    i.osKernelInitialize  RTX_CM3.lib(rt_cmsis.o)
    0x00005b80   0x0000006c   Code   RO         1260    i.osKernelStart     RTX_CM3.lib(rt_cmsis.o)
    0x00005bec   0x00000018   Code   RO         1284    i.osSignalSet       RTX_CM3.lib(rt_cmsis.o)
    0x00005c04   0x00000018   Code   RO         1285    i.osSignalWait      RTX_CM3.lib(rt_cmsis.o)
    0x00005c1c   0x0000002c   Code   RO         1286    i.osThreadCreate    RTX_CM3.lib(rt_cmsis.o)
    0x00005c48   0x00000018   Code   RO         1287    i.osThreadExit      RTX_CM3.lib(rt_cmsis.o)
    0x00005c60   0x00000022   Code   RO          483    i.os_error          rtx_conf_cm.o
    0x00005c82   0x00000004   Code   RO          484    i.os_idle_demon     rtx_conf_cm.o
    0x00005c86   0x00000002   PAD
    0x00005c88   0x00000028   Code   RO         1991    i.os_tick_init      RTX_CM3.lib(rt_system.o)
    0x00005cb0   0x00000002   Code   RO         1992    i.os_tick_irqack    RTX_CM3.lib(rt_system.o)
    0x00005cb2   0x00000002   PAD
    0x00005cb4   0x00000044   Code   RO          297    i.rd_dat            glcd_mcb1700.o
    0x00005cf8   0x000000c8   Code   RO          298    i.rd_id_man         glcd_mcb1700.o
    0x00005dc0   0x00000010   Code   RO          299    i.rd_reg            glcd_mcb1700.o
    0x00005dd0   0x0000001a   Code   RO         2345    i.rt_alloc_box      RTX_CM3.lib(rt_membox.o)
    0x00005dea   0x0000003e   Code   RO         2373    i.rt_alloc_mem      RTX_CM3.lib(rt_memory.o)
    0x00005e28   0x00000038   Code   RO         1872    i.rt_block          RTX_CM3.lib(rt_task.o)
    0x00005e60   0x00000048   Code   RO         2322    i.rt_chk_robin      RTX_CM3.lib(rt_robin.o)
    0x00005ea8   0x00000070   Code   RO         2123    i.rt_dec_dly        RTX_CM3.lib(rt_list.o)
    0x00005f18   0x00000044   Code   RO         1873    i.rt_dispatch       RTX_CM3.lib(rt_task.o)
    0x00005f5c   0x00000006   Code   RO         2289    i.rt_dly_wait       RTX_CM3.lib(rt_time.o)
    0x00005f62   0x00000002   PAD
    0x00005f64   0x00000050   Code   RO         2084    i.rt_evt_psh        RTX_CM3.lib(rt_event.o)
    0x00005fb4   0x0000005c   Code   RO         2085    i.rt_evt_set        RTX_CM3.lib(rt_event.o)
    0x00006010   0x0000003c   Code   RO         2086    i.rt_evt_wait       RTX_CM3.lib(rt_event.o)
    0x0000604c   0x0000002c   Code   RO         2346    i.rt_free_box       RTX_CM3.lib(rt_membox.o)
    0x00006078   0x00000028   Code   RO         2374    i.rt_free_mem       RTX_CM3.lib(rt_memory.o)
    0x000060a0   0x00000028   Code   RO         2124    i.rt_get_first      RTX_CM3.lib(rt_list.o)
    0x000060c8   0x00000048   Code   RO         1874    i.rt_init_context   RTX_CM3.lib(rt_task.o)
    0x00006110   0x0000001a   Code   RO         2375    i.rt_init_mem       RTX_CM3.lib(rt_memory.o)
    0x0000612a   0x00000002   PAD
    0x0000612c   0x00000018   Code   RO         2323    i.rt_init_robin     RTX_CM3.lib(rt_robin.o)
    0x00006144   0x00000080   Code   RO         2400    i.rt_init_stack     RTX_CM3.lib(hal_cm.o)
    0x000061c4   0x00000008   Code   RO         2201    i.rt_mbx_check      RTX_CM3.lib(rt_mailbox.o)
    0x000061cc   0x0000001a   Code   RO         2202    i.rt_mbx_init       RTX_CM3.lib(rt_mailbox.o)
    0x000061e6   0x00000002   PAD
    0x000061e8   0x000000f0   Code   RO         2203    i.rt_mbx_psh        RTX_CM3.lib(rt_mailbox.o)
    0x000062d8   0x00000044   Code   RO         1304    i.rt_ms2tick        RTX_CM3.lib(rt_cmsis.o)
    0x0000631c   0x000000d8   Code   RO         1958    i.rt_mut_release    RTX_CM3.lib(rt_mutex.o)
    0x000063f4   0x00000078   Code   RO         1959    i.rt_mut_wait       RTX_CM3.lib(rt_mutex.o)
    0x0000646c   0x0000007c   Code   RO         1995    i.rt_pop_req        RTX_CM3.lib(rt_system.o)
    0x000064e8   0x00000020   Code   RO         1996    i.rt_psh_req        RTX_CM3.lib(rt_system.o)
    0x00006508   0x0000005c   Code   RO         2126    i.rt_psq_enq        RTX_CM3.lib(rt_list.o)
    0x00006564   0x00000048   Code   RO         2127    i.rt_put_dly        RTX_CM3.lib(rt_list.o)
    0x000065ac   0x00000036   Code   RO         2128    i.rt_put_prio       RTX_CM3.lib(rt_list.o)
    0x000065e2   0x00000002   PAD
    0x000065e4   0x00000014   Code   RO         2129    i.rt_put_rdy_first  RTX_CM3.lib(rt_list.o)
    0x000065f8   0x00000034   Code   RO         2130    i.rt_resort_prio    RTX_CM3.lib(rt_list.o)
    0x0000662c   0x00000006   Code   RO         2401    i.rt_ret_val        RTX_CM3.lib(hal_cm.o)
    0x00006632   0x00000008   Code   RO         2402    i.rt_ret_val2       RTX_CM3.lib(hal_cm.o)
    0x0000663a   0x00000028   Code   RO         2131    i.rt_rmv_dly        RTX_CM3.lib(rt_list.o)
    0x00006662   0x00000002   PAD
    0x00006664   0x00000030   Code   RO         2132    i.rt_rmv_list       RTX_CM3.lib(rt_list.o)
    0x00006694   0x00000034   Code   RO         2250    i.rt_sem_psh        RTX_CM3.lib(rt_semaphore.o)
    0x000066c8   0x00000024   Code   RO         1998    i.rt_stk_check      RTX_CM3.lib(rt_system.o)
    0x000066ec   0x00000028   Code   RO         1875    i.rt_switch_req     RTX_CM3.lib(rt_task.o)
    0x00006714   0x000000cc   Code   RO         1876    i.rt_sys_init       RTX_CM3.lib(rt_task.o)
    0x000067e0   0x00000078   Code   RO         1877    i.rt_sys_start      RTX_CM3.lib(rt_task.o)
    0x00006858   0x00000040   Code   RO         2000    i.rt_systick        RTX_CM3.lib(rt_system.o)
    0x00006898   0x00000012   Code   RO         1305    i.rt_tid2ptcb       RTX_CM3.lib(rt_cmsis.o)
    0x000068aa   0x00000002   PAD
    0x000068ac   0x00000034   Code   RO         1306    i.rt_timer_insert   RTX_CM3.lib(rt_cmsis.o)
    0x000068e0   0x00000088   Code   RO         1878    i.rt_tsk_create     RTX_CM3.lib(rt_task.o)
    0x00006968   0x0000017c   Code   RO         1879    i.rt_tsk_delete     RTX_CM3.lib(rt_task.o)
    0x00006ae4   0x0000007c   Code   RO         1881    i.rt_tsk_prio       RTX_CM3.lib(rt_task.o)
    0x00006b60   0x00000010   Code   RO         1882    i.rt_tsk_self       RTX_CM3.lib(rt_task.o)
    0x00006b70   0x00000030   Code   RO          129    i.sendLidar         main.o
    0x00006ba0   0x000000a0   Code   RO         2539    i.sin               m_ws.l(sin.o)
    0x00006c40   0x0000002c   Code   RO          300    i.spi_tran          glcd_mcb1700.o
    0x00006c6c   0x00000088   Code   RO          301    i.spi_tran_man      glcd_mcb1700.o
    0x00006cf4   0x00000012   Code   RO         1308    i.svcDelay          RTX_CM3.lib(rt_cmsis.o)
    0x00006d06   0x00000002   PAD
    0x00006d08   0x00000070   Code   RO         1309    i.svcKernelInitialize  RTX_CM3.lib(rt_cmsis.o)
    0x00006d78   0x00000048   Code   RO         1311    i.svcKernelStart    RTX_CM3.lib(rt_cmsis.o)
    0x00006dc0   0x00000024   Code   RO         1314    i.svcMessageCreate  RTX_CM3.lib(rt_cmsis.o)
    0x00006de4   0x00000024   Code   RO         1327    i.svcSignalSet      RTX_CM3.lib(rt_cmsis.o)
    0x00006e08   0x00000054   Code   RO         1328    i.svcSignalWait     RTX_CM3.lib(rt_cmsis.o)
    0x00006e5c   0x0000006c   Code   RO         1329    i.svcThreadCreate   RTX_CM3.lib(rt_cmsis.o)
    0x00006ec8   0x0000001c   Code   RO         1330    i.svcThreadGetId    RTX_CM3.lib(rt_cmsis.o)
    0x00006ee4   0x00000038   Code   RO         1333    i.svcThreadTerminate  RTX_CM3.lib(rt_cmsis.o)
    0x00006f1c   0x0000005c   Code   RO         1344    i.sysTimerTick      RTX_CM3.lib(rt_cmsis.o)
    0x00006f78   0x0000004c   Code   RO          302    i.wr_cmd            glcd_mcb1700.o
    0x00006fc4   0x0000004c   Code   RO          303    i.wr_dat            glcd_mcb1700.o
    0x00007010   0x00000034   Code   RO          304    i.wr_dat_only       glcd_mcb1700.o
    0x00007044   0x00000018   Code   RO          305    i.wr_dat_start      glcd_mcb1700.o
    0x0000705c   0x00000014   Code   RO          306    i.wr_dat_stop       glcd_mcb1700.o
    0x00007070   0x00000090   Code   RO          307    i.wr_reg            glcd_mcb1700.o
    0x00007100   0x0000002c   Code   RO         2671    locale$$code        c_w.l(lc_numeric_c.o)
    0x0000712c   0x00000062   Code   RO         2508    x$fpl$d2f           fz_ws.l(d2f.o)
    0x0000718e   0x00000002   PAD
    0x00007190   0x00000150   Code   RO         2673    x$fpl$dadd          fz_ws.l(daddsub_clz.o)
    0x000072e0   0x00000010   Code   RO         2748    x$fpl$dcheck1       fz_ws.l(dcheck1.o)
    0x000072f0   0x000002b0   Code   RO         2511    x$fpl$ddiv          fz_ws.l(ddiv.o)
    0x000075a0   0x0000005e   Code   RO         2514    x$fpl$dfix          fz_ws.l(dfix.o)
    0x000075fe   0x0000002e   Code   RO         2519    x$fpl$dflt          fz_ws.l(dflt_clz.o)
    0x0000762c   0x00000026   Code   RO         2518    x$fpl$dfltu         fz_ws.l(dflt_clz.o)
    0x00007652   0x00000002   PAD
    0x00007654   0x00000154   Code   RO         2524    x$fpl$dmul          fz_ws.l(dmul.o)
    0x000077a8   0x0000009c   Code   RO         2564    x$fpl$dnaninf       fz_ws.l(dnaninf.o)
    0x00007844   0x0000000c   Code   RO         2566    x$fpl$dretinf       fz_ws.l(dretinf.o)
    0x00007850   0x00000016   Code   RO         2674    x$fpl$drsb          fz_ws.l(daddsub_clz.o)
    0x00007866   0x00000002   PAD
    0x00007868   0x000001d4   Code   RO         2675    x$fpl$dsub          fz_ws.l(daddsub_clz.o)
    0x00007a3c   0x00000056   Code   RO         2526    x$fpl$f2d           fz_ws.l(f2d.o)
    0x00007a92   0x0000008c   Code   RO         2568    x$fpl$fnaninf       fz_ws.l(fnaninf.o)
    0x00007b1e   0x0000000a   Code   RO         2570    x$fpl$fretinf       fz_ws.l(fretinf.o)
    0x00007b28   0x00000004   Code   RO         2528    x$fpl$printf1       fz_ws.l(printf1.o)
    0x00007b2c   0x00000064   Code   RO         2779    x$fpl$retnan        fz_ws.l(retnan.o)
    0x00007b90   0x0000005c   Code   RO         2681    x$fpl$scalbn        fz_ws.l(scalbn.o)
    0x00007bec   0x00000030   Code   RO         2789    x$fpl$trapveneer    fz_ws.l(trapv.o)
    0x00007c1c   0x00000000   Code   RO         2572    x$fpl$usenofp       fz_ws.l(usenofp.o)
    0x00007c1c   0x00000020   Data   RO          131    .constdata          main.o
    0x00007c3c   0x000018a0   Data   RO          265    .constdata          glcd_fonts.o
    0x000094dc   0x00000068   Data   RO          486    .constdata          rtx_conf_cm.o
    0x00009544   0x0000007c   Data   RO          568    .constdata          ssp_lpc17xx.o
    0x000095c0   0x0000027c   Data   RO          783    .constdata          uart_lpc17xx.o
    0x0000983c   0x00000004   PAD
    0x00009840   0x00000030   Data   RO         2574    .constdata          m_ws.l(cos_i.o)
    0x00009870   0x000000c8   Data   RO         2592    .constdata          m_ws.l(rred.o)
    0x00009938   0x00000028   Data   RO         2596    .constdata          m_ws.l(sin_i.o)
    0x00009960   0x00000094   Data   RO         2646    .constdata          c_w.l(bigflt0.o)
    0x000099f4   0x00000030   Data   RO         2819    Region$$Table       anon$$obj.o
    0x00009a24   0x0000001c   Data   RO         2670    locale$$data        c_w.l(lc_numeric_c.o)


    Execution Region RW_IRAM1 (Base: 0x10000000, Size: 0x00002b0c, Max: 0x00008000, ABSOLUTE)

    Base Addr    Size         Type   Attr      Idx    E Section Name        Object

    0x10000000   0x00002b0c   Zero   RW          485    .bss                rtx_conf_cm.o


    Execution Region RW_IRAM2 (Base: 0x2007c000, Size: 0x000019c0, Max: 0x00008000, ABSOLUTE)

    Base Addr    Size         Type   Attr      Idx    E Section Name        Object

    0x2007c000   0x00000018   Data   RW          132    .data               main.o
    0x2007c018   0x00000011   Data   RW          308    .data               glcd_mcb1700.o
    0x2007c029   0x00000003   PAD
    0x2007c02c   0x00000014   Data   RW          487    .data               rtx_conf_cm.o
    0x2007c040   0x00000010   Data   RW          569    .data               ssp_lpc17xx.o
    0x2007c050   0x00000008   Data   RW          784    .data               uart_lpc17xx.o
    0x2007c058   0x00000008   Data   RW         1040    .data               gpdma_lpc17xx.o
    0x2007c060   0x00000004   Data   RW         1219    .data               system_lpc17xx.o
    0x2007c064   0x00000008   Data   RW         1347    .data               RTX_CM3.lib(rt_cmsis.o)
    0x2007c06c   0x00000008   Data   RW         1884    .data               RTX_CM3.lib(rt_task.o)
    0x2007c074   0x00000008   Data   RW         2003    .data               RTX_CM3.lib(rt_system.o)
    0x2007c07c   0x00000004   Data   RW         2293    .data               RTX_CM3.lib(rt_time.o)
    0x2007c080   0x00000008   Data   RW         2324    .data               RTX_CM3.lib(rt_robin.o)
    0x2007c088   0x00000001   Data   RW         2403    .data               RTX_CM3.lib(hal_cm.o)
    0x2007c089   0x00000003   PAD
    0x2007c08c   0x00001540   Zero   RW          130    .bss                main.o
    0x2007d5cc   0x00000028   Zero   RW          567    .bss                ssp_lpc17xx.o
    0x2007d5f4   0x00000068   Zero   RW          782    .bss                uart_lpc17xx.o
    0x2007d65c   0x000000a0   Zero   RW         1039    .bss                gpdma_lpc17xx.o
    0x2007d6fc   0x00000034   Zero   RW         1883    .bss                RTX_CM3.lib(rt_task.o)
    0x2007d730   0x00000030   Zero   RW         2133    .bss                RTX_CM3.lib(rt_list.o)
    0x2007d760   0x00000060   Zero   RW         2461    .bss                c_w.l(libspace.o)
    0x2007d7c0   0x00000000   Zero   RW         1205    HEAP                startup_lpc17xx.o
    0x2007d7c0   0x00000200   Zero   RW         1204    STACK               startup_lpc17xx.o


==============================================================================

Image component sizes


      Code (inc. data)   RO Data    RW Data    ZI Data      Debug   Object Name

       100         14          0          0          0        440   driver.o
         0          0       6304          0          0        736   glcd_fonts.o
      2938        104          0         17          0      19782   glcd_mcb1700.o
      1204         94          0          8        160       8062   gpdma_lpc17xx.o
       104          8          0          0          0      21662   gpio.o
       172         18          0          0          0       2294   gpio_lpc17xx.o
      1312        254         32         24       5440      16657   main.o
       252          6          0          0          0        804   pin_lpc17xx.o
       170         38        104         20      11020       9631   rtx_conf_cm.o
      3896        106        124         16         40      53267   ssp_lpc17xx.o
        64         26        204          0        512        992   startup_lpc17xx.o
       320         18          0          4          0        799   system_lpc17xx.o
      6144        242        636          8        104      41396   uart_lpc17xx.o

    ----------------------------------------------------------------------
     16688        928       7456        100      17276     176522   Object Totals
         0          0         48          0          0          0   (incl. Generated)
        12          0          4          3          0          0   (incl. Padding)

    ----------------------------------------------------------------------

      Code (inc. data)   RO Data    RW Data    ZI Data      Debug   Library Member Name

       238         24          0          1          0       3312   hal_cm.o
       304         36          0          0          0        768   hal_cm3.o
      1144        144          0          8          0      32327   rt_cmsis.o
       272         18          0          0          0       2650   rt_event.o
       530         34          0          0         48       8253   rt_list.o
       288          4          0          0          0       2425   rt_mailbox.o
       140          0          0          0          0       1925   rt_membox.o
       128          0          0          0          0       2307   rt_memory.o
       336         14          0          0          0       1643   rt_mutex.o
        96         22          0          8          0       1158   rt_robin.o
        52          4          0          0          0        573   rt_semaphore.o
       298         52          0          8          0       6223   rt_system.o
      1216        174          0          8         52       9649   rt_task.o
         6          0          0          4          0        652   rt_time.o
         4          4          0          0          0        208   svc_table.o
         8          0          0          0          0         68   __main.o
       284          0          0          0          0        156   __printf_wp.o
         0          0          0          0          0          0   __rtentry.o
        20          0          0          0          0          0   __rtentry2.o
         6          0          0          0          0          0   __rtentry4.o
        52          8          0          0          0          0   __scatter.o
        26          0          0          0          0          0   __scatter_copy.o
        28          0          0          0          0          0   __scatter_zi.o
        48          6          0          0          0         96   _printf_char_common.o
         6          0          0          0          0          0   _printf_d.o
       120         16          0          0          0         92   _printf_dec.o
         6          0          0          0          0          0   _printf_f.o
      1050          0          0          0          0        216   _printf_fp_dec.o
       128         16          0          0          0         84   _printf_fp_infnan.o
       178          0          0          0          0         88   _printf_intcommon.o
        78          0          0          0          0        108   _printf_pad.o
         0          0          0          0          0          0   _printf_percent.o
         4          0          0          0          0          0   _printf_percent_end.o
        22          0          0          0          0        100   _rserrno.o
        10          0          0          0          0         68   _sputc.o
       220          4        148          0          0         96   bigflt0.o
      1910        128          0          0          0        672   btod.o
        18          0          0          0          0         80   exit.o
         6          0          0          0          0        152   heapauxi.o
         0          0          0          0          0          0   indicate_semi.o
        44         10         28          0          0         76   lc_numeric_c.o
         2          0          0          0          0          0   libinit.o
        18          0          0          0          0          0   libinit2.o
         2          0          0          0          0          0   libshutdown.o
         2          0          0          0          0          0   libshutdown2.o
         8          4          0          0         96         68   libspace.o
       138          0          0          0          0         80   lludiv10.o
       238          0          0          0          0        100   lludivv7m.o
        40          6          0          0          0         84   noretval__2sprintf.o
         4          0          0          0          0         68   rt_errno_addr_twolibspace.o
        10          0          0          0          0         76   rt_locale_twolibspace.o
        78          0          0          0          0         80   rt_memclr_w.o
         2          0          0          0          0          0   rtexit.o
        10          0          0          0          0          0   rtexit2.o
       128          0          0          0          0         68   strcmpv7m.o
        12          4          0          0          0         68   sys_exit.o
        74          0          0          0          0         80   sys_stackheap_outer.o
         2          0          0          0          0         68   use_no_semi.o
        98          4          0          0          0         92   d2f.o
       826         16          0          0          0        348   daddsub_clz.o
        16          4          0          0          0         68   dcheck1.o
       688        140          0          0          0        208   ddiv.o
        94          4          0          0          0         92   dfix.o
        84          0          0          0          0        136   dflt_clz.o
       340         12          0          0          0        104   dmul.o
       156          4          0          0          0         92   dnaninf.o
        12          0          0          0          0         68   dretinf.o
        86          4          0          0          0         84   f2d.o
       140          4          0          0          0         84   fnaninf.o
        10          0          0          0          0         68   fretinf.o
         4          0          0          0          0         68   printf1.o
       100          0          0          0          0         68   retnan.o
        92          0          0          0          0         68   scalbn.o
        48          0          0          0          0         68   trapv.o
         0          0          0          0          0          0   usenofp.o
       156          8          0          0          0        104   cos.o
       252         22         48          0          0        124   cos_i.o
        34          6          0          0          0        204   dunder.o
        40          0          0          0          0         68   fpclassify.o
       170          0          0          0          0         96   poly.o
       904         76        200          0          0        140   rred.o
       160         10          0          0          0        108   sin.o
       236         12         40          0          0        128   sin_i.o

    ----------------------------------------------------------------------
     14880       1058        464         40        196      79753   Library Totals
        42          0          0          3          0          0   (incl. Padding)

    ----------------------------------------------------------------------

      Code (inc. data)   RO Data    RW Data    ZI Data      Debug   Library Name

      5052        530          0         37        100      74073   RTX_CM3.lib
      5040        202        176          0         96       2992   c_w.l
      2794        192          0          0          0       1716   fz_ws.l
      1952        134        288          0          0        972   m_ws.l

    ----------------------------------------------------------------------
     14880       1058        464         40        196      79753   Library Totals

    ----------------------------------------------------------------------

==============================================================================


      Code (inc. data)   RO Data    RW Data    ZI Data      Debug   

     31568       1986       7920        140      17472     242803   Grand Totals
     31568       1986       7920        140      17472     242803   ELF Image Totals
     31568       1986       7920        140          0          0   ROM Totals

==============================================================================

    Total RO  Size (Code + RO Data)                39488 (  38.56kB)
    Total RW  Size (RW Data + ZI Data)             17612 (  17.20kB)
    Total ROM Size (Code + RO Data + RW Data)      39628 (  38.70kB)

==============================================================================

